Testing types with tsc and vue-tsc is an experimental feature.
Breaking changes might not follow SemVer, please pin Vitest's version when using it.

 RUN  v3.2.7 /home/wangjian/nomicore-fix-issue-364

 ✓ packages/namespace-runtime/test/runtime-readdata-projection-text-red.test.ts (32 tests) 116ms
 ✓ packages/vfsl/test/render-projection-text.test.ts (144 tests) 156ms
 ✓ packages/namespace-runtime/test/runtime-readdata-shape-budget-red.test.ts (27 tests) 79ms
 ✓  TS  packages/namespace-registry/test/registry-data-interface.test-d.ts (2 tests)
 ✓  TS  packages/namespace-registry/test/registry-readdata-budget-passthrough.test-d.ts (2 tests)
 ✓  TS  packages/namespace-registry/test/registry-readdata-projection-text.test-d.ts (1 test)
 ✓  TS  packages/namespace-registry/test/registry-readdata-schema-red.test-d.ts (1 test)
 ✓  TS  packages/namespace-runtime/test/runtime-data-interface.test-d.ts (3 tests)
 ✓  TS  packages/namespace-runtime/test/runtime-readdata-projection-text.test-d.ts (2 tests)
 ✓  TS  packages/namespace-runtime/test/runtime-readdata-schema-red.test-d.ts (2 tests)
 ✓  TS  packages/namespace-runtime/test/runtime-readdata-shape-budget.test-d.ts (2 tests)
 ✓ packages/namespace-runtime/test/runtime-readdata-schema-projection-red.test.ts (15 tests) 43ms
 ✓ packages/namespace-runtime/test/runtime-readdata-schema-projection-control.test.ts (7 tests) 34ms
 ✓ packages/namespace-runtime/test/runtime-readdata-projection-text-control.test.ts (9 tests) 33ms
 ✓ packages/namespace-registry/test/readdata-docs-adr0016-sync-control.test.ts (35 tests) 29ms
 ✓ packages/namespace-runtime/test/runtime-readdata-int-range.test.ts (10 tests) 24ms
 ✓ packages/namespace-registry/test/registry-readdata-projection-text-red.test.ts (6 tests) 22ms
 ✓ packages/namespace-runtime/test/runtime-readdata-shape-budget-control.test.ts (5 tests) 22ms
 ✓ packages/namespace-runtime/test/runtime-readdata-hostile-path-guard.test.ts (4 tests) 19ms
 ✓ packages/namespace-registry/test/registry-readdata-budget-passthrough.test.ts (5 tests) 17ms
 ✓ packages/namespace-runtime/test/readdata-shape-assertion-consolidation-gate.test.ts (24 tests) 6ms
 ✓ packages/namespace-registry/test/readdata-docs-adr0016-sync-red.test.ts (8 tests) 4ms

 Test Files  22 passed (22)
      Tests  346 passed (346)
Type Errors  no errors
   Start at  22:07:52
   Duration  5.28s (transform 633ms, setup 0ms, collect 2.86s, tests 604ms, environment 2ms, prepare 601ms, typecheck 1.90s)

FOCUSED_EXIT=0
