
 RUN  v3.2.7 /home/wangjian/nomicore-fix-issue-450

 × packages/ws-replication/test/ws-replication-issue450-flow-lifecycle.test.ts > issue #450 BPK — γ 账本投影越界 ⇒ CONNECTION_BACKPRESSURE(1011) 收口整条连接 > BPK-C1/C2（无证据传输形态）：300 笔大突发 ⇒ 恰一 1011 收口；零 RESYNC_REQUIRED / 零 resync-required / 零 fatal 信号 / 缝词汇闭集合 123ms
   → wire 连接级 ERROR{CONNECTION_BACKPRESSURE} 恰一: expected +0 to be 1 // Object.is equality
 × packages/ws-replication/test/ws-replication-issue450-flow-lifecycle.test.ts > issue #450 BPK — γ 账本投影越界 ⇒ CONNECTION_BACKPRESSURE(1011) 收口整条连接 > BPK-C4（生产拓扑形态：bufferedAmount 在场、只增不 advance）：压力期 > highWater 仍放行盖章；投影越界 ⇒ 恰一 1011 56ms
   → 翼(ii)：水位 > highWater 后 data 帧仍被放行盖章（暂停项不再先制账本守卫）: expected 0 to be greater than 0
 ✓ packages/ws-replication/test/ws-replication-issue450-flow-lifecycle.test.ts > issue #450 BPK — γ 账本投影越界 ⇒ CONNECTION_BACKPRESSURE(1011) 收口整条连接 > BPK-C3/MEM-NC1（负控：F1 持续 advance = 及时消费）⇒ 零越界零死亡、全帧放行盖章 27ms
 ✓ packages/ws-replication/test/ws-replication-issue450-flow-lifecycle.test.ts > issue #450 BPK — γ 账本投影越界 ⇒ CONNECTION_BACKPRESSURE(1011) 收口整条连接 > BPK-NC1（β 登记差负控）：同步缝同压力编排 ⇒ ns 级 RESYNC_REQUIRED{send-failed} + 连接存活、零 CONNECTION_BACKPRESSURE 27ms
 ✓ packages/ws-replication/test/ws-replication-issue450-flow-lifecycle.test.ts > issue #450 BPK — γ 账本投影越界 ⇒ CONNECTION_BACKPRESSURE(1011) 收口整条连接 > BPK-NC2（漏置位形态负控）：γ 桥 + 缺省装配 ⇒ 前置门弹回（unsealed 递增）+ 零收口 + 存活；ackTimeout 后 ns 级 resync 36ms
 × packages/ws-replication/test/ws-replication-issue450-flow-lifecycle.test.ts > issue #450 OVS — 单帧超连接级上限 ⇒ 配置错误定性响亮收口（FRAME_TOO_LARGE/1009） > OVS-C1：20480B 直驱帧（cap 16384）⇒ 返回 0 + 恰一 ERROR{FRAME_TOO_LARGE} + close 1009 + 诊断恰一；无「返回 0 且连接存活」形态 3ms
   → wire 连接级 ERROR{FRAME_TOO_LARGE} 恰一: expected +0 to be 1 // Object.is equality
 ✓ packages/ws-replication/test/ws-replication-issue450-flow-lifecycle.test.ts > issue #450 OVS — 单帧超连接级上限 ⇒ 配置错误定性响亮收口（FRAME_TOO_LARGE/1009） > OVS-NC1/NC2：cap 充裕（65536）+ 注入前清账 ⇒ 同帧放行出站且零收口；界内小帧照常放行（严格大于判据不变） 5ms
 ✓ packages/ws-replication/test/ws-replication-issue450-flow-lifecycle.test.ts > issue #450 DROP/FLUSH — 收口后静默丢弃与 close 冲刷（AC3） > DROP-C1：扣留 session→edge；收口前放行同帧 ⇒ 正常盖章；收口后放行后到帧/settled ⇒ 零盖章/零回执/零新 wire/零新事件 5ms
 ✓ packages/ws-replication/test/ws-replication-issue450-flow-lifecycle.test.ts > issue #450 DROP/FLUSH — 收口后静默丢弃与 close 冲刷（AC3） > FLUSH-C1：maxInFlightUpdates=1 + 扣留在管帧 ⇒ 送达 close：close() 同 promise 幂等、closeCalls=1；冲刷后零 RESYNC_REQUIRED、迟到回执良性 6ms
 ✓ packages/ws-replication/test/ws-replication-issue450-flow-lifecycle.test.ts > issue #450 DROP/FLUSH — 收口后静默丢弃与 close 冲刷（AC3） > FLUSH-C2（判别力负控）：无 close 的同扣留编排 ⇒ 必达 RESYNC_REQUIRED{ack-timeout}×1（冲刷断言非恒真） 4ms
 ✓ packages/ws-replication/test/ws-replication-issue450-flow-lifecycle.test.ts > issue #450 REVOKE — terminateUnauthorized 不溯及已推帧（AC4） > REVOKE-C1：已推帧盖章后 revoke ⇒ 回执在 FIFO 消费序中 strict 先于 terminateUnauthorized；ns failed、连接存活 4ms
 ✓ packages/ws-replication/test/ws-replication-issue450-flow-lifecycle.test.ts > issue #450 REVOKE — terminateUnauthorized 不溯及已推帧（AC4） > REVOKE-NC1（幂等负控）：重复 revoke ⇒ 零第二次 NAMESPACE_UNAUTHORIZED、零新收口 2ms
 ✓ packages/ws-replication/test/ws-replication-issue450-flow-lifecycle.test.ts > issue #450 DRAIN — settled 晚到与 closeTimeoutMs 逃生舱（AC5） > DRAIN-C1：reauth GOAWAY 后 settled 未达 ⇒ 到点前零收口、到点恰 close(1001,hub-reauth)；收口后晚达 settled 零二次收口 3ms
 ✓ packages/ws-replication/test/ws-replication-issue450-flow-lifecycle.test.ts > issue #450 DRAIN — settled 晚到与 closeTimeoutMs 逃生舱（AC5） > DRAIN-C1（早达形态）：drain 窗口内 ns settled ⇒ 提前收口（< deadline） 3ms
 ✓ packages/ws-replication/test/ws-replication-issue450-flow-lifecycle.test.ts > issue #450 DRAIN — settled 晚到与 closeTimeoutMs 逃生舱（AC5） > DRAIN-NC1（逃生舱敏感）：注入 2× closeTimeoutMs ⇒ 收口时刻随配置移动（参数未被软化） 5ms
 ✓ packages/ws-replication/test/ws-replication-issue450-flow-lifecycle.test.ts > issue #450 OPENWP — OPEN 水位原值不误收口 / 打穿响亮收口（γ 缝 + F2 延迟解析） > OPENWP-C1（并发闸形态）：恰 4 并发 deferred OPEN 零收口；resolve 后台账归还 2ms
 ✓ packages/ws-replication/test/ws-replication-issue450-flow-lifecycle.test.ts > issue #450 OPENWP — OPEN 水位原值不误收口 / 打穿响亮收口（γ 缝 + F2 延迟解析） > OPENWP-C2（并发闸打穿）：第 5 个并发 OPEN ⇒ 恰一 CONNECTION_POLICY_VIOLATION + close(1008) + quiesce 1ms
 ✓ packages/ws-replication/test/ws-replication-issue450-flow-lifecycle.test.ts > issue #450 OPENWP — OPEN 水位原值不误收口 / 打穿响亮收口（γ 缝 + F2 延迟解析） > OPENWP-C1（帧闸形态）：1 OPEN + 15 缓冲早期帧（恰 16）零收口；resolve 后按序冲刷 1ms
 ✓ packages/ws-replication/test/ws-replication-issue450-flow-lifecycle.test.ts > issue #450 OPENWP — OPEN 水位原值不误收口 / 打穿响亮收口（γ 缝 + F2 延迟解析） > OPENWP-C2（帧闸打穿）：1 OPEN + 16 缓冲帧（第 17 项）⇒ 恰一 CONNECTION_POLICY_VIOLATION + close(1008) 1ms
 ✓ packages/ws-replication/test/ws-replication-issue450-flow-lifecycle.test.ts > issue #450 MEM — 逐跳有界与死亡释放（session 队列跳 / edge 账本跳判然两分） > MEM-C1（session 队列跳）：小 maxQueuedUpdateBytes 构型 + 扣留 ⇒ 既有 queue-overflow 声明（ns 级）+ 连接存活 15ms
 × packages/ws-replication/test/ws-replication-issue450-flow-lifecycle.test.ts > issue #450 MEM — 逐跳有界与死亡释放（session 队列跳 / edge 账本跳判然两分） > MEM-C1b/MEM-C2（edge 账本跳 + 死亡释放）：越界 ⇒ 1011 死亡（非静默丢帧充当上限）；teardown 后零 pending 泄漏与零新观测 39ms
   → wire 连接级 ERROR{CONNECTION_BACKPRESSURE} 恰一: expected +0 to be 1 // Object.is equality
 ✓ packages/ws-replication/test/ws-replication-issue450-flow-lifecycle.test.ts > issue #450 PUB — 缺省装配零传不变性 > 缺省零传：γ 桥不置位标记 ⇒ 成功路径逐字节正常（HEAD 语义保留） 3ms

⎯⎯⎯⎯⎯⎯⎯ Failed Tests 4 ⎯⎯⎯⎯⎯⎯⎯

 FAIL  packages/ws-replication/test/ws-replication-issue450-flow-lifecycle.test.ts > issue #450 BPK — γ 账本投影越界 ⇒ CONNECTION_BACKPRESSURE(1011) 收口整条连接 > BPK-C1/C2（无证据传输形态）：300 笔大突发 ⇒ 恰一 1011 收口；零 RESYNC_REQUIRED / 零 resync-required / 零 fatal 信号 / 缝词汇闭集合
AssertionError: wire 连接级 ERROR{CONNECTION_BACKPRESSURE} 恰一: expected +0 to be 1 // Object.is equality

- Expected
+ Received

- 1
+ 0

 ❯ assertFatalClosure packages/ws-replication/test/ws-replication-issue450-flow-lifecycle.test.ts:131:71
    129|   wsCloseCode: number,
    130| ): Promise<void> {
    131|   expect(connectionErrors(round, code), `wire 连接级 ERROR{${code}} 恰一`).…
       |                                                                       ^
    132|   expect(round.hubClosed(), 'hub 侧 transport 已收口').toBe(true);
    133|   expect(round.peerCloseInfo(), 'WS close code（静态 reason）').toEqual({
 ❯ packages/ws-replication/test/ws-replication-issue450-flow-lifecycle.test.ts:164:11

⎯⎯⎯⎯⎯⎯⎯⎯⎯⎯⎯⎯⎯⎯⎯⎯⎯⎯⎯⎯⎯⎯⎯⎯[1/4]⎯

 FAIL  packages/ws-replication/test/ws-replication-issue450-flow-lifecycle.test.ts > issue #450 BPK — γ 账本投影越界 ⇒ CONNECTION_BACKPRESSURE(1011) 收口整条连接 > BPK-C4（生产拓扑形态：bufferedAmount 在场、只增不 advance）：压力期 > highWater 仍放行盖章；投影越界 ⇒ 恰一 1011
AssertionError: 翼(ii)：水位 > highWater 后 data 帧仍被放行盖章（暂停项不再先制账本守卫）: expected 0 to be greater than 0
 ❯ packages/ws-replication/test/ws-replication-issue450-flow-lifecycle.test.ts:186:7
    184|       samples.length,
    185|       '翼(ii)：水位 > highWater 后 data 帧仍被放行盖章（暂停项不再先制账本守卫）',
    186|     ).toBeGreaterThan(0);
       |       ^
    187|     await assertFatalClosure(round, 'CONNECTION_BACKPRESSURE', 1011);
    188|     await assertNoGammaRejection(round);

⎯⎯⎯⎯⎯⎯⎯⎯⎯⎯⎯⎯⎯⎯⎯⎯⎯⎯⎯⎯⎯⎯⎯⎯[2/4]⎯

 FAIL  packages/ws-replication/test/ws-replication-issue450-flow-lifecycle.test.ts > issue #450 OVS — 单帧超连接级上限 ⇒ 配置错误定性响亮收口（FRAME_TOO_LARGE/1009） > OVS-C1：20480B 直驱帧（cap 16384）⇒ 返回 0 + 恰一 ERROR{FRAME_TOO_LARGE} + close 1009 + 诊断恰一；无「返回 0 且连接存活」形态
AssertionError: wire 连接级 ERROR{FRAME_TOO_LARGE} 恰一: expected +0 to be 1 // Object.is equality

- Expected
+ Received

- 1
+ 0

 ❯ assertFatalClosure packages/ws-replication/test/ws-replication-issue450-flow-lifecycle.test.ts:131:71
    129|   wsCloseCode: number,
    130| ): Promise<void> {
    131|   expect(connectionErrors(round, code), `wire 连接级 ERROR{${code}} 恰一`).…
       |                                                                       ^
    132|   expect(round.hubClosed(), 'hub 侧 transport 已收口').toBe(true);
    133|   expect(round.peerCloseInfo(), 'WS close code（静态 reason）').toEqual({
 ❯ packages/ws-replication/test/ws-replication-issue450-flow-lifecycle.test.ts:319:11

⎯⎯⎯⎯⎯⎯⎯⎯⎯⎯⎯⎯⎯⎯⎯⎯⎯⎯⎯⎯⎯⎯⎯⎯[3/4]⎯

 FAIL  packages/ws-replication/test/ws-replication-issue450-flow-lifecycle.test.ts > issue #450 MEM — 逐跳有界与死亡释放（session 队列跳 / edge 账本跳判然两分） > MEM-C1b/MEM-C2（edge 账本跳 + 死亡释放）：越界 ⇒ 1011 死亡（非静默丢帧充当上限）；teardown 后零 pending 泄漏与零新观测
AssertionError: wire 连接级 ERROR{CONNECTION_BACKPRESSURE} 恰一: expected +0 to be 1 // Object.is equality

- Expected
+ Received

- 1
+ 0

 ❯ assertFatalClosure packages/ws-replication/test/ws-replication-issue450-flow-lifecycle.test.ts:131:71
    129|   wsCloseCode: number,
    130| ): Promise<void> {
    131|   expect(connectionErrors(round, code), `wire 连接级 ERROR{${code}} 恰一`).…
       |                                                                       ^
    132|   expect(round.hubClosed(), 'hub 侧 transport 已收口').toBe(true);
    133|   expect(round.peerCloseInfo(), 'WS close code（静态 reason）').toEqual({
 ❯ packages/ws-replication/test/ws-replication-issue450-flow-lifecycle.test.ts:741:11

⎯⎯⎯⎯⎯⎯⎯⎯⎯⎯⎯⎯⎯⎯⎯⎯⎯⎯⎯⎯⎯⎯⎯⎯[4/4]⎯


 Test Files  1 failed (1)
      Tests  4 failed | 18 passed (22)
   Start at  19:24:44
   Duration  1.49s (transform 697ms, setup 0ms, collect 954ms, tests 376ms, environment 0ms, prepare 53ms)
