# SA3 #337 final state (post-mutation-restore) date: 2026-09-12T20:13:27Z
# cmd: sha256sum -c + tsc -p packages/vfsl-protocol/tsconfig.json + vitest --typecheck
packages/vfsl-protocol/src/index.ts: OK
packages/vfsl-codegen/src/protocol-surface.ts: OK
Testing types with tsc and vue-tsc is an experimental feature.
Breaking changes might not follow SemVer, please pin Vitest's version when using it.

 RUN  v3.2.7 /home/wangjian/nomicore-fix-issue-337

 ✓  TS  packages/vfsl-codegen/test/generate-discriminated-narrow.test-d.ts (6 tests)
 ✓  TS  packages/vfsl-protocol/test/vfsl-protocol-budget-access.test-d.ts (20 tests)
 ✓  TS  packages/vfsl-protocol/test/vfsl-protocol-deep-optional.test-d.ts (19 tests)
 ✓  TS  packages/vfsl-protocol/test/vfsl-protocol-empty-fail-closed.test-d.ts (3 tests)
 ✓  TS  packages/vfsl-protocol/test/vfsl-protocol-projection.test-d.ts (16 tests)
 ✓ packages/vfsl-codegen/test/generate-cli-check.test.ts (8 tests) 5663ms
   ✓ AC4 — pnpm generate 存在且幂等（全量重新生成 + 写盘） > pnpm generate 命令存在且成功退出（退出码 0）——被测 CLI 存在的事实锚点  484ms
   ✓ 单领域自定义输出 > 将指定领域生成到宿主 package 路径，内容与默认 projection 逐字节相同  937ms
   ✓ 单领域自定义输出参数与 freshness > 自定义输出 --check：fresh=0；stale/missing=1 且不写盘  1654ms
   ✓ 单领域自定义输出参数与 freshness > 无效参数响亮失败：["generate","--domain","demo"]  413ms
   ✓ 单领域自定义输出参数与 freshness > 无效参数响亮失败：["generate","--out","x.ts"]  358ms
   ✓ 单领域自定义输出参数与 freshness > 无效参数响亮失败：["generate","--domain","missing","--out","x.ts"]  376ms
   ✓ AC4 — generate --check 对过期生成物退出非零，对新鲜生成物退出 0 > generate 后再 --check → diff 为空 → 退出 0（新鲜生成物）  719ms
   ✓ AC4 — generate --check 对过期生成物退出非零，对新鲜生成物退出 0 > 源漂移后 --check → 退出非零（源改动 → 重新生成后 diff 非空）  720ms
 ✓ packages/vfsl-codegen/test/generate-union-member-docs.test.ts (33 tests) 2306ms
   ✓ 负控 — 存量 domains：生成物逐字节不变、`pnpm generate --check` 不报过期 > 仓根 `pnpm generate --check` 新鲜退出 0（regenerate 与盘上 diff 为空）  367ms
   ✓ 端到端 — CLI：成员 doc 写盘 + --check 新鲜闭环（默认格式与 semicolonFree） > 默认格式：generated.ts 含四发射位文案，`--check` 退出 0  704ms
   ✓ 端到端 — CLI：成员 doc 写盘 + --check 新鲜闭环（默认格式与 semicolonFree） > semicolonFree：同布局零分号、`--check --semicolon-free` 退出 0  707ms
   ✓ 类型面 — 带成员 doc 的生成物孤立 tsc 零诊断（注释不改变类型形状） > 默认格式：生成物写盘后 pre-emit 诊断为零  307ms
 ✓ packages/vfsl-codegen/test/generate-semicolon-free.test.ts (12 tests) 1763ms
   ✓ issue #222 — CLI --semicolon-free：生成与 --check 同格式闭环 > generate --semicolon-free 写盘产物零分号；--check --semicolon-free 新鲜退出 0（无消费端后处理）  726ms
   ✓ issue #222 — CLI --semicolon-free：生成与 --check 同格式闭环 > 格式错配必报过期：semicolon-free 产物用默认 --check 比较 → 退出 1（两格式字节互斥，防混用静默）  736ms
 ✓ packages/vfsl-codegen/test/generate-protocol-import.test.ts (5 tests) 501ms
 ✓ packages/vfsl-codegen/test/generate-alias-collision-guard.test.ts (4 tests) 387ms
   ✓ AC-3 — CLI 端到端：碰撞域响亮失败（exit 2 + 结构化 stderr，非 exit 0 静默产出） > pnpm generate 对碰撞域 → exit 2，stderr 含独立错误码与碰撞别名  376ms
 ✓ packages/vfsl-codegen/test/generate-error-message-tail.test.ts (4 tests) 376ms
   ✓ AC-4 — CLI 端到端：错误消息尾串经结构化 stderr 可见（exit 2） > 异形 ROOT 域经 pnpm generate → exit 2 且 stderr 消息尾串 = 见 #44  369ms
 ✓ packages/vfsl-codegen/test/generate-mapping-table.test.ts (13 tests) 16ms
 ✓ packages/vfsl-codegen/test/generate-discriminated-emission.test.ts (10 tests) 12ms
 ✓ packages/vfsl-protocol/test/vfsl-protocol-empty-module.test.ts (1 test) 2ms

 Test Files  14 passed (14)
      Tests  154 passed (154)
Type Errors  no errors
   Start at  04:13:28
   Duration  13.56s (transform 188ms, setup 0ms, collect 1.36s, tests 11.03s, environment 1ms, prepare 381ms, typecheck 1.86s)
