PASS [S] S1 接缝导出存在 :: typeof applyElementwiseArrayMutation=function
PASS [S] S2 接缝接受非 union T[] 计划 :: plan.kind=array node.kind=array result={"ok":true}
PASS [S] S3 接缝对 union 数组计划 fail closed :: plan.kind=array node.kind=union result={"ok":false,"issues":[{"message":"逐元素数组校验要求边界值节点为 array（实际 union）；union 数组目标永久走 applyMutationAtBoundary 整体验证（ADR 0033 决策 1）","path":["uarr"]}]}
FAIL [G1] G1a 污染数组 delete（变更区间外非法）现状 :: result={"ok":true}；before=["oops",1,2,3,4,5]
FAIL [G1] G1b 污染数组 insert（合法新值 + 区间外污染）现状 :: result={"ok":true}
FAIL [G1] G1c 批量信封内污染数组 delete 现状 :: result={"ok":true}
FAIL [G2] G2a insert-append n=512 读计数 ∝ n（现状） :: reads=1（阈值 n=512）result={"ok":true}
FAIL [G2] G2b delete n=512 读计数 ∝ n（现状） :: reads=0（阈值 n=512）result={"ok":true}
FAIL [G2] G2c 越界 delete 先整数组提取再拒（现状） :: reads=0（阈值 n=512）result={"ok":false,"issues":[{"message":"array-delete 范围越界（不 clamp、不接受越界 no-op）","path":["items",512]}]}
FAIL [G2] G2a insert-append n=4096 读计数 ∝ n（现状） :: reads=1（阈值 n=4096）result={"ok":true}
FAIL [G2] G2b delete n=4096 读计数 ∝ n（现状） :: reads=0（阈值 n=4096）result={"ok":true}
FAIL [G2] G2c 越界 delete 先整数组提取再拒（现状） :: reads=0（阈值 n=4096）result={"ok":false,"issues":[{"message":"array-delete 范围越界（不 clamp、不接受越界 no-op）","path":["items",4096]}]}
INFO [G2] 规模/成本读数 [{"op":"insert-append","n":512,"reads":1,"ms":0.299},{"op":"insert-append","n":4096,"reads":1,"ms":0.187}]
PASS [G2] G2d 反证：批量出口 toArray 的整数组提取被读计数器计入 n :: reads=64 snapshotLen=64
FAIL [G5] G5 成本随 n 增长（软证据） :: n=10^3 0.2ms vs n=10^5 0.3ms（×1.4）
FAIL [G4] G4a insert：区间外元素被 observer 篡改 → 现状 E201-C :: thrown=undefined
FAIL [G4] G4b delete：区间外元素被 observer 篡改 → 现状 E201-C :: thrown=undefined
PASS [U] U1 union 数组目标的计划形状 :: kind=array node.kind=union
PASS [U] U2 union 穿越（成员内数组）的计划形状 :: kind=union node.kind=union
PASS [U] U3 union 数组目标 + 污染 delete 现状（legacy 拒绝） :: result={"ok":false,"issues":[{"message":"联合成员 1/2：类型不匹配：期望 number，实际 boolean","path":["uarr",0]}]}
PASS [U] U4 union 数组目标：区间外篡改 → 现状 E201-C（双核） :: thrown=DOCRT-E201: mutation 边界安装后一致性校验偏离（边界 ROOT[0]）：键 "0" 读回 99 与对照安装读回 1 不等价（ROOT[0]）——疑似 observer 修改已安装边界；写入已提交，不回滚、不补偿，doc 保持 observer 留下的实际状态
PASS [U] U5 union 穿越数组 + 污染 delete 现状（legacy 拒绝） :: result={"ok":false,"issues":[{"message":"联合成员 1/2：类型不匹配：期望 number，实际 boolean","path":["umem","items",0]}]}
PASS [U] U6 union 数组目标干净 insert 现状（legacy 正常接受） :: result={"ok":true} uarr=[1,9,2,3]
PASS [U] U7 union 数组目标干净 delete 现状（legacy 正常接受） :: result={"ok":true} uarr=[1,3]
PASS [O] O1 API 提交终态 ≡ 手写最小 edit（字节） :: api=229B manual=229B equal=true result={"ok":true}
PASS [O] O2 API 提交 update 事件 ≡ 手写最小 edit（单事件字节） :: apiEvents=1 manualEvents=1 deltaEqual=true
PASS [O] O3 API delete 终态 ≡ 手写最小 edit（字节） :: bytesEqual=true
PASS [O] O4 反证：clear+rebuild 提交形态终态字节 ≠ API 最小 edit（oracle 敏感） :: api=229B rebuild=228B differ=true
PASS [O] O5 反证：clear+rebuild 的 update 增量 ≠ API 最小 edit（事件 oracle 敏感） :: differ=true
PASS [N] N1 越界 delete：逐字消息 + 零写入 + 零 update :: result={"ok":false,"issues":[{"message":"array-delete 范围越界（不 clamp、不接受越界 no-op）","path":["items",5]}]} updates=0
PASS [N] N2 越界 insert：逐字消息 + 零写入 :: result={"ok":false,"issues":[{"message":"array-insert index 越界（不 clamp）","path":["items",6]}]} updates=0
PASS [N] N3 insert 非法新值：元素 issue 路径（插入后位置） :: result={"ok":false,"issues":[{"message":"类型不匹配：期望 number，实际 string","path":["items",2]}]}
PASS [N] N4 index === length append 接受（不 clamp） :: result={"ok":true} updates=1 items=[1,2,3,4,5,6]
PASS [N] N5 安装事实核（长度算术）现状：append 干扰 → E201-C committed :: thrown=DOCRT-E201: mutation 边界安装后一致性校验偏离（边界 ROOT）：array-insert 后长度 7 ≠ 期望 6——疑似 observer 干扰——疑似 observer 修改已安装边界；写入已提交，不回滚、不补偿，doc 保持 observer 留下的实
PASS [N] N6 安装事实核（插入项同一性）现状：覆写插入项 → E201-C :: thrown=DOCRT-E201: mutation 边界安装后一致性校验偏离（边界 ROOT[5]）：array-insert 下标 5 与安装值不同一——疑似 observer 干扰——疑似 observer 修改已安装边界；写入已提交，不回滚、不补偿，doc 保持 observer 留
PASS [N] N7 安装事实核（delete 长度算术）现状：重插元素 → E201-C :: thrown=DOCRT-E201: mutation 边界安装后一致性校验偏离（边界 ROOT）：array-delete 后长度 5 ≠ 期望 4——疑似 observer 干扰——疑似 observer 修改已安装边界；写入已提交，不回滚、不补偿，doc 保持 observer 留下的实
PASS [N] N8 批量信封干净数组 op 现状（ok:true + 终态正确） :: result={"ok":true} items=[1,2,42,3,4,5] n={"ok":true,"value":2}
PASS [N] N9 delete index+count === length 接受（不 clamp）现状 :: result={"ok":true} items=[1,2,3]
PASS [N] N10 复制面：增量 update 应用对端后逻辑值一致 :: events=1 replica={"ok":true,"value":[1,2,3,22,4,5]}
SUMMARY checks=38 failures=12
