Testing types with tsc and vue-tsc is an experimental feature.
Breaking changes might not follow SemVer, please pin Vitest's version when using it.

 RUN  v3.2.7 /home/wangjian/nomicore-fix-issue-412

 ✓ packages/persistence/test/doc-delete-sa7-realtime.test.ts (2 tests) 359ms
 ✓ packages/persistence/test/file-persistence.test.ts (22 tests) 205ms
 ✓ packages/persistence/test/memory-persistence.test.ts (42 tests) 123ms
 ✓ packages/persistence/test/persistence-phase5-archive-red.test.ts (23 tests) 75ms
 ✓ packages/persistence/test/persistence-issue-412-drain-red.test.ts (27 tests) 112ms
 ✓ packages/persistence/test/persistence-sa7-phase5-bootstrap-dynamic.test.ts (14 tests) 75ms
 ✓  TS  packages/persistence/test/persistence-issue-412-drain-surface.test-d.ts (5 tests)
 ✓  TS  packages/persistence/test/persistence-phase5-archive-surface.test-d.ts (5 tests)
 ✓ packages/persistence/test/file-persistence-sa7-dynamic.test.ts (4 tests) 39ms
 ✓ packages/persistence/test/persistence-phase5-import-red.test.ts (14 tests) 28ms
 ✓ packages/persistence/test/persistence-issue-412-drain-semantics.test.ts (9 tests) 40ms
 ✓ packages/persistence/test/issue-79-file-entry-status.test.ts (2 tests) 28ms
 ✓ packages/persistence/test/persistence-phase5-bootstrap-reset-r2.test.ts (11 tests) 40ms
 ✓ packages/persistence/test/doc-delete-storage.test.ts (8 tests) 20ms
 ✓ packages/persistence/test/issue-79-entry-status.test.ts (6 tests) 20ms
 ✓ packages/persistence/test/doc-delete-semantics.test.ts (7 tests) 67ms
 ✓ packages/persistence/test/persistence-encode-fatal.test.ts (1 test) 18ms
 ✓ packages/persistence/test/sa7-supplementary.test.ts (3 tests) 14ms
 ✓ packages/persistence/test/core-dsh-boundary.test.ts (6 tests) 13ms
 ✓ packages/persistence/test/persistence-contract.test.ts (6 tests) 10ms
 ✓ packages/persistence/test/module-graph-regression.test.ts (4 tests) 9ms

 Test Files  21 passed (21)
      Tests  221 passed (221)
Type Errors  no errors
   Start at  11:33:39
   Duration  7.35s (transform 539ms, setup 0ms, collect 1.95s, tests 1.29s, environment 3ms, prepare 1.25s, typecheck 3.54s)
