
 RUN  v3.2.7 /home/wangjian/nomicore-fix-issue-412

 ✓ apps/yjs-server/test/smoke-skeleton-red.test.ts (5 tests) 4770ms
   ✓ T3-skeleton real-process smoke (design §5-T3 minimized / AC7/AC2) > deployable hub rejects missing and invalid bearer credentials before WebSocket upgrade  419ms
   ✓ T3-skeleton real-process smoke (design §5-T3 minimized / AC7/AC2) > hub emits provisioned→listening(actual port)→ready; peer authenticates static target; verify-write converges to hub read; SIGTERM exits 0  909ms
   ✓ T3-skeleton real-process smoke (design §5-T3 minimized / AC7/AC2) > clean shutdown releases the rootDir lock: same rootDir restarts and reads back the durable value  1370ms
   ✓ T3-skeleton real-process smoke (design §5-T3 minimized / AC7/AC2) > a second instance sharing an active file root is rejected loudly (lock guard, AC2)  710ms
   ✓ T3-skeleton real-process smoke (design §5-T3 minimized / AC7/AC2) > SIGTERM is delivered to the app process itself: a busy event loop still completes the drain chain and exits 0  1361ms
 ✓ apps/yjs-server/test/host-diagnostic-restart-resume.test.ts (1 test) 4194ms
   ✓ issue #228 — T-H6 重启续写：正常重启（无删除）→ current.json 续写同一 stream、记录 sequence 连续（AC2 restart 正向 host 级锚） > boot1（provision + 写）干净停机 → boot2（同根、直引恢复）再写：streamId 不变、恰一流、sequence 1..N 跨 boot 连续、数据恢复一致、strict 全绿  4193ms
 ✓ apps/yjs-server/test/host-namespace-delete-diagnostic-link-red.test.ts (4 tests) 3953ms
   ✓ issue #228 — Host namespace 数据删除 ⇄ 诊断日志逻辑删除联动（AC1；PROPOSAL op `delete-namespace`） > D1 同步联动：delete-namespace ack(ok:true) 后同一周期内数据快照与诊断日志（locator/manifests/JSONL/BIN/marker/indexes 所在目录树）逻辑删除完成，进程干净停机  514ms
   ✓ issue #228 — Host namespace 数据删除 ⇄ 诊断日志逻辑删除联动（AC1；PROPOSAL op `delete-namespace`） > D2 幂等收敛：已删除 namespace 二次 delete-namespace 仍回执 ok:true（重入无失败、目录保持 absent）  529ms
   ✓ issue #228 — Host namespace 数据删除 ⇄ 诊断日志逻辑删除联动（AC1；PROPOSAL op `delete-namespace`） > D3 参数门：非法 namespaceId → ok:false/code:invalid-op-args，进程不退出  508ms
   ✓ issue #228 — Host namespace 数据删除 ⇄ 诊断日志逻辑删除联动（AC1；PROPOSAL op `delete-namespace`） > D4 重启不复活已删流：delete ack 后进程重启健康 ready；重启重建（provision 语义）只产生全新 generation——已删旧 stream/快照绝不复活（无 stale 复活、无 deletion marker 残留面）  2401ms
 ✓ packages/ws-replication/test/ws-replication-sa7-issue171-real-transport.test.ts (4 tests) 3631ms
   ✓ SA7 RT-F1（issue #171，SA4 §4.1）：真实 TCP + 真实 timer 下 GOAWAY drain 窗口 removeTarget——deadline 关 socket 触发本地 onClose 后资源收口恰一次 > RT-F1：live → GOAWAY(RESTARTING) → 窗口内 removeTarget → deadline close(1001) 本地 onClose → lease-released 恰一次 + watchdog 零空转 + 字段清空  1802ms
   ✓ SA7 RT-F1（issue #171，SA4 §4.1）：真实 TCP + 真实 timer 下 GOAWAY drain 窗口 removeTarget——deadline 关 socket 触发本地 onClose 后资源收口恰一次 > RT-G5：GOAWAY 收帧同步静默——drain 窗口内 peer 业务写零 UPDATE 出站；deadline 才关 transport；deadline 全量层处置 lease 恰一次  1547ms
 ✓ packages/vfsl-codegen/test/generate-semicolon-free.test.ts (12 tests) 1869ms
   ✓ issue #222 — semicolonFree 生成物孤立 tsc 可编译（ASI 安全性实证） > 生成文本写盘后 pre-emit 诊断为零（含多行字面量/联合/可选字段/接口成员的 ASI 边界）  335ms
   ✓ issue #222 — CLI --semicolon-free：生成与 --check 同格式闭环 > generate --semicolon-free 写盘产物零分号；--check --semicolon-free 新鲜退出 0（无消费端后处理）  775ms
   ✓ issue #222 — CLI --semicolon-free：生成与 --check 同格式闭环 > 格式错配必报过期：semicolon-free 产物用默认 --check 比较 → 退出 1（两格式字节互斥，防混用静默）  743ms
 ✓ packages/ws-replication/test/ws-replication-sa7-r2-transport.test.ts (2 tests) 1071ms
   ✓ issue #137 R2 SA7：真实 transport control 额度边界抽样（真实 TCP + 真实 bufferedAmount） > A（存活侧）：真实暂停段 + 缺省 8MiB 额度内 control 流量（4 ns × 32 ACK = 128 ≈ 7.3KiB）——全部上 wire、零 ERROR、连接 ready  407ms
   ✓ issue #137 R2 SA7：真实 transport control 额度边界抽样（真实 TCP + 真实 bufferedAmount） > B（耗尽侧）：真实暂停段 + 跨越显式 64KiB 对照额度的 control 流量（40 ns × 32 ACK = 1280 ≈ 73KiB）——恰 1 ERROR(CONNECTION_BACKPRESSURE) + close(1011) + peer backoff  662ms
 ✓ apps/yjs-server/test/persistence-drain-shutdown.test.ts (3 tests) 588ms
   ✓ issue #412 S-5b：degraded store（file）停机链 = 预算内收口 + 诚实降级 + 有损可观察 > 持续写失败 → stop() 预算内返回、persistence-drain-budget-exceeded 先于 dispose、四事件序完整、旧快照可见  532ms
 ✓ packages/vfsl-codegen/test/generate-protocol-import.test.ts (5 tests) 588ms
   ✓ AC-1 — 生成物原样（孤立 program）tsc --noEmit 可编译（编译级锚） > 具名别名域生成物孤立编译零诊断（N1：TS2304/TS2664 治愈锚）  361ms
 ✓ packages/namespace-diagnostic-log/test/file-adapter-reopen-roll-repair.test.ts (52 tests) 328ms
 ✓ apps/yjs-server/test/ordered-shutdown-red.test.ts (2 tests) 292ms
 ✓ packages/ws-replication/test/ws-replication-sa6-hardening-g3-g4-red.test.ts (16 tests) 216ms
 ✓ apps/yjs-server/test/issue-393-manager-export-and-skill-docs-red.test.ts (6 tests) 173ms
 ✓ packages/ws-replication/test/ws-replication-issue244-sa7-dynamic.test.ts (11 tests) 167ms
 ✓ packages/namespace-diagnostic-log/test/input-capture.test.ts (26 tests) 149ms
 ✓ packages/ws-replication/test/ws-replication-auth-lifecycle-red.test.ts (20 tests) 138ms
 ✓ packages/ws-replication/test/ws-replication-issue137-r2-red.test.ts (9 tests) 131ms
 ✓ packages/ws-replication/test/ws-replication-sa7-issue137-dynamic.test.ts (8 tests) 108ms
 ✓ packages/namespace-registry/test/issue-389-sa7-dynamic-verification.test.ts (7 tests) 110ms
 ✓ packages/ws-replication/test/ws-replication-issue287-schema-rearm.test.ts (13 tests) 119ms
 ✓ packages/namespace-diagnostic-log/test/record-vocabulary.test.ts (29 tests) 95ms
 ✓ packages/ws-replication/test/ws-replication-issue254-ac-red.test.ts (6 tests) 93ms
 ✓ packages/namespace-registry/test/registry-sa7-rev1.test.ts (6 tests) 98ms
 ✓ packages/ws-replication/test/ws-replication-issue230-incremental-mutation.test.ts (2 tests) 87ms
 ✓ packages/namespace-registry/test/issue-369-window-read-lease-contract-red.test.ts (33 tests) 89ms
 ✓ packages/namespace-runtime/test/runtime-close-sa7-dynamic.test.ts (4 tests) 81ms
 ✓ packages/namespace-diagnostic-log/test/file-adapter-retention-lease-gate.test.ts (8 tests) 88ms
 ✓ packages/namespace-diagnostic-log/test/file-adapter-sa7-repair-io.test.ts (4 tests) 79ms
 ✓ packages/ws-replication/test/ws-replication-spec-b1-b2-red.test.ts (5 tests) 76ms
 ✓ packages/namespace-runtime/test/runtime-readdata-shape-budget-red.test.ts (27 tests) 69ms
 ✓ packages/namespace-api/test/rest-create-hub-contract.test.ts (17 tests) 70ms
stdout | packages/ws-replication/test/ws-replication-issue239-repro.test.ts > issue #239：periodic reconciliation 语义 no-op 可观测（修复后语义，翻转断言） > 场景 1：已收敛副本 7 轮 periodic round —— bytes 恒非零但观察面明确报全 noop（roundId 关联 + 效果组）
[issue239 repro] no-op round 1: hub sent/applied = [10]/[10] B, peer sent/applied = [10]/[10] B

stdout | packages/ws-replication/test/ws-replication-issue239-repro.test.ts > issue #239：periodic reconciliation 语义 no-op 可观测（修复后语义，翻转断言） > 场景 1：已收敛副本 7 轮 periodic round —— bytes 恒非零但观察面明确报全 noop（roundId 关联 + 效果组）
[issue239 repro] no-op round 2: hub sent/applied = [10]/[10] B, peer sent/applied = [10]/[10] B

stdout | packages/ws-replication/test/ws-replication-issue239-repro.test.ts > issue #239：periodic reconciliation 语义 no-op 可观测（修复后语义，翻转断言） > 场景 1：已收敛副本 7 轮 periodic round —— bytes 恒非零但观察面明确报全 noop（roundId 关联 + 效果组）
[issue239 repro] no-op round 3: hub sent/applied = [10]/[10] B, peer sent/applied = [10]/[10] B

stdout | packages/ws-replication/test/ws-replication-issue239-repro.test.ts > issue #239：periodic reconciliation 语义 no-op 可观测（修复后语义，翻转断言） > 场景 1：已收敛副本 7 轮 periodic round —— bytes 恒非零但观察面明确报全 noop（roundId 关联 + 效果组）
[issue239 repro] no-op round 4: hub sent/applied = [10]/[10] B, peer sent/applied = [10]/[10] B

stdout | packages/ws-replication/test/ws-replication-issue239-repro.test.ts > issue #239：periodic reconciliation 语义 no-op 可观测（修复后语义，翻转断言） > 场景 1：已收敛副本 7 轮 periodic round —— bytes 恒非零但观察面明确报全 noop（roundId 关联 + 效果组）
[issue239 repro] no-op round 5: hub sent/applied = [10]/[10] B, peer sent/applied = [10]/[10] B

stdout | packages/ws-replication/test/ws-replication-issue239-repro.test.ts > issue #239：periodic reconciliation 语义 no-op 可观测（修复后语义，翻转断言） > 场景 1：已收敛副本 7 轮 periodic round —— bytes 恒非零但观察面明确报全 noop（roundId 关联 + 效果组）
[issue239 repro] no-op round 6: hub sent/applied = [10]/[10] B, peer sent/applied = [10]/[10] B

stdout | packages/ws-replication/test/ws-replication-issue239-repro.test.ts > issue #239：periodic reconciliation 语义 no-op 可观测（修复后语义，翻转断言） > 场景 1：已收敛副本 7 轮 periodic round —— bytes 恒非零但观察面明确报全 noop（roundId 关联 + 效果组）
[issue239 repro] no-op round 7: hub sent/applied = [10]/[10] B, peer sent/applied = [10]/[10] B
[issue239 repro] no-op 事件字段形状（去重）: ["connectionId,from,side,to,type","connectionId,from,namespaceId,side,to,type","bytes,connectionId,encodedUpdateBytes,namespaceId,side,syncRoundId,type","applyEffect,bytes,connectionId,encodedUpdateBytes,namespaceId,sequence,side,stateVectorAfterHash,stateVectorBeforeHash,stateVectorChanged,syncRoundId,type","from,side,to,type"]

stdout | packages/ws-replication/test/ws-replication-issue239-repro.test.ts > issue #239：periodic reconciliation 语义 no-op 可观测（修复后语义，翻转断言） > 场景 2：静默漂移修复 round —— 观察面必须报 changed（与实测 SV 增量一一对应）；修复后 next round 回 noop（非粘滞）
[issue239 repro] drift-repair round: hub sent/applied = [36]/[10] B, peer sent/applied = [10]/[36] B

stdout | packages/ws-replication/test/ws-replication-issue239-repro.test.ts > issue #239：periodic reconciliation 语义 no-op 可观测（修复后语义，翻转断言） > 场景 2：静默漂移修复 round —— 观察面必须报 changed（与实测 SV 增量一一对应）；修复后 next round 回 noop（非粘滞）
[issue239 repro] 修复后 no-op 事件字段形状（去重）: ["bytes,connectionId,encodedUpdateBytes,namespaceId,side,syncRoundId,type","applyEffect,bytes,connectionId,encodedUpdateBytes,namespaceId,sequence,side,stateVectorAfterHash,stateVectorBeforeHash,stateVectorChanged,syncRoundId,type","connectionId,from,namespaceId,side,to,type"]

 ✓ packages/ws-replication/test/ws-replication-issue239-repro.test.ts (2 tests) 68ms
 ✓ packages/ws-replication/test/ws-replication-ac4-reconcile.test.ts (5 tests) 64ms
 ✓ packages/namespace-runtime/test/issue-350-batch-shared-boundary.test.ts (2 tests) 58ms
 ✓ packages/namespace-diagnostic-log/test/file-adapter-layout.test.ts (17 tests) 63ms
stdout | packages/ws-replication/test/ws-replication-issue233-repro.test.ts > issue #233 复现：超限 UPDATE 丢弃 + 全量 reconciliation 回退（现状刻画） > R1：单笔 20KB 合法写 → 零 UPDATE / resync 声明 / 同一载荷改走控制帧全量 diff
[issue233 repro R1] {
  "scenario": "R1 single 20KB write, maxUpdateBytes=8192",
  "updateFramesCarryingBigWrite": 0,
  "resyncRounds": 1,
  "step2DiffBytesPeerToHub": [
    2,
    20029
  ],
  "wire": {
    "peerToHub": {
      "OPEN_NAMESPACE": {
        "count": 1,
        "bytes": 59
      },
      "BOOTSTRAP_ACK": {
        "count": 1,
        "bytes": 57
      },
      "SYNC_STEP1": {
        "count": 2,
        "bytes": 136
      },
      "SYNC_STEP2": {
        "count": 2,
        "bytes": 20151
      },
      "SYNC_APPLIED": {
        "count": 2,
        "bytes": 116
      },
      "RESYNC_REQUIRED": {
        "count": 1,
        "bytes": 76
      }
    },
    "hubToPeer": {
      "OPEN_OK": {
        "count": 1,
        "bytes": 91
      },
      "BOOTSTRAP_SNAPSHOT": {
        "count": 1,
        "bytes": 497
      },
      "SYNC_STEP1": {
        "count": 2,
        "bytes": 130
      },
      "SYNC_STEP2": {
        "count": 2,
        "bytes": 122
      },
      "SYNC_APPLIED": {
        "count": 2,
        "bytes": 116
      }
    }
  }
}

stdout | packages/ws-replication/test/ws-replication-issue233-repro.test.ts > issue #233 复现：超限 UPDATE 丢弃 + 全量 reconciliation 回退（现状刻画） > R2：连续两笔大写 → 两轮 resync（持续大写重复触发完整 round）
[issue233 repro R2] {"scenario":"R2 two consecutive 20KB writes","resyncRounds":2,"step2DiffBytesPeerToHub":[2,20028,20034],"wire":{"peerToHub":{"OPEN_NAMESPACE":{"count":1,"bytes":59},"BOOTSTRAP_ACK":{"count":1,"bytes":57},"SYNC_STEP1":{"count":3,"bytes":205},"SYNC_STEP2":{"count":3,"bytes":40245},"SYNC_APPLIED":{"count":3,"bytes":174},"RESYNC_REQUIRED":{"count":2,"bytes":152}},"hubToPeer":{"OPEN_OK":{"count":1,"bytes":91},"BOOTSTRAP_SNAPSHOT":{"count":1,"bytes":497},"SYNC_STEP1":{"count":3,"bytes":200},"SYNC_STEP2":{"count":3,"bytes":191},"SYNC_APPLIED":{"count":3,"bytes":174}}}}

stdout | packages/ws-replication/test/ws-replication-issue233-repro.test.ts > issue #233 复现：超限 UPDATE 丢弃 + 全量 reconciliation 回退（现状刻画） > R3：diff 超 maxSyncDiffBytes → SYNC_DIFF_TOO_LARGE → namespace 终局 failed（大文档致命尾部）
[issue233 repro R3] {"scenario":"R3 100KB write, maxSyncDiffBytes=32768","namespaceTerminalState":"failed","connectionState":"ready","wire":{"peerToHub":{"OPEN_NAMESPACE":{"count":1,"bytes":59},"BOOTSTRAP_ACK":{"count":1,"bytes":57},"SYNC_STEP1":{"count":2,"bytes":136},"SYNC_STEP2":{"count":1,"bytes":61},"SYNC_APPLIED":{"count":1,"bytes":58},"RESYNC_REQUIRED":{"count":1,"bytes":76},"ERROR":{"count":1,"bytes":117}},"hubToPeer":{"OPEN_OK":{"count":1,"bytes":91},"BOOTSTRAP_SNAPSHOT":{"count":1,"bytes":497},"SYNC_STEP1":{"count":2,"bytes":130},"SYNC_STEP2":{"count":2,"bytes":122},"SYNC_APPLIED":{"count":1,"bytes":58}}}}

 ✓ packages/ws-replication/test/ws-replication-issue233-repro.test.ts (3 tests) 52ms
 ✓ packages/doc-runtime/test/issue-350-batch-shared-boundary.test.ts (10 tests) 50ms
 ✓ packages/replication-protocol/test/codec-roundtrip-truncation.test.ts (8 tests) 69ms
 ✓ packages/namespace-api/test/rest-observer-contract.test.ts (6 tests) 49ms
 ✓ packages/namespace-registry/test/registry-create-diagnostic-code-source.test.ts (6 tests) 54ms
 ✓ packages/namespace-runtime/test/runtime-replication-sa4-probe.test.ts (2 tests) 41ms
 ✓ packages/ws-replication/test/ws-replication-sa7-issue171-dynamic.test.ts (3 tests) 45ms
 ✓ packages/doc-runtime/test/read-logical-value-at-path-shape-budget-guards.test.ts (88 tests) 29ms
 ✓ packages/vfsl/test/docscope-guards.test.ts (6 tests) 32ms
 ✓ packages/vfsl/test/resolve-schema-at-path-member-docs-control.test.ts (9 tests) 35ms
 ✓ packages/namespace-runtime/test/runtime-readdata-int-range.test.ts (10 tests) 27ms
 ✓ packages/vfsl/test/validate-patch.test.ts (36 tests) 33ms
 ✓ domains/vfs3-assets/test/vfs3-assets-tsdoc.test.ts (6 tests) 27ms
 ✓ packages/namespace-runtime/test/runtime-mutate-root-snapshotter-array.test.ts (5 tests) 25ms
 ✓ packages/persistence/test/issue-79-file-entry-status.test.ts (2 tests) 25ms
 ✓ packages/namespace-registry/test/registry-readdata-budget-passthrough.test.ts (5 tests) 18ms
 ✓ packages/namespace-runtime/test/metadata-proto-key.test.ts (6 tests) 18ms
 ✓ packages/vfsl-codegen/test/generate-mapping-table.test.ts (13 tests) 16ms
 ✓ packages/doc-runtime/test/extract-plain-domain.test.ts (9 tests) 15ms
 ✓ packages/vfsl/test/render-projection-text-control.test.ts (7 tests) 14ms
 ✓ packages/instance/test/instance.test.ts (9 tests) 17ms
 ✓ packages/vfsl/test/sc1-schema-id-envelope-validation.test.ts (25 tests) 14ms
 ✓ packages/vfsl/test/evaluate-derived-docs-typecls.test.ts (8 tests) 13ms
 ✓ packages/persistence/test/issue-79-entry-status.test.ts (6 tests) 13ms
 ✓ packages/vfsl/test/compile-schema-envelope-sentinel.test.ts (7 tests) 12ms
 ✓ packages/replication-protocol/test/codec-issue246-doc-contract.test.ts (22 tests) 10ms
 ✓ packages/vfsl/test/evaluate-derived-member-docs.test.ts (6 tests) 10ms
 ✓ packages/replication-protocol/test/codec-malformed.test.ts (37 tests) 11ms
 ✓ packages/vfsl/test/domains-scaffold.test.ts (2 tests) 8ms
 ✓ packages/replication-protocol/test/codec-package-contract.test.ts (5 tests) 8ms
 ✓ packages/clock/test/clock-surface.test.ts (5 tests) 4ms
 ✓ packages/vfsl-protocol/test/vfsl-protocol-empty-module.test.ts (1 test) 2ms

 Test Files  66 passed (66)
      Tests  746 passed (746)
   Start at  11:46:09
   Duration  40.94s (transform 1.43s, setup 0ms, collect 7.56s, tests 24.57s, environment 8ms, prepare 2.85s)
