# Local pre-fix reproduction of the two failing CI matrix signatures (Node v24.13.0, pnpm 10.28.2)
# command: NODE_OPTIONS=--conditions=nomicore-source pnpm exec vitest run packages/ws-replication/test --typecheck.enabled=false --passWithNoTests=false
# result: Test Files 2 failed | 84 passed (86); Tests 8 failed | 750 passed (758); exit 1
# (the 8 failures are exactly the two #423 files' stale internal-splice symbol imports)
 FAIL  packages/ws-replication/test/ws-replication-issue423-observer-emission-split.test.ts > issue #423 EM-C1：发射侧归属 — edge 半边 > EM-C1e（session 半边负控）：独立 session host 零连接域事件（连接域事实不在 session）
TypeError: (0 , createHubSessionHost) is not a function
 FAIL  packages/ws-replication/test/ws-replication-issue423-observer-emission-split.test.ts > issue #423 EM-C3：缺面 dormant — session 侧 shim 无 bufferedAmount/clock/ping-onPong > EM-C3a：shim 无 bufferedAmount → 发送失败事件该键**缺失**（非 0、非 undefined 值）
TypeError: (0 , createHubSessionHost) is not a function
 FAIL  packages/ws-replication/test/ws-replication-issue423-observer-emission-split.test.ts > issue #423 EM-C3：缺面 dormant — session 侧 shim 无 bufferedAmount/clock/ping-onPong > EM-C3b（正控）：bufferedAmount 可观测 → 该键在场且为真实读数（0 与 12 两取值）
TypeError: (0 , createHubSessionHost) is not a function
 FAIL  packages/ws-replication/test/ws-replication-issue423-observer-emission-split.test.ts > issue #423 EM-C3：缺面 dormant — session 侧 shim 无 bufferedAmount/clock/ping-onPong > EM-C3d：无 ping/onPong 面（session 侧无 liveness）→ 全生命周期零 event-loop-delay-sampled
TypeError: (0 , createHubSessionHost) is not a function
 FAIL  packages/ws-replication/test/ws-replication-issue423-observer-emission-split.test.ts > issue #423 EM-C4：出站 sequence 事件（update-sent）由 edge 盖章点发射 > EM-C4b：session 半边不再发射出站 sequence 事件（帧已出站，但 update-sent 不在 session 观测面）
TypeError: (0 , createHubSessionHost) is not a function
 FAIL  packages/ws-replication/test/ws-replication-issue423-sa7-dynamic.test.ts > issue #423 SA7 D-SEAM1：缝上发送记账投影（session 半边，真实高分辨率时钟） > D-SEAM1a：同栈直发 ⇒ 缝上帧为占位序 UPDATE（[8..12]=0）、accounting 在场且为真实时钟域残差（<50ms）
TypeError: (0 , createHubSessionHost) is not a function
 FAIL  packages/ws-replication/test/ws-replication-issue423-sa7-dynamic.test.ts > issue #423 SA7 D-SEAM1：缝上发送记账投影（session 半边，真实高分辨率时钟） > D-SEAM1b：闸门关闭入队后真实驻留 120ms 再出站 ⇒ 缝上 sendQueueMs ≥ 100ms（真实队列驻留差值，非常数）
TypeError: (0 , createHubSessionHost) is not a function
 FAIL  packages/ws-replication/test/ws-replication-issue423-sa7-dynamic.test.ts > issue #423 SA7 D-SEAM1：缝上发送记账投影（session 半边，真实高分辨率时钟） > D-SEAM1c：无 clock 面 ⇒ 缝上 accounting === undefined（零对象构造；帧照常过缝）
TypeError: (0 , createHubSessionHost) is not a function
 Test Files  2 failed | 84 passed (86)
      Tests  8 failed | 750 passed (758)
EXIT=1
