=== mutation M1-bootstrap-anchor-accept-all → ANCHOR3-N1 ===
M1-bootstrap-anchor-accept-all: patched packages/ws-replication/src/hub-namespace.ts
 1 file changed, 1 insertion(+), 5 deletions(-)
vitest exit=1（预期 1 = 契约用例检出变异）
reverted clean
MUTATION M1-bootstrap-anchor-accept-all exit=1
=== mutation M2-pending-anchor-treated-as-stamped → ROUND3-C2 ===
M2-pending-anchor-treated-as-stamped: patched packages/ws-replication/src/round-engine.ts
 1 file changed, 2 insertions(+), 1 deletion(-)
vitest exit=1（预期 1 = 契约用例检出变异）
reverted clean
MUTATION M2-pending-anchor-treated-as-stamped exit=1
=== mutation M3-applied-anchor-backfilled-at-ack → ROUND3-C3 ===
M3-applied-anchor-backfilled-at-ack: patched packages/ws-replication/src/round-engine.ts
 1 file changed, 3 insertions(+)
vitest exit=1（预期 1 = 契约用例检出变异）
reverted clean
MUTATION M3-applied-anchor-backfilled-at-ack exit=1
=== mutation M4-slot-accounting-drops-pending → CHUNK3-C0 ===
M4-slot-accounting-drops-pending: patched packages/ws-replication/src/update-channel.ts
 1 file changed, 1 insertion(+), 1 deletion(-)
vitest exit=1（预期 1 = 契约用例检出变异）
reverted clean
MUTATION M4-slot-accounting-drops-pending exit=1
=== 生产树恢复干净（git diff --stat 为空） ===
