Testing types with tsc and vue-tsc is an experimental feature.
Breaking changes might not follow SemVer, please pin Vitest's version when using it.

 RUN  v3.2.7 /home/wangjian/nomicore-fix-issue-420

 ✓  TS  packages/ws-replication/test/ws-replication-api.test-d.ts (17 tests)
 ✓  TS  packages/ws-replication/test/ws-replication-issue299-api.test-d.ts (2 tests)
 ✓  TS  packages/ws-replication/test/ws-replication-issue420-session-host-api.test-d.ts (0 test)
stdout | packages/ws-replication/test/ws-replication-sa7-r1-transport-auth.test.ts > issue #138 SA7 R1：真实 TCP 认证窗口动态验证（SA4 D3/D4/D5） > D3-①条数界：未认证 socket 灌 40×1MiB → 第 17 帧即 close(1008)、零分配、后续帧零驻留（40MiB 上 wire 活外部内存增量 ≤24MiB）
[SA7-DIAG] D3-① flood40MiB framesParsed=17 extDeltaAfterClose=17.1MiB rssDelta=75.1MiB

stdout | packages/ws-replication/test/ws-replication-sa7-r1-transport-auth.test.ts > issue #138 SA7 R1：真实 TCP 认证窗口动态验证（SA4 D3/D4/D5） > D3-②封顶+回收：认证等待 helloTimeoutMs(2s) 到点 close(1008/upgrade-timeout)；16×1MiB 早到帧活外部内存驻留有界（8–40MiB ≪ 128MiB 结构界）、迟归验证器不复活、放行后驻留释放过半
[SA7-DIAG] D3-② cap16MiB extHeldDelta=17.0MiB extReleasedDelta=1.0MiB rssRawPeak=44.9MiB rssSteady=45.1MiB rssFinal=8.3MiB gc=expose-gc

 ✓ packages/ws-replication/test/ws-replication-sa7-r1-transport-auth.test.ts (5 tests) 4415ms
   ✓ issue #138 SA7 R1：真实 TCP 认证窗口动态验证（SA4 D3/D4/D5） > D3-①条数界：未认证 socket 灌 40×1MiB → 第 17 帧即 close(1008)、零分配、后续帧零驻留（40MiB 上 wire 活外部内存增量 ≤24MiB）  1135ms
   ✓ issue #138 SA7 R1：真实 TCP 认证窗口动态验证（SA4 D3/D4/D5） > D3-②封顶+回收：认证等待 helloTimeoutMs(2s) 到点 close(1008/upgrade-timeout)；16×1MiB 早到帧活外部内存驻留有界（8–40MiB ≪ 128MiB 结构界）、迟归验证器不复活、放行后驻留释放过半  2551ms
   ✓ issue #138 SA7 R1：真实 TCP 认证窗口动态验证（SA4 D3/D4/D5） > D3-③单帧界：首帧 > maxFrameBytes(8MiB) → close(1009)，零协议连接分配、零协议帧  316ms
 ✓ packages/ws-replication/test/ws-replication-sa7-issue171-real-transport.test.ts (4 tests) 3642ms
   ✓ SA7 RT-F1（issue #171，SA4 §4.1）：真实 TCP + 真实 timer 下 GOAWAY drain 窗口 removeTarget——deadline 关 socket 触发本地 onClose 后资源收口恰一次 > RT-F1：live → GOAWAY(RESTARTING) → 窗口内 removeTarget → deadline close(1001) 本地 onClose → lease-released 恰一次 + watchdog 零空转 + 字段清空  1810ms
   ✓ SA7 RT-F1（issue #171，SA4 §4.1）：真实 TCP + 真实 timer 下 GOAWAY drain 窗口 removeTarget——deadline 关 socket 触发本地 onClose 后资源收口恰一次 > RT-G5：GOAWAY 收帧同步静默——drain 窗口内 peer 业务写零 UPDATE 出站；deadline 才关 transport；deadline 全量层处置 lease 恰一次  1553ms
 ✓ packages/ws-replication/test/ws-replication-sa7-issue169-dynamic.test.ts (2 tests) 2289ms
   ✓ issue #169 SA7-D2（SA4 动态重点 2）：Δ≡0 write-through-0 悬崖——真实 TCP 长寿命连接饱和签名 > D2：帧间 settle 节奏下累计 data 超过 cap → data 准入恒拒（RESYNC_REQUIRED 恢复环）/ UPDATE 字节平 / 零 1011、零 close（无终局信号）  2281ms
 ✓ packages/ws-replication/test/ws-replication-sa7-175-dynamic.test.ts (6 tests) 2173ms
   ✓ issue #175 SA7：主动 reauth 生命周期动态验证（SA4 六项动态重点） > D1（SA4 重点 1）：真实 TCP——requestReauth 后 peer 原始 socket 先收 GOAWAY(REAUTH_REQUIRED, drain>0) 再 socket-close；hub close=(1001,"hub-reauth")；全 wire 字节零 token；收口后 blocked 保持零重拨  2136ms
 ✓ packages/ws-replication/test/ws-replication-sa7-issue170-real-transport.test.ts (2 tests) 1528ms
   ✓ SA7 issue #170 真实 transport：pong 超时收口 → backoff 重拨 → hub 只留新连接 → 数据收敛（真实 TCP + 真实 timer） > 真实链路：死对端 pong 超时 close(1001) → 重拨后 hub.connections===1、旧传输零僵尸 ping/零 ws 抛错、新代健康、写值收敛  954ms
   ✓ SA7 issue #170 真实 transport：pong 超时收口 → backoff 重拨 → hub 只留新连接 → 数据收敛（真实 TCP + 真实 timer） > A4 故障注入：适配器 ping() 首调抛错（socket 仍开放）→ liveness catch 吸收 → close(1001,pong-timeout) + backoff → 重连健康收敛（零未捕获异常）  571ms
 ✓ packages/ws-replication/test/ws-replication-sa7-r2-transport.test.ts (2 tests) 1159ms
   ✓ issue #137 R2 SA7：真实 transport control 额度边界抽样（真实 TCP + 真实 bufferedAmount） > A（存活侧）：真实暂停段 + 缺省 8MiB 额度内 control 流量（4 ns × 32 ACK = 128 ≈ 7.3KiB）——全部上 wire、零 ERROR、连接 ready  410ms
   ✓ issue #137 R2 SA7：真实 transport control 额度边界抽样（真实 TCP + 真实 bufferedAmount） > B（耗尽侧）：真实暂停段 + 跨越显式 64KiB 对照额度的 control 流量（40 ns × 32 ACK = 1280 ≈ 73KiB）——恰 1 ERROR(CONNECTION_BACKPRESSURE) + close(1011) + peer backoff  747ms
 ✓ packages/ws-replication/test/ws-replication-issue420-shim-matrix.test.ts (53 tests) 280ms
 ✓ packages/ws-replication/test/ws-replication-issue287-real-transport.test.ts (1 test) 387ms
   ✓ issue #287 real-transport 抽样：真实 TCP 链路的 schema re-arm 全链路 > hub replaceSchema → 真实 wire UPDATE → peer 恰一 schema-rearm-applied（§23.3 字段面）→ 新 tools 业务写收敛；hub 侧零 re-arm 事件  386ms
 ✓ packages/ws-replication/test/ws-replication-issue243-real-transport.test.ts (1 test) 369ms
   ✓ issue #243 AC7：真实 TCP + MemoryPersistence 1 Hub + 2 Peers（协商分块 + fan-out 分块镜像） > A 超限写 → hub 分块收齐 apply + 单 ACK；hub fan-out 分块到 B；回声抑制不回送 A  369ms
 ✓ packages/ws-replication/test/ws-replication-observer-red.test.ts (32 tests) 211ms
 ✓ packages/ws-replication/test/ws-replication-sa6-hardening-g3-g4-red.test.ts (16 tests) 216ms
 ✓ packages/ws-replication/test/ws-replication-issue244-sa7-dynamic.test.ts (11 tests) 204ms
 ✓ packages/ws-replication/test/ws-replication-issue301-chunked-completeness-ac-red.test.ts (17 tests) 184ms
 ✓ packages/ws-replication/test/ws-replication-issue254-timeout-recovery.test.ts (5 tests) 175ms
 ✓ packages/ws-replication/test/ws-replication-issue231-send-failure.test.ts (10 tests) 156ms
 ✓ packages/ws-replication/test/ws-replication-issue172-contract-anchors.test.ts (16 tests) 160ms
 ✓ packages/ws-replication/test/ws-replication-auth-lifecycle-red.test.ts (20 tests) 157ms
 ✓ packages/ws-replication/test/ws-replication-issue243-chunked-live.test.ts (16 tests) 161ms
 ✓ packages/ws-replication/test/ws-replication-issue244-slot-reclaim-regression.test.ts (3 tests) 149ms
 ✓ packages/ws-replication/test/ws-replication-issue137-r2-red.test.ts (9 tests) 161ms
 ✓ packages/ws-replication/test/ws-replication-review-revisions-r1-r7-red.test.ts (14 tests) 146ms
 ✓ packages/ws-replication/test/ws-replication-issue420-session-host-round.test.ts (10 tests) 98ms
 ✓ packages/ws-replication/test/ws-replication-issue300-chunked-sync-ac-red.test.ts (12 tests) 149ms
 ✓ packages/ws-replication/test/ws-replication-sa7-issue137-dynamic.test.ts (8 tests) 117ms
 ✓ packages/ws-replication/test/ws-replication-issue418-edge-session-split-contract.test.ts (17 tests) 101ms
 ✓ packages/ws-replication/test/ws-replication-issue287-schema-rearm.test.ts (13 tests) 121ms
 ✓ packages/ws-replication/test/ws-replication-issue245-ac-red.test.ts (10 tests) 116ms
 ✓ packages/ws-replication/test/ws-replication-r3-r4-regressions.test.ts (11 tests) 108ms
 ✓ packages/ws-replication/test/ws-replication-issue256-namespace-failed.test.ts (16 tests) 112ms
 ✓ packages/ws-replication/test/ws-replication-issue244-ac-red.test.ts (14 tests) 107ms
 ✓ packages/ws-replication/test/ws-replication-issue238-segmented-observation.test.ts (8 tests) 111ms
 ✓ packages/ws-replication/test/ws-replication-issue176-red.test.ts (9 tests) 103ms
 ✓ packages/ws-replication/test/ws-replication-ac7-faults.test.ts (12 tests) 116ms
 ✓ packages/ws-replication/test/ws-replication-issue254-ac-red.test.ts (6 tests) 99ms
 ✓ packages/ws-replication/test/ws-replication-sa7-dynamic.test.ts (6 tests) 95ms
 ✓ packages/ws-replication/test/ws-replication-issue230-incremental-mutation.test.ts (2 tests) 89ms
 ✓ packages/ws-replication/test/ws-replication-reauth-lifecycle-red.test.ts (7 tests) 86ms
 ✓ packages/ws-replication/test/ws-replication-sa7-hardening-dynamic.test.ts (8 tests) 96ms
 ✓ packages/ws-replication/test/ws-replication-issue137-ac1-ac7-red.test.ts (4 tests) 80ms
 ✓ packages/ws-replication/test/ws-replication-ac6-resync-close.test.ts (7 tests) 83ms
 ✓ packages/ws-replication/test/ws-replication-issue418-pending-window-matrix.test.ts (25 tests) 84ms
 ✓ packages/ws-replication/test/ws-replication-plugin.test.ts (15 tests) 79ms
 ✓ packages/ws-replication/test/ws-replication-ac5-live.test.ts (7 tests) 82ms
 ✓ packages/ws-replication/test/ws-replication-ac1-ac2-open.test.ts (12 tests) 85ms
 ✓ packages/ws-replication/test/ws-replication-sa7-round2-dynamic.test.ts (6 tests) 75ms
 ✓ packages/ws-replication/test/ws-replication-spec-b1-b2-red.test.ts (5 tests) 73ms
 ✓ packages/ws-replication/test/ws-replication-issue246-interop-matrix.test.ts (4 tests) 74ms
 ✓ packages/ws-replication/test/ws-replication-issue170-r1-r4-red.test.ts (7 tests) 67ms
 ✓ packages/ws-replication/test/ws-replication-periodic-reconcile.test.ts (5 tests) 66ms
stdout | packages/ws-replication/test/ws-replication-issue239-repro.test.ts > issue #239：periodic reconciliation 语义 no-op 可观测（修复后语义，翻转断言） > 场景 1：已收敛副本 7 轮 periodic round —— bytes 恒非零但观察面明确报全 noop（roundId 关联 + 效果组）
[issue239 repro] no-op round 1: hub sent/applied = [10]/[10] B, peer sent/applied = [10]/[10] B

stdout | packages/ws-replication/test/ws-replication-issue239-repro.test.ts > issue #239：periodic reconciliation 语义 no-op 可观测（修复后语义，翻转断言） > 场景 1：已收敛副本 7 轮 periodic round —— bytes 恒非零但观察面明确报全 noop（roundId 关联 + 效果组）
[issue239 repro] no-op round 2: hub sent/applied = [10]/[10] B, peer sent/applied = [10]/[10] B

stdout | packages/ws-replication/test/ws-replication-issue239-repro.test.ts > issue #239：periodic reconciliation 语义 no-op 可观测（修复后语义，翻转断言） > 场景 1：已收敛副本 7 轮 periodic round —— bytes 恒非零但观察面明确报全 noop（roundId 关联 + 效果组）
[issue239 repro] no-op round 3: hub sent/applied = [10]/[10] B, peer sent/applied = [10]/[10] B

stdout | packages/ws-replication/test/ws-replication-issue239-repro.test.ts > issue #239：periodic reconciliation 语义 no-op 可观测（修复后语义，翻转断言） > 场景 1：已收敛副本 7 轮 periodic round —— bytes 恒非零但观察面明确报全 noop（roundId 关联 + 效果组）
[issue239 repro] no-op round 4: hub sent/applied = [10]/[10] B, peer sent/applied = [10]/[10] B

stdout | packages/ws-replication/test/ws-replication-issue239-repro.test.ts > issue #239：periodic reconciliation 语义 no-op 可观测（修复后语义，翻转断言） > 场景 1：已收敛副本 7 轮 periodic round —— bytes 恒非零但观察面明确报全 noop（roundId 关联 + 效果组）
[issue239 repro] no-op round 5: hub sent/applied = [10]/[10] B, peer sent/applied = [10]/[10] B

stdout | packages/ws-replication/test/ws-replication-issue239-repro.test.ts > issue #239：periodic reconciliation 语义 no-op 可观测（修复后语义，翻转断言） > 场景 1：已收敛副本 7 轮 periodic round —— bytes 恒非零但观察面明确报全 noop（roundId 关联 + 效果组）
[issue239 repro] no-op round 6: hub sent/applied = [10]/[10] B, peer sent/applied = [10]/[10] B

stdout | packages/ws-replication/test/ws-replication-issue239-repro.test.ts > issue #239：periodic reconciliation 语义 no-op 可观测（修复后语义，翻转断言） > 场景 1：已收敛副本 7 轮 periodic round —— bytes 恒非零但观察面明确报全 noop（roundId 关联 + 效果组）
[issue239 repro] no-op round 7: hub sent/applied = [10]/[10] B, peer sent/applied = [10]/[10] B
[issue239 repro] no-op 事件字段形状（去重）: ["connectionId,from,side,to,type","connectionId,from,namespaceId,side,to,type","bytes,connectionId,encodedUpdateBytes,namespaceId,side,syncRoundId,type","applyEffect,bytes,connectionId,encodedUpdateBytes,namespaceId,sequence,side,stateVectorAfterHash,stateVectorBeforeHash,stateVectorChanged,syncRoundId,type","from,side,to,type"]

stdout | packages/ws-replication/test/ws-replication-issue239-repro.test.ts > issue #239：periodic reconciliation 语义 no-op 可观测（修复后语义，翻转断言） > 场景 2：静默漂移修复 round —— 观察面必须报 changed（与实测 SV 增量一一对应）；修复后 next round 回 noop（非粘滞）
[issue239 repro] drift-repair round: hub sent/applied = [34]/[10] B, peer sent/applied = [10]/[34] B

stdout | packages/ws-replication/test/ws-replication-issue239-repro.test.ts > issue #239：periodic reconciliation 语义 no-op 可观测（修复后语义，翻转断言） > 场景 2：静默漂移修复 round —— 观察面必须报 changed（与实测 SV 增量一一对应）；修复后 next round 回 noop（非粘滞）
[issue239 repro] 修复后 no-op 事件字段形状（去重）: ["bytes,connectionId,encodedUpdateBytes,namespaceId,side,syncRoundId,type","applyEffect,bytes,connectionId,encodedUpdateBytes,namespaceId,sequence,side,stateVectorAfterHash,stateVectorBeforeHash,stateVectorChanged,syncRoundId,type","connectionId,from,namespaceId,side,to,type"]

 ✓ packages/ws-replication/test/ws-replication-issue239-repro.test.ts (2 tests) 67ms
 ✓ packages/ws-replication/test/ws-replication-issue171-red.test.ts (5 tests) 70ms
 ✓ packages/ws-replication/test/ws-replication-issue243-ac-red.test.ts (6 tests) 68ms
 ✓ packages/ws-replication/test/ws-replication-sa4-f1-f2-f3-red.test.ts (3 tests) 65ms
 ✓ packages/ws-replication/test/ws-replication-ac4-reconcile.test.ts (5 tests) 57ms
 ✓ packages/ws-replication/test/ws-replication-sa6-hardening-g1-g2-red.test.ts (5 tests) 56ms
stdout | packages/ws-replication/test/ws-replication-issue233-repro.test.ts > issue #233 复现：超限 UPDATE 丢弃 + 全量 reconciliation 回退（现状刻画） > R1：单笔 20KB 合法写 → 零 UPDATE / resync 声明 / 同一载荷改走控制帧全量 diff
[issue233 repro R1] {
  "scenario": "R1 single 20KB write, maxUpdateBytes=8192",
  "updateFramesCarryingBigWrite": 0,
  "resyncRounds": 1,
  "step2DiffBytesPeerToHub": [
    2,
    20029
  ],
  "wire": {
    "peerToHub": {
      "OPEN_NAMESPACE": {
        "count": 1,
        "bytes": 59
      },
      "BOOTSTRAP_ACK": {
        "count": 1,
        "bytes": 57
      },
      "SYNC_STEP1": {
        "count": 2,
        "bytes": 136
      },
      "SYNC_STEP2": {
        "count": 2,
        "bytes": 20151
      },
      "SYNC_APPLIED": {
        "count": 2,
        "bytes": 116
      },
      "RESYNC_REQUIRED": {
        "count": 1,
        "bytes": 76
      }
    },
    "hubToPeer": {
      "OPEN_OK": {
        "count": 1,
        "bytes": 91
      },
      "BOOTSTRAP_SNAPSHOT": {
        "count": 1,
        "bytes": 497
      },
      "SYNC_STEP1": {
        "count": 2,
        "bytes": 130
      },
      "SYNC_STEP2": {
        "count": 2,
        "bytes": 122
      },
      "SYNC_APPLIED": {
        "count": 2,
        "bytes": 116
      }
    }
  }
}

stdout | packages/ws-replication/test/ws-replication-issue233-repro.test.ts > issue #233 复现：超限 UPDATE 丢弃 + 全量 reconciliation 回退（现状刻画） > R2：连续两笔大写 → 两轮 resync（持续大写重复触发完整 round）
[issue233 repro R2] {"scenario":"R2 two consecutive 20KB writes","resyncRounds":2,"step2DiffBytesPeerToHub":[2,20029,20037],"wire":{"peerToHub":{"OPEN_NAMESPACE":{"count":1,"bytes":59},"BOOTSTRAP_ACK":{"count":1,"bytes":57},"SYNC_STEP1":{"count":3,"bytes":207},"SYNC_STEP2":{"count":3,"bytes":40249},"SYNC_APPLIED":{"count":3,"bytes":174},"RESYNC_REQUIRED":{"count":2,"bytes":152}},"hubToPeer":{"OPEN_OK":{"count":1,"bytes":91},"BOOTSTRAP_SNAPSHOT":{"count":1,"bytes":497},"SYNC_STEP1":{"count":3,"bytes":201},"SYNC_STEP2":{"count":3,"bytes":191},"SYNC_APPLIED":{"count":3,"bytes":174}}}}

stdout | packages/ws-replication/test/ws-replication-issue233-repro.test.ts > issue #233 复现：超限 UPDATE 丢弃 + 全量 reconciliation 回退（现状刻画） > R3：diff 超 maxSyncDiffBytes → SYNC_DIFF_TOO_LARGE → namespace 终局 failed（大文档致命尾部）
[issue233 repro R3] {"scenario":"R3 100KB write, maxSyncDiffBytes=32768","namespaceTerminalState":"failed","connectionState":"ready","wire":{"peerToHub":{"OPEN_NAMESPACE":{"count":1,"bytes":59},"BOOTSTRAP_ACK":{"count":1,"bytes":57},"SYNC_STEP1":{"count":2,"bytes":136},"SYNC_STEP2":{"count":1,"bytes":61},"SYNC_APPLIED":{"count":1,"bytes":58},"RESYNC_REQUIRED":{"count":1,"bytes":76},"ERROR":{"count":1,"bytes":117}},"hubToPeer":{"OPEN_OK":{"count":1,"bytes":91},"BOOTSTRAP_SNAPSHOT":{"count":1,"bytes":497},"SYNC_STEP1":{"count":2,"bytes":130},"SYNC_STEP2":{"count":2,"bytes":122},"SYNC_APPLIED":{"count":1,"bytes":58}}}}

 ✓ packages/ws-replication/test/ws-replication-issue233-repro.test.ts (3 tests) 58ms
stdout | packages/ws-replication/test/ws-replication-issue239-ac-red.test.ts > issue #239 验收契约（红灯）：periodic no-op 与有效同步的可观测性差异 > 场景 1：已收敛副本连续 periodic round —— 观察面必须报 roundId 关联 + 全 noop（SV/ROOT/META 不变，bytes 仍非零）
[issue239 ac-red] no-op rounds=3 groups=4 periodicGroups=3 全部断言完成

stdout | packages/ws-replication/test/ws-replication-issue239-ac-red.test.ts > issue #239 验收契约（红灯）：periodic no-op 与有效同步的可观测性差异 > 场景 2：hub 静默漂移 → 下一 periodic round 至少一侧 diff-applied 报 changed（与实测 SV 增量一致）并收敛
[issue239 ac-red] hub-drift 修复 round：delta={"hub":false,"peer":true} changedEvents=1

stdout | packages/ws-replication/test/ws-replication-issue239-ac-red.test.ts > issue #239 验收契约（红灯）：periodic no-op 与有效同步的可观测性差异 > 场景 2：hub 静默漂移 → 下一 periodic round 至少一侧 diff-applied 报 changed（与实测 SV 增量一致）并收敛
[issue239 ac-red] hub-drift 修复后 no-op round：changedEvents=0

 ✓ packages/ws-replication/test/ws-replication-issue239-ac-red.test.ts (2 tests) 55ms
 ✓ packages/ws-replication/test/ws-replication-issue300-bulk-edge-ac.test.ts (6 tests) 53ms
 ✓ packages/ws-replication/test/ws-replication-ac3-bootstrap.test.ts (4 tests) 53ms
 ✓ packages/ws-replication/test/ws-replication-sa7-issue171-dynamic.test.ts (3 tests) 43ms
 ✓ packages/ws-replication/test/ws-replication-issue168-hello-timeout-close-peer-red.test.ts (3 tests) 46ms
 ✓ packages/ws-replication/test/ws-replication-sa7-issue170-minor3-observation.test.ts (1 test) 38ms
 ✓ packages/ws-replication/test/ws-replication-issue238-repro.test.ts (1 test) 43ms
 ✓ packages/ws-replication/test/ws-replication-issue418-edge-session-split-structure.test.ts (9 tests) 41ms
 ✓ packages/ws-replication/test/ws-replication-issue169-backpressure-accounting-red.test.ts (19 tests) 40ms
 ✓ packages/ws-replication/test/ws-replication-sa7-issue168-dynamic.test.ts (3 tests) 41ms
 ✓ packages/ws-replication/test/ws-replication-sa7-r2-supplement.test.ts (1 test) 36ms
 ✓ packages/ws-replication/test/ws-replication-issue282-schema-lifecycle.test.ts (1 test) 47ms
 ✓ packages/ws-replication/test/ws-replication-issue171-blockers.test.ts (1 test) 30ms
 ✓ packages/ws-replication/test/ws-replication-sa4-r4-1-red.test.ts (1 test) 31ms
 ✓ packages/ws-replication/test/ws-replication-sa4-issue171-review-red.test.ts (1 test) 33ms
 ✓ packages/ws-replication/test/ws-replication-issue243-sa7-dynamic.test.ts (17 tests) 33ms
 ✓ packages/ws-replication/test/ws-replication-issue299-ac-red.test.ts (7 tests) 13ms
 ✓ packages/ws-replication/test/ws-replication-guard-proxy-consumption.test.ts (2 tests) 15ms
 ✓ packages/ws-replication/test/ws-replication-sa7-issue190-dynamic.test.ts (5 tests) 8ms
 ✓ packages/ws-replication/test/ws-replication-issue190-red.test.ts (4 tests) 7ms
 ✓ packages/ws-replication/test/ws-replication-issue190-guard.test.ts (1 test) 4ms

 Test Files  80 passed (80)
      Tests  651 passed (651)
Type Errors  no errors
   Start at  03:35:29
   Duration  47.50s (transform 2.11s, setup 0ms, collect 14.35s, tests 22.15s, environment 10ms, prepare 3.40s, typecheck 3.29s)

[vitest exit: 0]
