E0 环境：node v24.13.0 / head f6b27da8eadc5cad3bf65c728094767ecb8c601b
E0 夹具 schema：type Item = { name: string; qty: number & Int<0, 100> }; type Alt = { label: string; n: number & Int<0, 10> }; type ROOT = {   items: YArray<Item>;   tags: YArray<string>;   nums: YArray<number>;   variants: YArray<Item | Alt>;   scalars: YArray<string | number>;   nested: { inner: YArray<Item> };   uarr: YArray<Item> | YArray<string>; };

G1 公共面导出普查（运行时反射）
  exports(23) = FileSchemaSource, SchemaSourceError, applyElementwiseArrayMutation, applyMutationAtBoundary, assertVfslDialect, compilePattern, compileSchemaEnvelope, deriveSchemaIdentity, evaluate, getCompiled, getCompiledWith, isSchemaTruncationMarker, matchPattern, parseSchemaEnvelope, parseVfsl, planMutationBoundary, renderProjectionText, resolveSchemaAtPath, validateAppendToArray, validateDeleteFromArray, validateInsertIntoArray, validateLogicalSnapshot, validatePatch
  [FAIL] G1.1 无任何 *elementwise* 命名导出（命中 ["applyElementwiseArrayMutation"]）
  [FAIL] G1.2 applyElementwiseArrayMutation 未导出（typeof=function）
  [PASS] G1.3 legacy 边界接缝在场（对照组存在）

G2 legacy 边界接缝的边界提取依赖（载体事实不足以工作）
  [PASS] G2.1-items 以 {length} 代 boundaryBase → ok:false + 「array-insert 目标必须是数组 path=["items"]」
  [PASS] G2.2-items delete 同规：载体事实不足，必须整数组提取
  [PASS] G2.1-tags 以 {length} 代 boundaryBase → ok:false + 「array-insert 目标必须是数组 path=["tags"]」
  [PASS] G2.2-tags delete 同规：载体事实不足，必须整数组提取
  [PASS] G2.1-nums 以 {length} 代 boundaryBase → ok:false + 「array-insert 目标必须是数组 path=["nums"]」
  [PASS] G2.2-nums delete 同规：载体事实不足，必须整数组提取

G3 legacy 成本与数组长度耦合（软证据，非契约断言）
  n=10^3 append: 2.457ms；n=10^5 append: 188.123ms；比值 ×76.6（100× 规模）
  [PASS] G3.1 整数组重建/整体校验成本随 n 增长（比值 ×76.6 > 5）

G4 现状语义快照（全量 oracle，逐字节）
  insert 非法新值（index=1）→ {"ok":false,"issues":[{"message":"类型不匹配：期望 number，实际 string","path":["items",1,"qty"]}]}
  [PASS] G4.1 非法新元素 issue 路径 = [...arrayPath, index+j, ...elementIssuePath]
  insert index>len → {"ok":false,"issues":[{"message":"array-insert index 越界（不 clamp）","path":["items",3]}]}
  [PASS] G4.2 域规则 message/path 冻结
  批量两处非法 → {"ok":false,"issues":[{"message":"期望整数区间 [0, 100]，实际 101","path":["items",1,"qty"]},{"message":"缺少必填字段 \"qty\"","path":["items",3,"qty"]}]}
  [PASS] G4.3 批量一次判定 + issue 序 = 插入位置升序
  delete 范围越界 → {"ok":false,"issues":[{"message":"array-delete 范围越界（不 clamp、不接受越界 no-op）","path":["items",1]}]}
  [PASS] G4.4 delete 域规则 message/path 冻结
  污染数组 delete（变更区间外非法）→ {"ok":false,"issues":[{"message":"期望整数区间 [0, 100]，实际 999","path":["items",0,"qty"]}]}
  [PASS] G4.5 现状：delete 触达整数组 → 对被污染数组响亮拒绝

G5 规划闸门（kind=array 且节点 kind=array；union 永久 legacy）
  [PASS] G5.1-items kind=array node.kind=array prefix=["items"] relPath=[]
  [PASS] G5.1-tags kind=array node.kind=array prefix=["tags"] relPath=[]
  [PASS] G5.1-nums kind=array node.kind=array prefix=["nums"] relPath=[]
  [PASS] G5.1-variants kind=array node.kind=array prefix=["variants"] relPath=[]
  [PASS] G5.1-scalars kind=array node.kind=array prefix=["scalars"] relPath=[]
  [PASS] G5.1-inner kind=array node.kind=array prefix=["nested","inner"] relPath=[]
  uarr：plan.kind=array node.kind=union prefix=["uarr"]；legacy 该 plan → ok:true
  [PASS] G5.2 union 数组目标：plan.kind=array 但边界值节点 kind=union（ADR 0033 决策 1 第二条件排除，永久 legacy 轨）
  [PASS] G5.2b legacy 轨对 union 数组目标照常工作（any-of 整体验证）
  [PASS] G5.4-items fast path 闸门双条件成立：plan.kind=array ∧ node.kind=array ∧ node.element 在场
  [PASS] G5.4-tags fast path 闸门双条件成立：plan.kind=array ∧ node.kind=array ∧ node.element 在场
  [PASS] G5.4-nums fast path 闸门双条件成立：plan.kind=array ∧ node.kind=array ∧ node.element 在场
  [PASS] G5.4-variants fast path 闸门双条件成立：plan.kind=array ∧ node.kind=array ∧ node.element 在场
  [PASS] G5.4-scalars fast path 闸门双条件成立：plan.kind=array ∧ node.kind=array ∧ node.element 在场
  [PASS] G5.4-inner fast path 闸门双条件成立：plan.kind=array ∧ node.kind=array ∧ node.element 在场
  [PASS] G5.3 YPlainArray 目标 array-* 规划拒绝（载体范围限定可运行时观测）

O1 夹具侧见证实现 vs 全量 oracle（等价集逐字节）
  用例数=132；逐字节一致=132；接受支 oracle=54/witness=54
  [PASS] O1.1 等价集规模 132 ≥ 100（参数化 + 确定性随机）
  [PASS] O1.2 见证实现与全量 oracle 全数逐字节一致（132/132）
  [PASS] O1.3 接受/拒绝两支均覆盖（accept=54, reject=78）
  [PASS] O1.4 op 覆盖 array-insert/array-delete；路径覆盖 6
  [PASS] O2.1 夹具期望与真实语义一致（132/132）

O3 判据敏感性（比较必须能看见真实差异）
  [PASS] O3.1 污染 delete：oracle 拒绝 / 逐元素成功，逐字节可分（6/6）
  [PASS] O3.2 合法/非法 insert 的判据字节可分（比较面非恒真）

NC 立法前提与域规则锚（恒绿面）
  [PASS] NC1.1 长数组/重复/无序照常接受（数组层无长度/唯一性/有序性约束）：{"ok":true}
  [PASS] NC1.2 元素级非法仍响亮拒绝（锚非空转）：[["nums",2]]
  [PASS] NC2.1 空数组 delete 域拒绝锚
  legacy 在界内 count=0 → {"ok":true,"issues":[]}（doc-runtime E3 不接受该形态；仅作现状快照，不进目标契约）

DRY 契约干跑（见证实现 = 目标语义；逐条复算契约测试的显式期望）
  [PASS] DRY-B2 insert index=1、j=1 → issue 路径 ["items",2,"qty"]
  [PASS] DRY-B3 批量两处非法 → 位置升序 issue 序
  [PASS] DRY-B5 嵌套路径绝对 rebase
  [PASS] DRY-B7a 全容器形联合元素（Item | Alt）逐元素
  [PASS] DRY-B7b 全标量形联合元素（string | number）逐元素
  [PASS] DRY-C1 insert 越界 message/path 逐字（6/6）
  [PASS] DRY-C2 不 clamp：index=9 拒绝
  [PASS] DRY-D2 delete 越界 message/path 逐字（6/6）
  [PASS] DRY-D3 范围越界：path 指向 index
  [PASS] DRY-F1 fast path 闸门计划上空批量恒等接受（6/6）
  [PASS] DRY-F2 union 数组目标（node.kind=union）→ 见证实现 fail closed
  [PASS] DRY-F3a set 目标位计划：kind=target、node.kind=array（闸门负例的前置锚）
  [PASS] DRY-F3b 非 array 计划（kind=target）→ 见证实现 fail closed

=== 汇总：GAP 5 组 + ORACLE 9 项 + NC 3 项；failures=2 ===
  FAILURE: G1.1 无任何 *elementwise* 命名导出（命中 ["applyElementwiseArrayMutation"]）
  FAILURE: G1.2 applyElementwiseArrayMutation 未导出（typeof=function）
