Testing types with tsc and vue-tsc is an experimental feature.
Breaking changes might not follow SemVer, please pin Vitest's version when using it.

 RUN  v3.2.7 /home/wangjian/nomicore-fix-issue-435

 ❯ packages/vfsl/test/issue-435-elementwise-array-contract.test.ts (21 tests | 21 failed) 14ms
   × #435 A 公共接缝（经包公共入口） > A1 新导出在场且是函数（公共面唯一入口 = src/index.ts） 6ms
     → 能力缺口：@nomicore/vfsl 公共入口未导出 applyElementwiseArrayMutation（ADR 0033 决策 2 数组逐元素校验接缝）——公共入口无此自有导出键: expected false to be true // Object.is equality
   × #435 A 公共接缝（经包公共入口） > A2 合法 insert 返回 ValidateResult 的 ok 支（`{ok:true}`，纯函数、无副作用） 0ms
     → 能力缺口：@nomicore/vfsl 公共入口未导出 applyElementwiseArrayMutation（ADR 0033 决策 2 数组逐元素校验接缝）——实际 typeof=undefined
   × #435 B array-insert 逐新值过 element 子 schema > B1 每条 fast-path 数组路径：合法新值插入（头部/尾部）通过 1ms
     → 能力缺口：@nomicore/vfsl 公共入口未导出 applyElementwiseArrayMutation（ADR 0033 决策 2 数组逐元素校验接缝）——实际 typeof=undefined
   × #435 B array-insert 逐新值过 element 子 schema > B2 非法新元素在任一位置被拒绝，issue 路径 = [...arrayPath, index+j, ...elementPath]（items 规范锚） 0ms
     → 能力缺口：@nomicore/vfsl 公共入口未导出 applyElementwiseArrayMutation（ADR 0033 决策 2 数组逐元素校验接缝）——实际 typeof=undefined
   × #435 B array-insert 逐新值过 element 子 schema > B3 批量两处非法 → 两 issue，序 = 插入后位置升序（批量一次判定、中间态不参与） 0ms
     → 能力缺口：@nomicore/vfsl 公共入口未导出 applyElementwiseArrayMutation（ADR 0033 决策 2 数组逐元素校验接缝）——实际 typeof=undefined
   × #435 B array-insert 逐新值过 element 子 schema > B4 整批拒绝语义：任一非法新值 ⇒ 整批 ok:false（无部分接受分支） 0ms
     → 能力缺口：@nomicore/vfsl 公共入口未导出 applyElementwiseArrayMutation（ADR 0033 决策 2 数组逐元素校验接缝）——实际 typeof=undefined
   × #435 B array-insert 逐新值过 element 子 schema > B5 嵌套数组路径 rebase：issue 路径使用数组绝对路径（nested.inner） 0ms
     → 能力缺口：@nomicore/vfsl 公共入口未导出 applyElementwiseArrayMutation（ADR 0033 决策 2 数组逐元素校验接缝）——实际 typeof=undefined
   × #435 B array-insert 逐新值过 element 子 schema > B6 空批量（values: []）在合法 index 上 = 恒等 → ok:true 0ms
     → 能力缺口：@nomicore/vfsl 公共入口未导出 applyElementwiseArrayMutation（ADR 0033 决策 2 数组逐元素校验接缝）——实际 typeof=undefined
   × #435 B array-insert 逐新值过 element 子 schema > B7 全容器形联合元素（variants: YArray<Item | Alt>）与全标量形联合元素（scalars）逐元素判定与整体一致 0ms
     → 能力缺口：@nomicore/vfsl 公共入口未导出 applyElementwiseArrayMutation（ADR 0033 决策 2 数组逐元素校验接缝）——实际 typeof=undefined
   × #435 C array-insert 域规则（不 clamp；域规则逐字一致） > C1 index === length（append 位）接受；index = length + 1 拒绝且 message/path 与现行逐字一致 0ms
     → 能力缺口：@nomicore/vfsl 公共入口未导出 applyElementwiseArrayMutation（ADR 0033 决策 2 数组逐元素校验接缝）——实际 typeof=undefined
   × #435 C array-insert 域规则（不 clamp；域规则逐字一致） > C2 不 clamp：index 远超 length 时拒绝而非截断插入 0ms
     → 能力缺口：@nomicore/vfsl 公共入口未导出 applyElementwiseArrayMutation（ADR 0033 决策 2 数组逐元素校验接缝）——实际 typeof=undefined
   × #435 D array-delete 仅域规则判定（O(1)，不触碰元素值） > D1 合法删除（单元素 / 整段 / 整数组）通过 0ms
     → 能力缺口：@nomicore/vfsl 公共入口未导出 applyElementwiseArrayMutation（ADR 0033 决策 2 数组逐元素校验接缝）——实际 typeof=undefined
   × #435 D array-delete 仅域规则判定（O(1)，不触碰元素值） > D2 index >= length（越界 no-op）拒绝且 message/path 与现行逐字一致 0ms
     → 能力缺口：@nomicore/vfsl 公共入口未导出 applyElementwiseArrayMutation（ADR 0033 决策 2 数组逐元素校验接缝）——实际 typeof=undefined
   × #435 D array-delete 仅域规则判定（O(1)，不触碰元素值） > D3 index + count > length（范围越界）拒绝且不 clamp（path 指向 index） 0ms
     → 能力缺口：@nomicore/vfsl 公共入口未导出 applyElementwiseArrayMutation（ADR 0033 决策 2 数组逐元素校验接缝）——实际 typeof=undefined
   × #435 D array-delete 仅域规则判定（O(1)，不触碰元素值） > D4 ADR 0033 决策 4：污染数组（变更区间外非法元素）delete 照常成功——触达面收窄 1ms
     → 能力缺口：@nomicore/vfsl 公共入口未导出 applyElementwiseArrayMutation（ADR 0033 决策 2 数组逐元素校验接缝）——实际 typeof=undefined
   × #435 D array-delete 仅域规则判定（O(1)，不触碰元素值） > D5 delete 判定不消费元素值：同 length 的污染基线与合法基线判决完全相同 0ms
     → 能力缺口：@nomicore/vfsl 公共入口未导出 applyElementwiseArrayMutation（ADR 0033 决策 2 数组逐元素校验接缝）——实际 typeof=undefined
   × #435 E 一致性 fixture（ADR 0033 决策 5） > E1 全用例：逐元素判定与全量整体验证的接受/拒绝及 issue 内容逐字节一致 0ms
     → 能力缺口：@nomicore/vfsl 公共入口未导出 applyElementwiseArrayMutation（ADR 0033 决策 2 数组逐元素校验接缝）——实际 typeof=undefined
   × #435 E 一致性 fixture（ADR 0033 决策 5） > E2 比较判据敏感：污染 delete 上目标判决与全量 oracle 逐字节可分（E1 非恒真） 0ms
     → 能力缺口：@nomicore/vfsl 公共入口未导出 applyElementwiseArrayMutation（ADR 0033 决策 2 数组逐元素校验接缝）——实际 typeof=undefined
   × #435 F fast path 闸门 fail closed > F1 闸门前提：6 条数组路径的 plan.kind=array 且边界值节点 kind=array（node.element 在场） 0ms
     → 能力缺口：@nomicore/vfsl 公共入口未导出 applyElementwiseArrayMutation（ADR 0033 决策 2 数组逐元素校验接缝）——实际 typeof=undefined
   × #435 F fast path 闸门 fail closed > F2 union 数组目标（uarr: YArray<Item> | YArray<string>）永久 legacy：节点 kind=union ⇒ 新接缝不静默接受 0ms
     → 能力缺口：@nomicore/vfsl 公共入口未导出 applyElementwiseArrayMutation（ADR 0033 决策 2 数组逐元素校验接缝）——实际 typeof=undefined
   × #435 F fast path 闸门 fail closed > F3 非 array 计划（kind=target，数组值整体替换位）⇒ fail closed（不静默 ok） 0ms
     → 能力缺口：@nomicore/vfsl 公共入口未导出 applyElementwiseArrayMutation（ADR 0033 决策 2 数组逐元素校验接缝）——实际 typeof=undefined
 ✓ packages/vfsl/test/issue-435-elementwise-array-control.test.ts (17 tests) 16ms

⎯⎯⎯⎯⎯⎯ Failed Tests 21 ⎯⎯⎯⎯⎯⎯⎯

 FAIL  packages/vfsl/test/issue-435-elementwise-array-contract.test.ts > #435 A 公共接缝（经包公共入口） > A1 新导出在场且是函数（公共面唯一入口 = src/index.ts）
AssertionError: 能力缺口：@nomicore/vfsl 公共入口未导出 applyElementwiseArrayMutation（ADR 0033 决策 2 数组逐元素校验接缝）——公共入口无此自有导出键: expected false to be true // Object.is equality

- Expected
+ Received

- true
+ false

 ❯ packages/vfsl/test/issue-435-elementwise-array-contract.test.ts:92:106
     90|   it('A1 新导出在场且是函数（公共面唯一入口 = src/index.ts）', () => {
     91|     const surface = vfsl as unknown as Record<string, unknown>;
     92|     expect(Object.prototype.hasOwnProperty.call(surface, SEAM_EXPORT),…
       |                                                                                                          ^
     93|     expect(typeof surface[SEAM_EXPORT], CAPABILITY_GAP).toBe('function…
     94|   });

⎯⎯⎯⎯⎯⎯⎯⎯⎯⎯⎯⎯⎯⎯⎯⎯⎯⎯⎯⎯⎯⎯⎯[1/21]⎯

 FAIL  packages/vfsl/test/issue-435-elementwise-array-contract.test.ts > #435 A 公共接缝（经包公共入口） > A2 合法 insert 返回 ValidateResult 的 ok 支（`{ok:true}`，纯函数、无副作用）
Error: 能力缺口：@nomicore/vfsl 公共入口未导出 applyElementwiseArrayMutation（ADR 0033 决策 2 数组逐元素校验接缝）——实际 typeof=undefined
 ❯ seam packages/vfsl/test/issue-435-elementwise-array-contract.test.ts:69:11
     67|   const candidate = (vfsl as unknown as Record<string, unknown>)[SEAM_…
     68|   if (typeof candidate !== 'function') {
     69|     throw new Error(`${CAPABILITY_GAP}——实际 typeof=${typeof candidate}`…
       |           ^
     70|   }
     71|   return candidate as SeamFn;
 ❯ packages/vfsl/test/issue-435-elementwise-array-contract.test.ts:97:16

⎯⎯⎯⎯⎯⎯⎯⎯⎯⎯⎯⎯⎯⎯⎯⎯⎯⎯⎯⎯⎯⎯⎯[2/21]⎯

 FAIL  packages/vfsl/test/issue-435-elementwise-array-contract.test.ts > #435 B array-insert 逐新值过 element 子 schema > B1 每条 fast-path 数组路径：合法新值插入（头部/尾部）通过
Error: 能力缺口：@nomicore/vfsl 公共入口未导出 applyElementwiseArrayMutation（ADR 0033 决策 2 数组逐元素校验接缝）——实际 typeof=undefined
 ❯ seam packages/vfsl/test/issue-435-elementwise-array-contract.test.ts:69:11
     67|   const candidate = (vfsl as unknown as Record<string, unknown>)[SEAM_…
     68|   if (typeof candidate !== 'function') {
     69|     throw new Error(`${CAPABILITY_GAP}——实际 typeof=${typeof candidate}`…
       |           ^
     70|   }
     71|   return candidate as SeamFn;
 ❯ callOf packages/vfsl/test/issue-435-elementwise-array-contract.test.ts:80:10
 ❯ packages/vfsl/test/issue-435-elementwise-array-contract.test.ts:114:9

⎯⎯⎯⎯⎯⎯⎯⎯⎯⎯⎯⎯⎯⎯⎯⎯⎯⎯⎯⎯⎯⎯⎯[3/21]⎯

 FAIL  packages/vfsl/test/issue-435-elementwise-array-contract.test.ts > #435 B array-insert 逐新值过 element 子 schema > B2 非法新元素在任一位置被拒绝，issue 路径 = [...arrayPath, index+j, ...elementPath]（items 规范锚）
Error: 能力缺口：@nomicore/vfsl 公共入口未导出 applyElementwiseArrayMutation（ADR 0033 决策 2 数组逐元素校验接缝）——实际 typeof=undefined
 ❯ seam packages/vfsl/test/issue-435-elementwise-array-contract.test.ts:69:11
     67|   const candidate = (vfsl as unknown as Record<string, unknown>)[SEAM_…
     68|   if (typeof candidate !== 'function') {
     69|     throw new Error(`${CAPABILITY_GAP}——实际 typeof=${typeof candidate}`…
       |           ^
     70|   }
     71|   return candidate as SeamFn;
 ❯ callOf packages/vfsl/test/issue-435-elementwise-array-contract.test.ts:80:10
 ❯ packages/vfsl/test/issue-435-elementwise-array-contract.test.ts:128:20

⎯⎯⎯⎯⎯⎯⎯⎯⎯⎯⎯⎯⎯⎯⎯⎯⎯⎯⎯⎯⎯⎯⎯[4/21]⎯

 FAIL  packages/vfsl/test/issue-435-elementwise-array-contract.test.ts > #435 B array-insert 逐新值过 element 子 schema > B3 批量两处非法 → 两 issue，序 = 插入后位置升序（批量一次判定、中间态不参与）
Error: 能力缺口：@nomicore/vfsl 公共入口未导出 applyElementwiseArrayMutation（ADR 0033 决策 2 数组逐元素校验接缝）——实际 typeof=undefined
 ❯ seam packages/vfsl/test/issue-435-elementwise-array-contract.test.ts:69:11
     67|   const candidate = (vfsl as unknown as Record<string, unknown>)[SEAM_…
     68|   if (typeof candidate !== 'function') {
     69|     throw new Error(`${CAPABILITY_GAP}——实际 typeof=${typeof candidate}`…
       |           ^
     70|   }
     71|   return candidate as SeamFn;
 ❯ callOf packages/vfsl/test/issue-435-elementwise-array-contract.test.ts:80:10
 ❯ packages/vfsl/test/issue-435-elementwise-array-contract.test.ts:138:20

⎯⎯⎯⎯⎯⎯⎯⎯⎯⎯⎯⎯⎯⎯⎯⎯⎯⎯⎯⎯⎯⎯⎯[5/21]⎯

 FAIL  packages/vfsl/test/issue-435-elementwise-array-contract.test.ts > #435 B array-insert 逐新值过 element 子 schema > B4 整批拒绝语义：任一非法新值 ⇒ 整批 ok:false（无部分接受分支）
Error: 能力缺口：@nomicore/vfsl 公共入口未导出 applyElementwiseArrayMutation（ADR 0033 决策 2 数组逐元素校验接缝）——实际 typeof=undefined
 ❯ seam packages/vfsl/test/issue-435-elementwise-array-contract.test.ts:69:11
     67|   const candidate = (vfsl as unknown as Record<string, unknown>)[SEAM_…
     68|   if (typeof candidate !== 'function') {
     69|     throw new Error(`${CAPABILITY_GAP}——实际 typeof=${typeof candidate}`…
       |           ^
     70|   }
     71|   return candidate as SeamFn;
 ❯ callOf packages/vfsl/test/issue-435-elementwise-array-contract.test.ts:80:10
 ❯ packages/vfsl/test/issue-435-elementwise-array-contract.test.ts:151:20

⎯⎯⎯⎯⎯⎯⎯⎯⎯⎯⎯⎯⎯⎯⎯⎯⎯⎯⎯⎯⎯⎯⎯[6/21]⎯

 FAIL  packages/vfsl/test/issue-435-elementwise-array-contract.test.ts > #435 B array-insert 逐新值过 element 子 schema > B5 嵌套数组路径 rebase：issue 路径使用数组绝对路径（nested.inner）
Error: 能力缺口：@nomicore/vfsl 公共入口未导出 applyElementwiseArrayMutation（ADR 0033 决策 2 数组逐元素校验接缝）——实际 typeof=undefined
 ❯ seam packages/vfsl/test/issue-435-elementwise-array-contract.test.ts:69:11
     67|   const candidate = (vfsl as unknown as Record<string, unknown>)[SEAM_…
     68|   if (typeof candidate !== 'function') {
     69|     throw new Error(`${CAPABILITY_GAP}——实际 typeof=${typeof candidate}`…
       |           ^
     70|   }
     71|   return candidate as SeamFn;
 ❯ callOf packages/vfsl/test/issue-435-elementwise-array-contract.test.ts:80:10
 ❯ packages/vfsl/test/issue-435-elementwise-array-contract.test.ts:161:20

⎯⎯⎯⎯⎯⎯⎯⎯⎯⎯⎯⎯⎯⎯⎯⎯⎯⎯⎯⎯⎯⎯⎯[7/21]⎯

 FAIL  packages/vfsl/test/issue-435-elementwise-array-contract.test.ts > #435 B array-insert 逐新值过 element 子 schema > B6 空批量（values: []）在合法 index 上 = 恒等 → ok:true
Error: 能力缺口：@nomicore/vfsl 公共入口未导出 applyElementwiseArrayMutation（ADR 0033 决策 2 数组逐元素校验接缝）——实际 typeof=undefined
 ❯ seam packages/vfsl/test/issue-435-elementwise-array-contract.test.ts:69:11
     67|   const candidate = (vfsl as unknown as Record<string, unknown>)[SEAM_…
     68|   if (typeof candidate !== 'function') {
     69|     throw new Error(`${CAPABILITY_GAP}——实际 typeof=${typeof candidate}`…
       |           ^
     70|   }
     71|   return candidate as SeamFn;
 ❯ callOf packages/vfsl/test/issue-435-elementwise-array-contract.test.ts:80:10
 ❯ packages/vfsl/test/issue-435-elementwise-array-contract.test.ts:170:14

⎯⎯⎯⎯⎯⎯⎯⎯⎯⎯⎯⎯⎯⎯⎯⎯⎯⎯⎯⎯⎯⎯⎯[8/21]⎯

 FAIL  packages/vfsl/test/issue-435-elementwise-array-contract.test.ts > #435 B array-insert 逐新值过 element 子 schema > B7 全容器形联合元素（variants: YArray<Item | Alt>）与全标量形联合元素（scalars）逐元素判定与整体一致
Error: 能力缺口：@nomicore/vfsl 公共入口未导出 applyElementwiseArrayMutation（ADR 0033 决策 2 数组逐元素校验接缝）——实际 typeof=undefined
 ❯ seam packages/vfsl/test/issue-435-elementwise-array-contract.test.ts:69:11
     67|   const candidate = (vfsl as unknown as Record<string, unknown>)[SEAM_…
     68|   if (typeof candidate !== 'function') {
     69|     throw new Error(`${CAPABILITY_GAP}——实际 typeof=${typeof candidate}`…
       |           ^
     70|   }
     71|   return candidate as SeamFn;
 ❯ callOf packages/vfsl/test/issue-435-elementwise-array-contract.test.ts:80:10
 ❯ packages/vfsl/test/issue-435-elementwise-array-contract.test.ts:176:12

⎯⎯⎯⎯⎯⎯⎯⎯⎯⎯⎯⎯⎯⎯⎯⎯⎯⎯⎯⎯⎯⎯⎯[9/21]⎯

 FAIL  packages/vfsl/test/issue-435-elementwise-array-contract.test.ts > #435 C array-insert 域规则（不 clamp；域规则逐字一致） > C1 index === length（append 位）接受；index = length + 1 拒绝且 message/path 与现行逐字一致
Error: 能力缺口：@nomicore/vfsl 公共入口未导出 applyElementwiseArrayMutation（ADR 0033 决策 2 数组逐元素校验接缝）——实际 typeof=undefined
 ❯ seam packages/vfsl/test/issue-435-elementwise-array-contract.test.ts:69:11
     67|   const candidate = (vfsl as unknown as Record<string, unknown>)[SEAM_…
     68|   if (typeof candidate !== 'function') {
     69|     throw new Error(`${CAPABILITY_GAP}——实际 typeof=${typeof candidate}`…
       |           ^
     70|   }
     71|   return candidate as SeamFn;
 ❯ callOf packages/vfsl/test/issue-435-elementwise-array-contract.test.ts:80:10
 ❯ packages/vfsl/test/issue-435-elementwise-array-contract.test.ts:196:14

⎯⎯⎯⎯⎯⎯⎯⎯⎯⎯⎯⎯⎯⎯⎯⎯⎯⎯⎯⎯⎯⎯[10/21]⎯

 FAIL  packages/vfsl/test/issue-435-elementwise-array-contract.test.ts > #435 C array-insert 域规则（不 clamp；域规则逐字一致） > C2 不 clamp：index 远超 length 时拒绝而非截断插入
Error: 能力缺口：@nomicore/vfsl 公共入口未导出 applyElementwiseArrayMutation（ADR 0033 决策 2 数组逐元素校验接缝）——实际 typeof=undefined
 ❯ seam packages/vfsl/test/issue-435-elementwise-array-contract.test.ts:69:11
     67|   const candidate = (vfsl as unknown as Record<string, unknown>)[SEAM_…
     68|   if (typeof candidate !== 'function') {
     69|     throw new Error(`${CAPABILITY_GAP}——实际 typeof=${typeof candidate}`…
       |           ^
     70|   }
     71|   return candidate as SeamFn;
 ❯ callOf packages/vfsl/test/issue-435-elementwise-array-contract.test.ts:80:10
 ❯ packages/vfsl/test/issue-435-elementwise-array-contract.test.ts:208:20

⎯⎯⎯⎯⎯⎯⎯⎯⎯⎯⎯⎯⎯⎯⎯⎯⎯⎯⎯⎯⎯⎯[11/21]⎯

 FAIL  packages/vfsl/test/issue-435-elementwise-array-contract.test.ts > #435 D array-delete 仅域规则判定（O(1)，不触碰元素值） > D1 合法删除（单元素 / 整段 / 整数组）通过
Error: 能力缺口：@nomicore/vfsl 公共入口未导出 applyElementwiseArrayMutation（ADR 0033 决策 2 数组逐元素校验接缝）——实际 typeof=undefined
 ❯ seam packages/vfsl/test/issue-435-elementwise-array-contract.test.ts:69:11
     67|   const candidate = (vfsl as unknown as Record<string, unknown>)[SEAM_…
     68|   if (typeof candidate !== 'function') {
     69|     throw new Error(`${CAPABILITY_GAP}——实际 typeof=${typeof candidate}`…
       |           ^
     70|   }
     71|   return candidate as SeamFn;
 ❯ callOf packages/vfsl/test/issue-435-elementwise-array-contract.test.ts:80:10
 ❯ packages/vfsl/test/issue-435-elementwise-array-contract.test.ts:221:14

⎯⎯⎯⎯⎯⎯⎯⎯⎯⎯⎯⎯⎯⎯⎯⎯⎯⎯⎯⎯⎯⎯[12/21]⎯

 FAIL  packages/vfsl/test/issue-435-elementwise-array-contract.test.ts > #435 D array-delete 仅域规则判定（O(1)，不触碰元素值） > D2 index >= length（越界 no-op）拒绝且 message/path 与现行逐字一致
Error: 能力缺口：@nomicore/vfsl 公共入口未导出 applyElementwiseArrayMutation（ADR 0033 决策 2 数组逐元素校验接缝）——实际 typeof=undefined
 ❯ seam packages/vfsl/test/issue-435-elementwise-array-contract.test.ts:69:11
     67|   const candidate = (vfsl as unknown as Record<string, unknown>)[SEAM_…
     68|   if (typeof candidate !== 'function') {
     69|     throw new Error(`${CAPABILITY_GAP}——实际 typeof=${typeof candidate}`…
       |           ^
     70|   }
     71|   return candidate as SeamFn;
 ❯ callOf packages/vfsl/test/issue-435-elementwise-array-contract.test.ts:80:10
 ❯ packages/vfsl/test/issue-435-elementwise-array-contract.test.ts:230:22

⎯⎯⎯⎯⎯⎯⎯⎯⎯⎯⎯⎯⎯⎯⎯⎯⎯⎯⎯⎯⎯⎯[13/21]⎯

 FAIL  packages/vfsl/test/issue-435-elementwise-array-contract.test.ts > #435 D array-delete 仅域规则判定（O(1)，不触碰元素值） > D3 index + count > length（范围越界）拒绝且不 clamp（path 指向 index）
Error: 能力缺口：@nomicore/vfsl 公共入口未导出 applyElementwiseArrayMutation（ADR 0033 决策 2 数组逐元素校验接缝）——实际 typeof=undefined
 ❯ seam packages/vfsl/test/issue-435-elementwise-array-contract.test.ts:69:11
     67|   const candidate = (vfsl as unknown as Record<string, unknown>)[SEAM_…
     68|   if (typeof candidate !== 'function') {
     69|     throw new Error(`${CAPABILITY_GAP}——实际 typeof=${typeof candidate}`…
       |           ^
     70|   }
     71|   return candidate as SeamFn;
 ❯ callOf packages/vfsl/test/issue-435-elementwise-array-contract.test.ts:80:10
 ❯ packages/vfsl/test/issue-435-elementwise-array-contract.test.ts:242:20

⎯⎯⎯⎯⎯⎯⎯⎯⎯⎯⎯⎯⎯⎯⎯⎯⎯⎯⎯⎯⎯⎯[14/21]⎯

 FAIL  packages/vfsl/test/issue-435-elementwise-array-contract.test.ts > #435 D array-delete 仅域规则判定（O(1)，不触碰元素值） > D4 ADR 0033 决策 4：污染数组（变更区间外非法元素）delete 照常成功——触达面收窄
Error: 能力缺口：@nomicore/vfsl 公共入口未导出 applyElementwiseArrayMutation（ADR 0033 决策 2 数组逐元素校验接缝）——实际 typeof=undefined
 ❯ seam packages/vfsl/test/issue-435-elementwise-array-contract.test.ts:69:11
     67|   const candidate = (vfsl as unknown as Record<string, unknown>)[SEAM_…
     68|   if (typeof candidate !== 'function') {
     69|     throw new Error(`${CAPABILITY_GAP}——实际 typeof=${typeof candidate}`…
       |           ^
     70|   }
     71|   return candidate as SeamFn;
 ❯ verdictOf packages/vfsl/test/issue-435-elementwise-array-contract.test.ts:76:24
 ❯ packages/vfsl/test/issue-435-elementwise-array-contract.test.ts:254:22

⎯⎯⎯⎯⎯⎯⎯⎯⎯⎯⎯⎯⎯⎯⎯⎯⎯⎯⎯⎯⎯⎯[15/21]⎯

 FAIL  packages/vfsl/test/issue-435-elementwise-array-contract.test.ts > #435 D array-delete 仅域规则判定（O(1)，不触碰元素值） > D5 delete 判定不消费元素值：同 length 的污染基线与合法基线判决完全相同
Error: 能力缺口：@nomicore/vfsl 公共入口未导出 applyElementwiseArrayMutation（ADR 0033 决策 2 数组逐元素校验接缝）——实际 typeof=undefined
 ❯ seam packages/vfsl/test/issue-435-elementwise-array-contract.test.ts:69:11
     67|   const candidate = (vfsl as unknown as Record<string, unknown>)[SEAM_…
     68|   if (typeof candidate !== 'function') {
     69|     throw new Error(`${CAPABILITY_GAP}——实际 typeof=${typeof candidate}`…
       |           ^
     70|   }
     71|   return candidate as SeamFn;
 ❯ callOf packages/vfsl/test/issue-435-elementwise-array-contract.test.ts:80:10
 ❯ packages/vfsl/test/issue-435-elementwise-array-contract.test.ts:266:17

⎯⎯⎯⎯⎯⎯⎯⎯⎯⎯⎯⎯⎯⎯⎯⎯⎯⎯⎯⎯⎯⎯[16/21]⎯

 FAIL  packages/vfsl/test/issue-435-elementwise-array-contract.test.ts > #435 E 一致性 fixture（ADR 0033 决策 5） > E1 全用例：逐元素判定与全量整体验证的接受/拒绝及 issue 内容逐字节一致
Error: 能力缺口：@nomicore/vfsl 公共入口未导出 applyElementwiseArrayMutation（ADR 0033 决策 2 数组逐元素校验接缝）——实际 typeof=undefined
 ❯ seam packages/vfsl/test/issue-435-elementwise-array-contract.test.ts:69:11
     67|   const candidate = (vfsl as unknown as Record<string, unknown>)[SEAM_…
     68|   if (typeof candidate !== 'function') {
     69|     throw new Error(`${CAPABILITY_GAP}——实际 typeof=${typeof candidate}`…
       |           ^
     70|   }
     71|   return candidate as SeamFn;
 ❯ verdictOf packages/vfsl/test/issue-435-elementwise-array-contract.test.ts:76:24
 ❯ packages/vfsl/test/issue-435-elementwise-array-contract.test.ts:286:22

⎯⎯⎯⎯⎯⎯⎯⎯⎯⎯⎯⎯⎯⎯⎯⎯⎯⎯⎯⎯⎯⎯[17/21]⎯

 FAIL  packages/vfsl/test/issue-435-elementwise-array-contract.test.ts > #435 E 一致性 fixture（ADR 0033 决策 5） > E2 比较判据敏感：污染 delete 上目标判决与全量 oracle 逐字节可分（E1 非恒真）
Error: 能力缺口：@nomicore/vfsl 公共入口未导出 applyElementwiseArrayMutation（ADR 0033 决策 2 数组逐元素校验接缝）——实际 typeof=undefined
 ❯ seam packages/vfsl/test/issue-435-elementwise-array-contract.test.ts:69:11
     67|   const candidate = (vfsl as unknown as Record<string, unknown>)[SEAM_…
     68|   if (typeof candidate !== 'function') {
     69|     throw new Error(`${CAPABILITY_GAP}——实际 typeof=${typeof candidate}`…
       |           ^
     70|   }
     71|   return candidate as SeamFn;
 ❯ verdictOf packages/vfsl/test/issue-435-elementwise-array-contract.test.ts:76:24
 ❯ packages/vfsl/test/issue-435-elementwise-array-contract.test.ts:298:22

⎯⎯⎯⎯⎯⎯⎯⎯⎯⎯⎯⎯⎯⎯⎯⎯⎯⎯⎯⎯⎯⎯[18/21]⎯

 FAIL  packages/vfsl/test/issue-435-elementwise-array-contract.test.ts > #435 F fast path 闸门 fail closed > F1 闸门前提：6 条数组路径的 plan.kind=array 且边界值节点 kind=array（node.element 在场）
Error: 能力缺口：@nomicore/vfsl 公共入口未导出 applyElementwiseArrayMutation（ADR 0033 决策 2 数组逐元素校验接缝）——实际 typeof=undefined
 ❯ seam packages/vfsl/test/issue-435-elementwise-array-contract.test.ts:69:11
     67|   const candidate = (vfsl as unknown as Record<string, unknown>)[SEAM_…
     68|   if (typeof candidate !== 'function') {
     69|     throw new Error(`${CAPABILITY_GAP}——实际 typeof=${typeof candidate}`…
       |           ^
     70|   }
     71|   return candidate as SeamFn;
 ❯ packages/vfsl/test/issue-435-elementwise-array-contract.test.ts:309:16

⎯⎯⎯⎯⎯⎯⎯⎯⎯⎯⎯⎯⎯⎯⎯⎯⎯⎯⎯⎯⎯⎯[19/21]⎯

 FAIL  packages/vfsl/test/issue-435-elementwise-array-contract.test.ts > #435 F fast path 闸门 fail closed > F2 union 数组目标（uarr: YArray<Item> | YArray<string>）永久 legacy：节点 kind=union ⇒ 新接缝不静默接受
Error: 能力缺口：@nomicore/vfsl 公共入口未导出 applyElementwiseArrayMutation（ADR 0033 决策 2 数组逐元素校验接缝）——实际 typeof=undefined
 ❯ seam packages/vfsl/test/issue-435-elementwise-array-contract.test.ts:69:11
     67|   const candidate = (vfsl as unknown as Record<string, unknown>)[SEAM_…
     68|   if (typeof candidate !== 'function') {
     69|     throw new Error(`${CAPABILITY_GAP}——实际 typeof=${typeof candidate}`…
       |           ^
     70|   }
     71|   return candidate as SeamFn;
 ❯ callOf packages/vfsl/test/issue-435-elementwise-array-contract.test.ts:80:10
 ❯ packages/vfsl/test/issue-435-elementwise-array-contract.test.ts:324:20

⎯⎯⎯⎯⎯⎯⎯⎯⎯⎯⎯⎯⎯⎯⎯⎯⎯⎯⎯⎯⎯⎯[20/21]⎯

 FAIL  packages/vfsl/test/issue-435-elementwise-array-contract.test.ts > #435 F fast path 闸门 fail closed > F3 非 array 计划（kind=target，数组值整体替换位）⇒ fail closed（不静默 ok）
Error: 能力缺口：@nomicore/vfsl 公共入口未导出 applyElementwiseArrayMutation（ADR 0033 决策 2 数组逐元素校验接缝）——实际 typeof=undefined
 ❯ seam packages/vfsl/test/issue-435-elementwise-array-contract.test.ts:69:11
     67|   const candidate = (vfsl as unknown as Record<string, unknown>)[SEAM_…
     68|   if (typeof candidate !== 'function') {
     69|     throw new Error(`${CAPABILITY_GAP}——实际 typeof=${typeof candidate}`…
       |           ^
     70|   }
     71|   return candidate as SeamFn;
 ❯ callOf packages/vfsl/test/issue-435-elementwise-array-contract.test.ts:80:10
 ❯ packages/vfsl/test/issue-435-elementwise-array-contract.test.ts:337:20

⎯⎯⎯⎯⎯⎯⎯⎯⎯⎯⎯⎯⎯⎯⎯⎯⎯⎯⎯⎯⎯⎯[21/21]⎯


 Test Files  1 failed | 1 passed (2)
      Tests  21 failed | 17 passed (38)
Type Errors  no errors
   Start at  12:30:36
   Duration  626ms (transform 210ms, setup 0ms, collect 297ms, tests 31ms, environment 0ms, prepare 94ms)
