### V-F5: #420 三契约 + #418 两冻结锚（--typecheck）
Testing types with tsc and vue-tsc is an experimental feature.
Breaking changes might not follow SemVer, please pin Vitest's version when using it.

 RUN  v3.2.7 /home/wangjian/nomicore-fix-issue-420

 ✓ packages/ws-replication/test/ws-replication-issue420-shim-matrix.test.ts (53 tests) 447ms
 ✓  TS  packages/ws-replication/test/ws-replication-issue420-session-host-api.test-d.ts (0 test)
 ✓ packages/ws-replication/test/ws-replication-issue418-edge-session-split-contract.test.ts (17 tests) 123ms
 ✓ packages/ws-replication/test/ws-replication-issue420-session-host-round.test.ts (10 tests) 114ms
 ✓ packages/ws-replication/test/ws-replication-issue418-edge-session-split-structure.test.ts (9 tests) 42ms

 Test Files  5 passed (5)
      Tests  89 passed (89)
Type Errors  no errors
   Start at  06:44:33
   Duration  3.99s (transform 1.37s, setup 0ms, collect 2.51s, tests 726ms, environment 1ms, prepare 217ms, typecheck 2.86s)

CONTRACT_ANCHORS_EXIT=0
### V-F6: CI contract-gates job verbatim
Testing types with tsc and vue-tsc is an experimental feature.
Breaking changes might not follow SemVer, please pin Vitest's version when using it.

 RUN  v3.2.7 /home/wangjian/nomicore-fix-issue-420

 ✓ packages/persistence/test/persistence-contract.test.ts (6 tests) 10ms

 Test Files  1 passed (1)
      Tests  6 passed (6)
Type Errors  no errors
   Start at  06:44:38
   Duration  393ms (transform 142ms, setup 0ms, collect 198ms, tests 10ms, environment 0ms, prepare 59ms)

GATE_PERSISTENCE_EXIT=0
Testing types with tsc and vue-tsc is an experimental feature.
Breaking changes might not follow SemVer, please pin Vitest's version when using it.

 RUN  v3.2.7 /home/wangjian/nomicore-fix-issue-420

 ✓ packages/namespace-registry/test/registry-sa7-rev1.test.ts (6 tests | 5 skipped) 25ms

 Test Files  1 passed (1)
      Tests  1 passed | 5 skipped (6)
Type Errors  no errors
   Start at  06:44:39
   Duration  939ms (transform 535ms, setup 0ms, collect 751ms, tests 25ms, environment 0ms, prepare 49ms)

GATE_REGISTRY_EXIT=0
Testing types with tsc and vue-tsc is an experimental feature.
Breaking changes might not follow SemVer, please pin Vitest's version when using it.

 RUN  v3.2.7 /home/wangjian/nomicore-fix-issue-420

 ✓ packages/vfsl/test/domains-scaffold.test.ts (2 tests) 8ms

 Test Files  1 passed (1)
      Tests  2 passed (2)
Type Errors  no errors
   Start at  06:44:40
   Duration  430ms (transform 213ms, setup 0ms, collect 263ms, tests 8ms, environment 0ms, prepare 49ms)

GATE_SCAFFOLD_EXIT=0
Testing types with tsc and vue-tsc is an experimental feature.
Breaking changes might not follow SemVer, please pin Vitest's version when using it.

 RUN  v3.2.7 /home/wangjian/nomicore-fix-issue-420

 ✓ packages/doc-runtime/test/materialize-root.test.ts (59 tests) 55ms

 Test Files  1 passed (1)
      Tests  59 passed (59)
Type Errors  no errors
   Start at  06:44:41
   Duration  698ms (transform 342ms, setup 0ms, collect 467ms, tests 55ms, environment 0ms, prepare 53ms)

GATE_MATERIALIZE_EXIT=0
