# runner trigger evidence — issue #419 (SA6, 2026-09-21T14:28:47Z)

## 1. 契约目标路径的发现性探针（临时文件，运行后已删除）
$ NODE_OPTIONS=--conditions=nomicore-source pnpm exec vitest run packages/replication-protocol/test/codec-route-key-guard.test.ts
Testing types with tsc and vue-tsc is an experimental feature.
Breaking changes might not follow SemVer, please pin Vitest's version when using it.
 RUN  v3.2.7 /home/wangjian/nomicore-fix-issue-419
 ✓ packages/replication-protocol/test/codec-route-key-guard.test.ts (1 test) 1ms
 Test Files  1 passed (1)
      Tests  1 passed (1)
Type Errors  no errors
   Start at  22:28:47
   Duration  163ms (transform 19ms, setup 0ms, collect 14ms, tests 1ms, environment 0ms, prepare 47ms)

## 2. 包内全量既有套件（AC5 基线；含 --typecheck）
$ NODE_OPTIONS=--conditions=nomicore-source pnpm exec vitest run --typecheck packages/replication-protocol
Testing types with tsc and vue-tsc is an experimental feature.
Breaking changes might not follow SemVer, please pin Vitest's version when using it.

 RUN  v3.2.7 /home/wangjian/nomicore-fix-issue-419

 ✓ packages/replication-protocol/test/codec-fuzz-property.test.ts (5 tests) 183ms
 ✓ packages/replication-protocol/test/codec-roundtrip-truncation.test.ts (8 tests) 63ms
 ✓ packages/replication-protocol/test/codec-issue242-ac-red.test.ts (29 tests) 16ms
 ✓ packages/replication-protocol/test/codec-messages-golden.test.ts (27 tests) 13ms
 ✓ packages/replication-protocol/test/codec-registries.test.ts (13 tests) 12ms
 ✓ packages/replication-protocol/test/codec-version-interop.test.ts (25 tests) 16ms
 ✓ packages/replication-protocol/test/codec-malformed.test.ts (37 tests) 11ms
 ✓ packages/replication-protocol/test/codec-issue299-ac-red.test.ts (17 tests) 13ms
 ✓ packages/replication-protocol/test/codec-envelope.test.ts (13 tests) 7ms
 ✓  TS  packages/replication-protocol/test/codec-api.test-d.ts (8 tests)
 ✓ packages/replication-protocol/test/codec-issue246-doc-contract.test.ts (22 tests) 9ms
 ✓ packages/replication-protocol/test/codec-package-contract.test.ts (5 tests) 6ms
 ✓ packages/replication-protocol/test/codec-issue299-encode-symmetry.test.ts (5 tests) 6ms
 ✓ packages/replication-protocol/test/codec-route-key-guard.test.ts (1 test) 2ms

 Test Files  14 passed (14)
      Tests  215 passed (215)
Type Errors  no errors
   Start at  22:28:48
   Duration  2.87s (transform 211ms, setup 0ms, collect 534ms, tests 358ms, environment 2ms, prepare 691ms, typecheck 2.25s)


## 3. 删除发现性探针后的洁净基线（AC5：13 文件 / 214 测试；实现票加入 guard 文件后应为 14 文件）
$ NODE_OPTIONS=--conditions=nomicore-source pnpm exec vitest run --typecheck packages/replication-protocol
Testing types with tsc and vue-tsc is an experimental feature.
Breaking changes might not follow SemVer, please pin Vitest's version when using it.

 RUN  v3.2.7 /home/wangjian/nomicore-fix-issue-419

 ✓ packages/replication-protocol/test/codec-fuzz-property.test.ts (5 tests) 167ms
 ✓ packages/replication-protocol/test/codec-roundtrip-truncation.test.ts (8 tests) 85ms
 ✓ packages/replication-protocol/test/codec-version-interop.test.ts (25 tests) 17ms
 ✓ packages/replication-protocol/test/codec-issue242-ac-red.test.ts (29 tests) 20ms
 ✓ packages/replication-protocol/test/codec-messages-golden.test.ts (27 tests) 14ms
 ✓ packages/replication-protocol/test/codec-issue299-ac-red.test.ts (17 tests) 16ms
 ✓ packages/replication-protocol/test/codec-registries.test.ts (13 tests) 16ms
 ✓ packages/replication-protocol/test/codec-malformed.test.ts (37 tests) 14ms
 ✓  TS  packages/replication-protocol/test/codec-api.test-d.ts (8 tests)
 ✓ packages/replication-protocol/test/codec-issue246-doc-contract.test.ts (22 tests) 7ms
 ✓ packages/replication-protocol/test/codec-envelope.test.ts (13 tests) 5ms
 ✓ packages/replication-protocol/test/codec-package-contract.test.ts (5 tests) 7ms
 ✓ packages/replication-protocol/test/codec-issue299-encode-symmetry.test.ts (5 tests) 6ms

 Test Files  13 passed (13)
      Tests  214 passed (214)
Type Errors  no errors
   Start at  22:29:14
   Duration  2.72s (transform 204ms, setup 0ms, collect 517ms, tests 373ms, environment 2ms, prepare 633ms, typecheck 2.18s)
