### AC3 listen + beta matrix + parity guards — 2026-09-22T13:07:30Z
Testing types with tsc and vue-tsc is an experimental feature.
Breaking changes might not follow SemVer, please pin Vitest's version when using it.

 RUN  v3.2.7 /home/wangjian/nomicore-fix-issue-451

 ✓ packages/ws-replication/test/ws-replication-issue420-shim-matrix.test.ts (53 tests) 404ms
 ✓ packages/ws-replication/test/ws-replication-issue423-sa7-dynamic.test.ts (5 tests) 200ms
 ✓  TS  packages/ws-replication/test/ws-replication-issue420-session-host-api.test-d.ts (0 test)
 ✓  TS  packages/ws-replication/test/ws-replication-issue421-edge-factory-api.test-d.ts (8 tests)
 ✓ packages/ws-replication/test/ws-replication-issue418-edge-session-split-contract.test.ts (17 tests) 95ms
 ✓ packages/ws-replication/test/ws-replication-issue423-observer-emission-split.test.ts (21 tests) 99ms
 ✓ packages/ws-replication/test/ws-replication-issue420-session-host-round.test.ts (10 tests) 88ms
 ✓ packages/ws-replication/test/ws-replication-issue418-pending-window-matrix.test.ts (25 tests) 90ms
 ✓ packages/ws-replication/test/ws-replication-issue424-cross-seam-round.test.ts (5 tests) 72ms
 ✓ packages/ws-replication/test/ws-replication-issue424-auth-parity.test.ts (7 tests) 87ms
 ✓ packages/ws-replication/test/ws-replication-issue424-lifecycle.test.ts (9 tests) 64ms
 ✓ packages/ws-replication/test/ws-replication-issue424-multi-worker.test.ts (4 tests) 52ms
 ✓ packages/ws-replication/test/ws-replication-issue421-open-admission-pipeline.test.ts (40 tests) 41ms
 ✓ packages/ws-replication/test/ws-replication-issue418-edge-session-split-structure.test.ts (9 tests) 38ms
 ✓ packages/ws-replication/test/ws-replication-issue421-wire-parity.test.ts (8 tests) 15ms
 ✓ packages/ws-replication/test/ws-replication-issue421-error-routing.test.ts (8 tests) 16ms
 ✓ packages/ws-replication/test/ws-replication-issue421-edge-accept.test.ts (15 tests) 16ms
 ✓ packages/ws-replication/test/ws-replication-issue421-route-key-parity.test.ts (7 tests) 15ms
 ✓ packages/ws-replication/test/ws-replication-issue421-edge-lifecycle.test.ts (12 tests) 15ms
 ✓ packages/ws-replication/test/ws-replication-issue423-update-offset-guard.test.ts (10 tests) 10ms

 Test Files  20 passed (20)
      Tests  273 passed (273)
Type Errors  no errors
   Start at  21:07:31
   Duration  8.36s (transform 1.32s, setup 0ms, collect 4.39s, tests 1.42s, environment 4ms, prepare 785ms, typecheck 2.82s)

MATRIX_EXIT=0

### AC4-a package tsc — 2026-09-22T13:07:39Z
PKG_TSC_EXIT=0
