Preparing worktree (detached HEAD 0a91f14)
HEAD is now at 0a91f14 docs(adr): ADR 0034 Record 与封闭对象 delete 逐 entry 校验——触达面收窄至目标键位
Scope: all 17 workspace projects
Lockfile is up to date, resolution step is skipped
Progress: resolved 1, reused 0, downloaded 0, added 0
Packages: +65
+++++++++++++++++++++++++++++++++++++++++++++++++++++++++++++++++
Progress: resolved 65, reused 65, downloaded 0, added 65, done

devDependencies:
+ tsx 4.23.12
+ typescript 5.9.3
+ vitest 3.2.7

╭ Warning ─────────────────────────────────────────────────────────────────────╮
│                                                                              │
│   Ignored build scripts: esbuild@0.28.2.                                     │
│   Run "pnpm approve-builds" to pick which dependencies should be allowed     │
│   to run scripts.                                                            │
│                                                                              │
╰──────────────────────────────────────────────────────────────────────────────╯
Done in 531ms using pnpm v10.28.2
INSTALL_EXIT:0
