Testing types with tsc and vue-tsc is an experimental feature.
Breaking changes might not follow SemVer, please pin Vitest's version when using it.

 RUN  v3.2.7 /home/wangjian/nomicore-fix-issue-451

 ❯ packages/ws-replication/test/ws-replication-issue451-gamma-observability-anchor.test.ts (9 tests | 4 failed) 111ms
   ✓ issue #451 ANCHOR-EDGE — γ 缝 `update-sent` 发射点 = edge 盖章点（§24.8 / §23.1 归属表 / A4.7） > ANCHOR-EDGE-C1（仅 edge observer 正控 + session 域负控）：live UPDATE 恰一 `update-sent{sequence=wire 序,bytes=载荷长}`；edge 观测面零 session 域事件 41ms
   ✓ issue #451 ANCHOR-EDGE — γ 缝 `update-sent` 发射点 = edge 盖章点（§24.8 / §23.1 归属表 / A4.7） > ANCHOR-EDGE-C2（宿主直驱判别面）：不经 session 的 egress 直驱 UPDATE 仍恰一 `update-sent`（锚在盖章点，非 session 推送点的判别性证据） 6ms
   ✓ issue #451 ANCHOR-EDGE — γ 缝 `update-sent` 发射点 = edge 盖章点（§24.8 / §23.1 归属表 / A4.7） > ANCHOR-EDGE-NC1（未盖章负控）：单帧超连接级上限（返回 0 + 收口）⇒ 零 `update-sent`；连接域事实在场证记录器活 6ms
   ✓ issue #451 ANCHOR-EDGE — γ 缝 `update-sent` 发射点 = edge 盖章点（§24.8 / §23.1 归属表 / A4.7） > ANCHOR-EDGE-NC2（型门/R21 边界）：kind=0 分块 transfer 期间 edge 观测面零普通族 `update-sent`，chunked 族只在 session 侧恰一 7ms
   × issue #451 ANCHOR-SESSION — namespace 域事件发射点 = session 结算点（§23.1 归属表 session 行） > ANCHOR-SESSION-C1（镜像负控）：仅 session observer —— `update-acked` 恰一（sequence=wire 序）；观测面零 `update-sent`、零连接域事件 12ms
     → session 观测面零 update-sent（出站序事实归 edge）: expected [ { type: 'update-sent', …(5) } ] to have a length of +0 but got 1
   ✓ issue #451 ANCHOR-SESSION — namespace 域事件发射点 = session 结算点（§23.1 归属表 session 行） > ANCHOR-SESSION-C2（chunked 族归 session）：kind=0 分块 —— session 恰一 `chunked-update-sent` + `chunked-update-acked`；零普通族、零连接域事件 9ms
   × issue #451 ANCHOR-SESSION — namespace 域事件发射点 = session 结算点（§23.1 归属表 session 行） > ANCHOR-BOTH-C1（双 observer 共 recorder：无双发）：`update-sent` ×1 与 `update-acked` ×1 同序——恰一由两点结构性保证，非注入面偶然 6ms
     → 双 observer 下无第二发射点：update-sent 恰一: expected [ { type: 'update-sent', …(5) }, …(1) ] to have a length of 1 but got 2
   × issue #451 ANCHOR-ORDER — 跨线程 observer 事件无全序：断言只依赖单侧事实与因果门（§24.8） > ANCHOR-ORDER-C1（调度扰动不变性）：即时释放 vs 扣留回执后释放——两调度下按型投影逐字相同 13ms
     → 调度 A：恰一 update-sent: expected [ { type: 'update-sent', …(4) }, …(1) ] to have a length of 1 but got 2
   × issue #451 ANCHOR-ORDER — 跨线程 observer 事件无全序：断言只依赖单侧事实与因果门（§24.8） > ANCHOR-ORDER-C2（因果门独立可观察）：扣留期 edge 侧 `update-sent` 在场而 session 侧 `update-acked` 缺席；释放后两者在场——以因果门断言，不读合并数组相对位置 7ms
     → 扣留期：update-sent 恰一（独立可观察）: expected [ { type: 'update-sent', …(5) }, …(1) ] to have a length of 1 but got 2

⎯⎯⎯⎯⎯⎯⎯ Failed Tests 4 ⎯⎯⎯⎯⎯⎯⎯

 FAIL  packages/ws-replication/test/ws-replication-issue451-gamma-observability-anchor.test.ts > issue #451 ANCHOR-SESSION — namespace 域事件发射点 = session 结算点（§23.1 归属表 session 行） > ANCHOR-SESSION-C1（镜像负控）：仅 session observer —— `update-acked` 恰一（sequence=wire 序）；观测面零 `update-sent`、零连接域事件
AssertionError: session 观测面零 update-sent（出站序事实归 edge）: expected [ { type: 'update-sent', …(5) } ] to have a length of +0 but got 1

- Expected
+ Received

- 0
+ 1

 ❯ packages/ws-replication/test/ws-replication-issue451-gamma-observability-anchor.test.ts:270:85
    268|     );
    269|     // 镜像负控：出站 sequence 事件若回退到 session 发射，本断言即红（记录器已活：update-acked 在场）。
    270|     expect(eventsOf(round, 'update-sent'), 'session 观测面零 update-sent（出…
       |                                                                                     ^
    271|     expectZeroTypes(round, HUB_CONNECTION_DOMAIN_TYPES);
    272|   }, 30_000);

⎯⎯⎯⎯⎯⎯⎯⎯⎯⎯⎯⎯⎯⎯⎯⎯⎯⎯⎯⎯⎯⎯⎯⎯[1/4]⎯

 FAIL  packages/ws-replication/test/ws-replication-issue451-gamma-observability-anchor.test.ts > issue #451 ANCHOR-SESSION — namespace 域事件发射点 = session 结算点（§23.1 归属表 session 行） > ANCHOR-BOTH-C1（双 observer 共 recorder：无双发）：`update-sent` ×1 与 `update-acked` ×1 同序——恰一由两点结构性保证，非注入面偶然
AssertionError: 双 observer 下无第二发射点：update-sent 恰一: expected [ { type: 'update-sent', …(5) }, …(1) ] to have a length of 1 but got 2

- Expected
+ Received

- 1
+ 2

 ❯ packages/ws-replication/test/ws-replication-issue451-gamma-observability-anchor.test.ts:312:55
    310|     const sent = eventsOf(round, 'update-sent');
    311|     const acked = eventsOf(round, 'update-acked');
    312|     expect(sent, '双 observer 下无第二发射点：update-sent 恰一').toHaveLength(1);
       |                                                       ^
    313|     expect(acked, '双 observer 下无第二发射点：update-acked 恰一').toHaveLength(1…
    314|     expect(sent[0]!.sequence, '两事件回指同一 wire 序').toBe(update[0]!.sequen…

⎯⎯⎯⎯⎯⎯⎯⎯⎯⎯⎯⎯⎯⎯⎯⎯⎯⎯⎯⎯⎯⎯⎯⎯[2/4]⎯

 FAIL  packages/ws-replication/test/ws-replication-issue451-gamma-observability-anchor.test.ts > issue #451 ANCHOR-ORDER — 跨线程 observer 事件无全序：断言只依赖单侧事实与因果门（§24.8） > ANCHOR-ORDER-C1（调度扰动不变性）：即时释放 vs 扣留回执后释放——两调度下按型投影逐字相同
AssertionError: 调度 A：恰一 update-sent: expected [ { type: 'update-sent', …(4) }, …(1) ] to have a length of 1 but got 2

- Expected
+ Received

- 1
+ 2

 ❯ packages/ws-replication/test/ws-replication-issue451-gamma-observability-anchor.test.ts:352:53
    350|     const projectionA = anchorProjection(roundA.observerEvents);
    351|     const projectionB = anchorProjection(roundB.observerEvents);
    352|     expect(projectionA.sent, '调度 A：恰一 update-sent').toHaveLength(1);
       |                                                     ^
    353|     expect(projectionA.acked, '调度 A：恰一 update-acked').toHaveLength(1);
    354|     expect(projectionB.sent, '调度 B：恰一 update-sent').toHaveLength(1);

⎯⎯⎯⎯⎯⎯⎯⎯⎯⎯⎯⎯⎯⎯⎯⎯⎯⎯⎯⎯⎯⎯⎯⎯[3/4]⎯

 FAIL  packages/ws-replication/test/ws-replication-issue451-gamma-observability-anchor.test.ts > issue #451 ANCHOR-ORDER — 跨线程 observer 事件无全序：断言只依赖单侧事实与因果门（§24.8） > ANCHOR-ORDER-C2（因果门独立可观察）：扣留期 edge 侧 `update-sent` 在场而 session 侧 `update-acked` 缺席；释放后两者在场——以因果门断言，不读合并数组相对位置
AssertionError: 扣留期：update-sent 恰一（独立可观察）: expected [ { type: 'update-sent', …(5) }, …(1) ] to have a length of 1 but got 2

- Expected
+ Received

- 1
+ 2

 ❯ packages/ws-replication/test/ws-replication-issue451-gamma-observability-anchor.test.ts:379:73
    377|     // 扣留期推进（含 ACK 到达 edge 但被扣留）：session 结算事实结构性缺席。
    378|     await pumpSteps(round.facade.host, 4);
    379|     expect(eventsOf(round, 'update-sent'), '扣留期：update-sent 恰一（独立可观察）'…
       |                                                                         ^
    380|     expect(eventsOf(round, 'update-acked'), '扣留期：update-acked 缺席（sessi…
    381|       0,

⎯⎯⎯⎯⎯⎯⎯⎯⎯⎯⎯⎯⎯⎯⎯⎯⎯⎯⎯⎯⎯⎯⎯⎯[4/4]⎯


 Test Files  1 failed (1)
      Tests  4 failed | 5 passed (9)
Type Errors  no errors
   Start at  20:39:11
   Duration  1.22s (transform 668ms, setup 0ms, collect 922ms, tests 111ms, environment 0ms, prepare 52ms)
