### HEAD: fc6c1d3a4d56453a6c7288519ec7cbfe852f8e1a  branch: mabf/issue-405
### date: 2026-09-15T22:29:21+08:00

### CMD: pnpm typecheck (root, 14 tsc projects)

> nomicore@0.1.0 typecheck /home/wangjian/nomicore-fix-issue-405
> tsc -p packages/vfsl/tsconfig.json && tsc -p packages/vfsl-protocol/tsconfig.json && tsc -p packages/vfsl-codegen/tsconfig.json && tsc -p packages/persistence/tsconfig.json && tsc -p packages/dsh-persistence/tsconfig.json && tsc -p packages/doc-runtime/tsconfig.json && tsc -p packages/namespace-runtime/tsconfig.json && tsc -p packages/clock/tsconfig.json && tsc -p packages/instance/tsconfig.json && tsc -p packages/namespace-registry/tsconfig.json && tsc -p packages/namespace-diagnostic-log/tsconfig.json && tsc -p packages/replication-protocol/tsconfig.json && tsc -p packages/ws-replication/tsconfig.json && tsc -p apps/yjs-server/tsconfig.json

TYPECHECK_EXIT=0

### CMD: NODE_OPTIONS=--conditions=nomicore-source pnpm exec vitest run packages/namespace-runtime/test packages/namespace-registry/test packages/doc-runtime/test --typecheck
 ✓ packages/doc-runtime/test/extract-plain-domain.test.ts (9 tests) 14ms
 ✓ packages/namespace-registry/test/registry-guard-proxy-consumption.test.ts (2 tests) 12ms
 ✓ packages/namespace-runtime/test/runtime-mutate-root-persistence.test.ts (2 tests) 121ms
 ✓ packages/doc-runtime/test/schema-replace-lifecycle-meta.test.ts (8 tests) 18ms
 ✓ packages/namespace-runtime/test/runtime-registry-internal-sa7-dynamic.test.ts (4 tests) 75ms
 ✓ packages/doc-runtime/test/extract-union-trial.test.ts (8 tests) 13ms
 ✓ packages/namespace-runtime/test/runtime-schema-carrier-split.test.ts (4 tests) 15ms
 ✓ packages/doc-runtime/test/issue-350-sa7-batch-divergence.test.ts (4 tests) 21ms
 ✓ packages/namespace-runtime/test/runtime-readdata-projection-text-control.test.ts (9 tests) 44ms
 ✓ packages/namespace-runtime/test/runtime-sync-read-face.test.ts (4 tests) 40ms
 ✓ packages/namespace-runtime/test/runtime-replication-sa4-probe.test.ts (2 tests) 36ms
 ✓ packages/namespace-runtime/test/runtime-boundary-supplementary.test.ts (3 tests) 41ms
 ✓ packages/namespace-runtime/test/runtime-readdata-shape-budget-control.test.ts (5 tests) 22ms
 ✓ packages/doc-runtime/test/extract-record-keyspace.test.ts (2 tests) 7ms
 ✓ packages/namespace-runtime/test/issue-350-sa7-batch-fatal.test.ts (1 test) 17ms
 ✓ packages/namespace-registry/test/readdata-docs-adr0016-sync-red.test.ts (8 tests) 4ms
 ✓ packages/namespace-registry/test/issue-382-lease-where-no-silent-pass.test.ts (3 tests) 21ms
 ✓ packages/namespace-registry/test/registry-schema-lifecycle.test.ts (2 tests) 20ms
stderr | packages/doc-runtime/test/doc-runtime-surface.test.ts
Using an object as a third argument is deprecated. Vitest 4 will throw an error if the third argument is not a timeout number. Please use the second argument for options. See more at https://vitest.dev/guide/migration

 ✓ packages/doc-runtime/test/doc-runtime-surface.test.ts (2 tests) 2031ms
   ✓ declaration emit：doc-runtime 主入口合法出现 createInitialDocument 与 Y.Doc（§8 正向 fixture） > 主入口可达声明图包含 createInitialDocument 且合法出现 Y.Doc（正向 fixture）  2029ms
 ✓ packages/namespace-runtime/test/runtime-readdata-schema-projection-control.test.ts (7 tests) 36ms
 ✓ packages/namespace-registry/test/registry-node-dispose.test.ts (2 tests) 7ms
 ✓ packages/namespace-runtime/test/sequencer-slotkind-close-barrier.test.ts (3 tests) 11ms
 ✓ packages/namespace-registry/test/registry-persistence-contract.test.ts (2 tests) 27ms
 ✓ packages/doc-runtime/test/apply-validated-mutation-nested-path-repro.test.ts (2 tests) 10ms
 ✓ packages/doc-runtime/test/public-surface-guard.test.ts (6 tests) 3ms
 ✓ packages/namespace-runtime/test/runtime-acceptance-exports-audit.test.ts (4 tests) 2ms
 ✓ packages/namespace-registry/test/registry-entry-removal-guard.test.ts (7 tests) 5ms
 ✓ packages/namespace-runtime/test/runtime-readdata-hostile-path-guard.test.ts (4 tests) 19ms
 ✓ packages/namespace-registry/test/diag-pump-scheduler-injection.test.ts (2 tests) 3ms

 Test Files  162 passed (162)
      Tests  2051 passed (2051)
Type Errors  no errors
   Start at  22:29:42
   Duration  57.04s (transform 1.90s, setup 0ms, collect 15.84s, tests 24.35s, environment 17ms, prepare 5.64s, typecheck 8.51s)

FOCUSED_EXIT=0
