### SA6 issue-422 runner-trigger red (HEAD=4ad13a35f782411d3c48096c31afa724f6eae067) — 2026-09-22T07:19:52+08:00
### run: NODE_OPTIONS=--conditions=nomicore-source pnpm exec vitest run --typecheck packages/ws-replication/test/ws-replication-issue422-listen-false.test.ts packages/ws-replication/test/ws-replication-issue422-session-host-api.test-d.ts
Testing types with tsc and vue-tsc is an experimental feature.
Breaking changes might not follow SemVer, please pin Vitest's version when using it.

 RUN  v3.2.7 /home/wangjian/nomicore-fix-issue-422

 ❯ packages/ws-replication/test/ws-replication-issue422-listen-false.test.ts (37 tests | 2 failed) 54ms
   ✓ @422 AC5：非法 listen 形态构造期响亮 TypeError（负控，HEAD 必须绿） > 拒绝：拼写变体键 5ms
   ✓ @422 AC5：非法 listen 形态构造期响亮 TypeError（负控，HEAD 必须绿） > 拒绝：字符串伪值 0ms
   ✓ @422 AC5：非法 listen 形态构造期响亮 TypeError（负控，HEAD 必须绿） > 拒绝：数字 0 0ms
   ✓ @422 AC5：非法 listen 形态构造期响亮 TypeError（负控，HEAD 必须绿） > 拒绝：空串 0ms
   ✓ @422 AC5：非法 listen 形态构造期响亮 TypeError（负控，HEAD 必须绿） > 拒绝：null 0ms
   ✓ @422 AC5：非法 listen 形态构造期响亮 TypeError（负控，HEAD 必须绿） > 拒绝：undefined 0ms
   ✓ @422 AC5：非法 listen 形态构造期响亮 TypeError（负控，HEAD 必须绿） > 拒绝：NaN 0ms
   ✓ @422 AC5：非法 listen 形态构造期响亮 TypeError（负控，HEAD 必须绿） > 拒绝：数字 1 0ms
   ✓ @422 AC5：非法 listen 形态构造期响亮 TypeError（负控，HEAD 必须绿） > 拒绝：true 0ms
   ✓ @422 AC5：非法 listen 形态构造期响亮 TypeError（负控，HEAD 必须绿） > 拒绝：空数组 0ms
   ✓ @422 AC5：非法 listen 形态构造期响亮 TypeError（负控，HEAD 必须绿） > 拒绝：空对象 0ms
   ✓ @422 AC5：非法 listen 形态构造期响亮 TypeError（负控，HEAD 必须绿） > 拒绝：缺 host/port 0ms
   ✓ @422 AC5：非法 listen 形态构造期响亮 TypeError（负控，HEAD 必须绿） > 拒绝：空 host 0ms
   ✓ @422 AC5：非法 listen 形态构造期响亮 TypeError（负控，HEAD 必须绿） > 拒绝：端口越界 0ms
   ✓ @422 AC5：非法 listen 形态构造期响亮 TypeError（负控，HEAD 必须绿） > 拒绝：path 非绝对 0ms
   ✓ @422 AC5：非法 listen 形态构造期响亮 TypeError（负控，HEAD 必须绿） > 拒绝：嵌套拼写变体 0ms
   ✓ @422 AC5：非法 listen 形态构造期响亮 TypeError（负控，HEAD 必须绿） > 拒绝（其余配置合法）：拼写变体键 0ms
   ✓ @422 AC5：非法 listen 形态构造期响亮 TypeError（负控，HEAD 必须绿） > 拒绝（其余配置合法）：字符串伪值 0ms
   ✓ @422 AC5：非法 listen 形态构造期响亮 TypeError（负控，HEAD 必须绿） > 拒绝（其余配置合法）：数字 0 0ms
   ✓ @422 AC5：非法 listen 形态构造期响亮 TypeError（负控，HEAD 必须绿） > 拒绝（其余配置合法）：空串 0ms
   ✓ @422 AC5：非法 listen 形态构造期响亮 TypeError（负控，HEAD 必须绿） > 拒绝（其余配置合法）：null 0ms
   ✓ @422 AC5：非法 listen 形态构造期响亮 TypeError（负控，HEAD 必须绿） > 拒绝（其余配置合法）：undefined 0ms
   ✓ @422 AC5：非法 listen 形态构造期响亮 TypeError（负控，HEAD 必须绿） > 拒绝（其余配置合法）：NaN 0ms
   ✓ @422 AC5：非法 listen 形态构造期响亮 TypeError（负控，HEAD 必须绿） > 拒绝（其余配置合法）：数字 1 0ms
   ✓ @422 AC5：非法 listen 形态构造期响亮 TypeError（负控，HEAD 必须绿） > 拒绝（其余配置合法）：true 0ms
   ✓ @422 AC5：非法 listen 形态构造期响亮 TypeError（负控，HEAD 必须绿） > 拒绝（其余配置合法）：空数组 0ms
   ✓ @422 AC5：非法 listen 形态构造期响亮 TypeError（负控，HEAD 必须绿） > 拒绝（其余配置合法）：空对象 0ms
   ✓ @422 AC5：非法 listen 形态构造期响亮 TypeError（负控，HEAD 必须绿） > 拒绝（其余配置合法）：缺 host/port 0ms
   ✓ @422 AC5：非法 listen 形态构造期响亮 TypeError（负控，HEAD 必须绿） > 拒绝（其余配置合法）：空 host 0ms
   ✓ @422 AC5：非法 listen 形态构造期响亮 TypeError（负控，HEAD 必须绿） > 拒绝（其余配置合法）：端口越界 0ms
   ✓ @422 AC5：非法 listen 形态构造期响亮 TypeError（负控，HEAD 必须绿） > 拒绝（其余配置合法）：path 非绝对 0ms
   ✓ @422 AC5：非法 listen 形态构造期响亮 TypeError（负控，HEAD 必须绿） > 拒绝（其余配置合法）：嵌套拼写变体 0ms
   ✓ @422 AC5：非法 listen 形态构造期响亮 TypeError（负控，HEAD 必须绿） > listen 模式既有要求链逐项不变（缺 adapter / 缺认证 / 缺授权） 1ms
   ✓ @422 AC4：listen 模式服务面/装配逐字节不变（负控，HEAD 必须绿） > AC2 补充结构门：src/** 与 package.json 零网络面 API（GREEN 基线，须保持） 6ms
   ✓ @422 AC4：listen 模式服务面/装配逐字节不变（负控，HEAD 必须绿） > listen 模式提供 nomicoreHubReplication、调用 adapter 一次、不提供 SessionHost 服务 26ms
   × @422 AC1/AC2/AC3/AC6：免 listen 模式（目标断言；HEAD 必须红在能力缺口） > 角色校验纪律不变：免 listen 模式仍先于任何装配副作用拒绝 peer 角色 6ms
     → hub replication listen: invalid configuration
   × @422 AC1/AC2/AC3/AC6：免 listen 模式（目标断言；HEAD 必须红在能力缺口） > 装配成功 + 服务面 + 零 listener + 零 nomicoreHubReplication + 真会话回合 + 注入面 5ms
     → hub replication listen: invalid configuration
 ❯  TS  packages/ws-replication/test/ws-replication-issue422-session-host-api.test-d.ts (2 tests | 2 failed)
   × @422 types：listen:false 配置联合与服务签名 > 配置联合接受 false 与既有 listen 设置；服务面逐成员冻结
     → Type 'Readonly<{ readonly host string; readonly port number; readonly path? string; }>' does not satisfy the constraint '"Expected ..., Actual literal boolean false"'.
     → Type 'boolean' is not assignable to type 'Readonly<{ readonly host string; readonly port number; readonly path? string; }>'.
     → This expression is not callable. Type 'Inverted<ExpectAny<any>>' has no call signatures.
     → Type 'HubSessionHandle' does not satisfy the constraint '"Expected ..., Actual unknown"'.
     → Type 'Promise<void>' does not satisfy the constraint '"Expected ..., Actual unknown"'.
   × @422 types：listen:false 配置联合与服务签名 > 负控：伪值形态 / 服务面混入连接级成员必须类型错
     → Unused '@ts-expect-error' directive.
     → Unused '@ts-expect-error' directive.

⎯⎯⎯⎯⎯⎯⎯ Failed Tests 4 ⎯⎯⎯⎯⎯⎯⎯

 FAIL  packages/ws-replication/test/ws-replication-issue422-listen-false.test.ts > @422 AC1/AC2/AC3/AC6：免 listen 模式（目标断言；HEAD 必须红在能力缺口） > 角色校验纪律不变：免 listen 模式仍先于任何装配副作用拒绝 peer 角色
TypeError: hub replication listen: invalid configuration
 ❯ assertRecord packages/ws-replication/src/plugin.ts:163:11
    161|   if (value === null || typeof value !== 'object' || Array.isArray(val…
    162|     || Object.keys(value).some((key) => !keys.has(key))) {
    163|     throw new TypeError(`${label}: invalid configuration`);
       |           ^
    164|   }
    165| }
 ❯ validateHubConfig packages/ws-replication/src/plugin.ts:292:3
 ❯ createHubReplicationPlugin packages/ws-replication/src/plugin.ts:361:3
 ❯ packages/ws-replication/test/ws-replication-issue422-listen-false.test.ts:182:20

⎯⎯⎯⎯⎯⎯⎯⎯⎯⎯⎯⎯⎯⎯⎯⎯⎯⎯⎯⎯⎯⎯⎯⎯[1/9]⎯

 FAIL  packages/ws-replication/test/ws-replication-issue422-listen-false.test.ts > @422 AC1/AC2/AC3/AC6：免 listen 模式（目标断言；HEAD 必须红在能力缺口） > 装配成功 + 服务面 + 零 listener + 零 nomicoreHubReplication + 真会话回合 + 注入面
TypeError: hub replication listen: invalid configuration
 ❯ assertRecord packages/ws-replication/src/plugin.ts:163:11
    161|   if (value === null || typeof value !== 'object' || Array.isArray(val…
    162|     || Object.keys(value).some((key) => !keys.has(key))) {
    163|     throw new TypeError(`${label}: invalid configuration`);
       |           ^
    164|   }
    165| }
 ❯ validateHubConfig packages/ws-replication/src/plugin.ts:292:3
 ❯ createHubReplicationPlugin packages/ws-replication/src/plugin.ts:361:3
 ❯ packages/ws-replication/test/ws-replication-issue422-listen-false.test.ts:214:20

⎯⎯⎯⎯⎯⎯⎯⎯⎯⎯⎯⎯⎯⎯⎯⎯⎯⎯⎯⎯⎯⎯⎯⎯[2/9]⎯

 FAIL  packages/ws-replication/test/ws-replication-issue422-session-host-api.test-d.ts > @422 types：listen:false 配置联合与服务签名 > 配置联合接受 false 与既有 listen 设置；服务面逐成员冻结
TypeCheckError: Type 'Readonly<{ readonly host string; readonly port number; readonly path? string; }>' does not satisfy the constraint '"Expected ..., Actual literal boolean false"'.
 ❯ packages/ws-replication/test/ws-replication-issue422-session-host-api.test-d.ts:29:41
     27| describe('@422 types：listen:false 配置联合与服务签名', () => {
     28|   it('配置联合接受 false 与既有 listen 设置；服务面逐成员冻结', () => {
     29|     expectTypeOf<false>().toMatchTypeOf<HubReplicationPluginConfig['li…
       |                                         ^
     30|     expectTypeOf<HubReplicationPluginConfig['listen']>()
     31|       .toMatchTypeOf<{ readonly host: string; readonly port: number; r…

⎯⎯⎯⎯⎯⎯⎯⎯⎯⎯⎯⎯⎯⎯⎯⎯⎯⎯⎯⎯⎯⎯⎯⎯[3/9]⎯

 FAIL  packages/ws-replication/test/ws-replication-issue422-session-host-api.test-d.ts > @422 types：listen:false 配置联合与服务签名 > 配置联合接受 false 与既有 listen 设置；服务面逐成员冻结
TypeCheckError: Type 'boolean' is not assignable to type 'Readonly<{ readonly host string; readonly port number; readonly path? string; }>'.
 ❯ packages/ws-replication/test/ws-replication-issue422-session-host-api.test-d.ts:33:52
     31|       .toMatchTypeOf<{ readonly host: string; readonly port: number; r…
     32| 
     33|     const noListen: HubReplicationPluginConfig = { listen: false };
       |                                                    ^
     34|     const listen: HubReplicationPluginConfig = { listen: { host: '127.…
     35|     expectTypeOf(noListen).toMatchTypeOf<HubReplicationPluginConfig>();

⎯⎯⎯⎯⎯⎯⎯⎯⎯⎯⎯⎯⎯⎯⎯⎯⎯⎯⎯⎯⎯⎯⎯⎯[4/9]⎯

 FAIL  packages/ws-replication/test/ws-replication-issue422-session-host-api.test-d.ts > @422 types：listen:false 配置联合与服务签名 > 配置联合接受 false 与既有 listen 设置；服务面逐成员冻结
TypeCheckError: This expression is not callable. Type 'Inverted<ExpectAny<any>>' has no call signatures.
 ❯ packages/ws-replication/test/ws-replication-issue422-session-host-api.test-d.ts:40:58
     38| 
     39|     expectTypeOf(NOMICORE_HUB_SESSION_HOST_SERVICE).toEqualTypeOf<'nom…
     40|     expectTypeOf(requireHubSessionHost).parameter(0).not.toBeAny();
       |                                                          ^
     41|     expectTypeOf(requireHubSessionHost).returns.toEqualTypeOf<HubSessi…
     42|     expectTypeOf<HubSessionHostService>().toMatchTypeOf<HubSessionHost…

⎯⎯⎯⎯⎯⎯⎯⎯⎯⎯⎯⎯⎯⎯⎯⎯⎯⎯⎯⎯⎯⎯⎯⎯[5/9]⎯

 FAIL  packages/ws-replication/test/ws-replication-issue422-session-host-api.test-d.ts > @422 types：listen:false 配置联合与服务签名 > 配置联合接受 false 与既有 listen 设置；服务面逐成员冻结
TypeCheckError: Type 'HubSessionHandle' does not satisfy the constraint '"Expected ..., Actual unknown"'.
 ❯ packages/ws-replication/test/ws-replication-issue422-session-host-api.test-d.ts:43:73
     41|     expectTypeOf(requireHubSessionHost).returns.toEqualTypeOf<HubSessi…
     42|     expectTypeOf<HubSessionHostService>().toMatchTypeOf<HubSessionHost…
     43|     expectTypeOf<HubSessionHostService['open']>().returns.toEqualTypeO…
       |                                                                         ^
     44|     expectTypeOf<HubSessionHostService['status']>().toEqualTypeOf<HubS…
     45|     expectTypeOf<HubSessionHostStatus['state']>().toEqualTypeOf<'ready…

⎯⎯⎯⎯⎯⎯⎯⎯⎯⎯⎯⎯⎯⎯⎯⎯⎯⎯⎯⎯⎯⎯⎯⎯[6/9]⎯

 FAIL  packages/ws-replication/test/ws-replication-issue422-session-host-api.test-d.ts > @422 types：listen:false 配置联合与服务签名 > 配置联合接受 false 与既有 listen 设置；服务面逐成员冻结
TypeCheckError: Type 'Promise<void>' does not satisfy the constraint '"Expected ..., Actual unknown"'.
 ❯ packages/ws-replication/test/ws-replication-issue422-session-host-api.test-d.ts:47:73
     45|     expectTypeOf<HubSessionHostStatus['state']>().toEqualTypeOf<'ready…
     46|     expectTypeOf<HubSessionHostStatus['sessions']>().toEqualTypeOf<num…
     47|     expectTypeOf<HubSessionHostService['stop']>().returns.toEqualTypeO…
       |                                                                         ^
     48|     expectTypeOf(ctx.get('nomicoreHubSessionHost')).toEqualTypeOf<HubS…
     49|   });

⎯⎯⎯⎯⎯⎯⎯⎯⎯⎯⎯⎯⎯⎯⎯⎯⎯⎯⎯⎯⎯⎯⎯⎯[7/9]⎯

 FAIL  packages/ws-replication/test/ws-replication-issue422-session-host-api.test-d.ts > @422 types：listen:false 配置联合与服务签名 > 负控：伪值形态 / 服务面混入连接级成员必须类型错
TypeCheckError: Unused '@ts-expect-error' directive.
 ❯ packages/ws-replication/test/ws-replication-issue422-session-host-api.test-d.ts:62:5
     60|     // @ts-expect-error 嵌套拼写变体键不得通过
     61|     const badNested: HubReplicationPluginConfig = { listen: { host: '1…
     62|     // @ts-expect-error SessionHost 服务无 requestReauth（连接级职责不混入）
       |     ^
     63|     service.requestReauth('peer-one');
     64|     // @ts-expect-error 状态闭联合不接受任意字符串

⎯⎯⎯⎯⎯⎯⎯⎯⎯⎯⎯⎯⎯⎯⎯⎯⎯⎯⎯⎯⎯⎯⎯⎯[8/9]⎯

 FAIL  packages/ws-replication/test/ws-replication-issue422-session-host-api.test-d.ts > @422 types：listen:false 配置联合与服务签名 > 负控：伪值形态 / 服务面混入连接级成员必须类型错
TypeCheckError: Unused '@ts-expect-error' directive.
 ❯ packages/ws-replication/test/ws-replication-issue422-session-host-api.test-d.ts:64:5
     62|     // @ts-expect-error SessionHost 服务无 requestReauth（连接级职责不混入）
     63|     service.requestReauth('peer-one');
     64|     // @ts-expect-error 状态闭联合不接受任意字符串
       |     ^
     65|     const badState: HubSessionHostStatus['state'] = 'running';
     66|     void badString;

⎯⎯⎯⎯⎯⎯⎯⎯⎯⎯⎯⎯⎯⎯⎯⎯⎯⎯⎯⎯⎯⎯⎯⎯[9/9]⎯

⎯⎯⎯⎯⎯⎯ Unhandled Errors ⎯⎯⎯⎯⎯⎯

Vitest caught 5 unhandled errors during the test run.
This might cause false positive tests. Resolve unhandled errors to make sure your tests are not affected.

⎯⎯⎯ Unhandled Source Error ⎯⎯⎯
TypeCheckError: '"@nomicore/ws-replication"' has no exported member named 'requireHubSessionHost'. Did you mean 'createHubSessionHost'?
 ❯ packages/ws-replication/test/ws-replication-issue422-listen-false.test.ts:21:3
     19|   createHubReplicationPlugin,
     20|   requireHubReplication,
     21|   requireHubSessionHost,
       |   ^
     22|   NOMICORE_HUB_SESSION_HOST_SERVICE,
     23|   type ReplicationObserverEvent,


⎯⎯⎯ Unhandled Source Error ⎯⎯⎯
TypeCheckError: Module '"@nomicore/ws-replication"' has no exported member 'NOMICORE_HUB_SESSION_HOST_SERVICE'.
 ❯ packages/ws-replication/test/ws-replication-issue422-listen-false.test.ts:22:3
     20|   requireHubReplication,
     21|   requireHubSessionHost,
     22|   NOMICORE_HUB_SESSION_HOST_SERVICE,
       |   ^
     23|   type ReplicationObserverEvent,
     24| } from '@nomicore/ws-replication';


⎯⎯⎯ Unhandled Source Error ⎯⎯⎯
TypeCheckError: Type 'boolean' is not assignable to type 'Readonly<{ readonly host string; readonly port number; readonly path? string; }>'.
 ❯ packages/ws-replication/test/ws-replication-issue422-listen-false.test.ts:183:9
    181|     const listenSpy = vi.fn(async () => ({ close: async () => undefine…
    182|     const plugin = createHubReplicationPlugin(
    183|       { listen: false },
       |         ^
    184|       { listen: { listen: listenSpy } },
    185|     );


⎯⎯⎯ Unhandled Source Error ⎯⎯⎯
TypeCheckError: Type 'boolean' is not assignable to type 'Readonly<{ readonly host string; readonly port number; readonly path? string; }>'.
 ❯ packages/ws-replication/test/ws-replication-issue422-listen-false.test.ts:215:9
    213| 
    214|     const plugin = createHubReplicationPlugin(
    215|       { listen: false, timeouts: { bootstrapTimeoutMs: 1234 } },
       |         ^
    216|       { observer: (event) => observerEvents.push(event), listen: { lis…
    217|     );


⎯⎯⎯ Unhandled Source Error ⎯⎯⎯
TypeCheckError: Parameter 'frame' implicitly has an 'any' type.
 ❯ packages/ws-replication/test/ws-replication-issue422-listen-false.test.ts:243:21
    241|       selectedCapabilities: 0,
    242|     });
    243|     handle.onFrame((frame) => {
       |                     ^
    244|       frames.push(frame);
    245|       return 1;

⎯⎯⎯⎯⎯⎯⎯⎯⎯⎯⎯⎯⎯⎯⎯⎯⎯⎯⎯⎯⎯⎯⎯⎯⎯⎯⎯⎯⎯⎯


 Test Files  2 failed (2)
      Tests  4 failed | 35 passed (39)
Type Errors  2 failed
     Errors  5 errors
   Start at  07:19:53
   Duration  2.44s (transform 935ms, setup 0ms, collect 1.30s, tests 54ms, environment 0ms, prepare 53ms, typecheck 2.39s)

[vitest exit: 1]
