### AC4-a package suite — 2026-09-22T13:07:47Z
Testing types with tsc and vue-tsc is an experimental feature.
Breaking changes might not follow SemVer, please pin Vitest's version when using it.

 RUN  v3.2.7 /home/wangjian/nomicore-fix-issue-451

 ✓  TS  packages/ws-replication/test/ws-replication-api.test-d.ts (17 tests)
 ✓  TS  packages/ws-replication/test/ws-replication-issue299-api.test-d.ts (2 tests)
 ✓  TS  packages/ws-replication/test/ws-replication-issue420-session-host-api.test-d.ts (0 test)
 ✓  TS  packages/ws-replication/test/ws-replication-issue421-edge-factory-api.test-d.ts (8 tests)
 ✓  TS  packages/ws-replication/test/ws-replication-issue422-session-host-api.test-d.ts (2 tests)
 ✓  TS  packages/ws-replication/test/ws-replication-issue447-async-session-api.test-d.ts (0 test)
 ✓  TS  packages/ws-replication/test/ws-replication-issue451-gamma-surface-freeze.test-d.ts (3 tests)
stdout | packages/ws-replication/test/ws-replication-sa7-r1-transport-auth.test.ts > issue #138 SA7 R1：真实 TCP 认证窗口动态验证（SA4 D3/D4/D5） > D3-①条数界：未认证 socket 灌 40×1MiB → 第 17 帧即 close(1008)、零分配、后续帧零驻留（40MiB 上 wire 活外部内存增量 ≤24MiB）
[SA7-DIAG] D3-① flood40MiB framesParsed=17 extDeltaAfterClose=17.1MiB rssDelta=87.4MiB

stdout | packages/ws-replication/test/ws-replication-sa7-r1-transport-auth.test.ts > issue #138 SA7 R1：真实 TCP 认证窗口动态验证（SA4 D3/D4/D5） > D3-②封顶+回收：认证等待 helloTimeoutMs(2s) 到点 close(1008/upgrade-timeout)；16×1MiB 早到帧活外部内存驻留有界（8–40MiB ≪ 128MiB 结构界）、迟归验证器不复活、放行后驻留释放过半
[SA7-DIAG] D3-② cap16MiB extHeldDelta=17.0MiB extReleasedDelta=1.0MiB rssRawPeak=75.3MiB rssSteady=75.5MiB rssFinal=75.6MiB gc=expose-gc

 ✓ packages/ws-replication/test/ws-replication-sa7-r1-transport-auth.test.ts (5 tests) 4189ms
   ✓ issue #138 SA7 R1：真实 TCP 认证窗口动态验证（SA4 D3/D4/D5） > D3-①条数界：未认证 socket 灌 40×1MiB → 第 17 帧即 close(1008)、零分配、后续帧零驻留（40MiB 上 wire 活外部内存增量 ≤24MiB）  1002ms
   ✓ issue #138 SA7 R1：真实 TCP 认证窗口动态验证（SA4 D3/D4/D5） > D3-②封顶+回收：认证等待 helloTimeoutMs(2s) 到点 close(1008/upgrade-timeout)；16×1MiB 早到帧活外部内存驻留有界（8–40MiB ≪ 128MiB 结构界）、迟归验证器不复活、放行后驻留释放过半  2531ms
 ✓ packages/ws-replication/test/ws-replication-sa7-issue171-real-transport.test.ts (4 tests) 3629ms
   ✓ SA7 RT-F1（issue #171，SA4 §4.1）：真实 TCP + 真实 timer 下 GOAWAY drain 窗口 removeTarget——deadline 关 socket 触发本地 onClose 后资源收口恰一次 > RT-F1：live → GOAWAY(RESTARTING) → 窗口内 removeTarget → deadline close(1001) 本地 onClose → lease-released 恰一次 + watchdog 零空转 + 字段清空  1804ms
   ✓ SA7 RT-F1（issue #171，SA4 §4.1）：真实 TCP + 真实 timer 下 GOAWAY drain 窗口 removeTarget——deadline 关 socket 触发本地 onClose 后资源收口恰一次 > RT-G5：GOAWAY 收帧同步静默——drain 窗口内 peer 业务写零 UPDATE 出站；deadline 才关 transport；deadline 全量层处置 lease 恰一次  1545ms
 ✓ packages/ws-replication/test/ws-replication-sa7-issue169-dynamic.test.ts (2 tests) 2291ms
   ✓ issue #169 SA7-D2（SA4 动态重点 2）：Δ≡0 write-through-0 悬崖——真实 TCP 长寿命连接饱和签名 > D2：帧间 settle 节奏下累计 data 超过 cap → data 准入恒拒（RESYNC_REQUIRED 恢复环）/ UPDATE 字节平 / 零 1011、零 close（无终局信号）  2283ms
 ✓ packages/ws-replication/test/ws-replication-sa7-175-dynamic.test.ts (6 tests) 2166ms
   ✓ issue #175 SA7：主动 reauth 生命周期动态验证（SA4 六项动态重点） > D1（SA4 重点 1）：真实 TCP——requestReauth 后 peer 原始 socket 先收 GOAWAY(REAUTH_REQUIRED, drain>0) 再 socket-close；hub close=(1001,"hub-reauth")；全 wire 字节零 token；收口后 blocked 保持零重拨  2136ms
 ✓ packages/ws-replication/test/ws-replication-sa7-issue170-real-transport.test.ts (2 tests) 1514ms
   ✓ SA7 issue #170 真实 transport：pong 超时收口 → backoff 重拨 → hub 只留新连接 → 数据收敛（真实 TCP + 真实 timer） > 真实链路：死对端 pong 超时 close(1001) → 重拨后 hub.connections===1、旧传输零僵尸 ping/零 ws 抛错、新代健康、写值收敛  943ms
   ✓ SA7 issue #170 真实 transport：pong 超时收口 → backoff 重拨 → hub 只留新连接 → 数据收敛（真实 TCP + 真实 timer） > A4 故障注入：适配器 ping() 首调抛错（socket 仍开放）→ liveness catch 吸收 → close(1001,pong-timeout) + backoff → 重连健康收敛（零未捕获异常）  570ms
 ✓ packages/ws-replication/test/ws-replication-sa7-r2-transport.test.ts (2 tests) 1088ms
   ✓ issue #137 R2 SA7：真实 transport control 额度边界抽样（真实 TCP + 真实 bufferedAmount） > A（存活侧）：真实暂停段 + 缺省 8MiB 额度内 control 流量（4 ns × 32 ACK = 128 ≈ 7.3KiB）——全部上 wire、零 ERROR、连接 ready  405ms
   ✓ issue #137 R2 SA7：真实 transport control 额度边界抽样（真实 TCP + 真实 bufferedAmount） > B（耗尽侧）：真实暂停段 + 跨越显式 64KiB 对照额度的 control 流量（40 ns × 32 ACK = 1280 ≈ 73KiB）——恰 1 ERROR(CONNECTION_BACKPRESSURE) + close(1011) + peer backoff  680ms
 ✓ packages/ws-replication/test/ws-replication-issue420-shim-matrix.test.ts (53 tests) 259ms
 ✓ packages/ws-replication/test/ws-replication-issue287-real-transport.test.ts (1 test) 376ms
   ✓ issue #287 real-transport 抽样：真实 TCP 链路的 schema re-arm 全链路 > hub replaceSchema → 真实 wire UPDATE → peer 恰一 schema-rearm-applied（§23.3 字段面）→ 新 tools 业务写收敛；hub 侧零 re-arm 事件  375ms
 ✓ packages/ws-replication/test/ws-replication-issue243-real-transport.test.ts (1 test) 367ms
   ✓ issue #243 AC7：真实 TCP + MemoryPersistence 1 Hub + 2 Peers（协商分块 + fan-out 分块镜像） > A 超限写 → hub 分块收齐 apply + 单 ACK；hub fan-out 分块到 B；回声抑制不回送 A  366ms
 ✓ packages/ws-replication/test/ws-replication-review-revisions-r1-r7-red.test.ts (14 tests) 121ms
 ✓ packages/ws-replication/test/ws-replication-issue450-flow-lifecycle.test.ts (22 tests) 327ms
 ✓ packages/ws-replication/test/ws-replication-observer-red.test.ts (32 tests) 210ms
 ✓ packages/ws-replication/test/ws-replication-sa6-hardening-g3-g4-red.test.ts (16 tests) 201ms
 ✓ packages/ws-replication/test/ws-replication-auth-lifecycle-red.test.ts (20 tests) 152ms
 ✓ packages/ws-replication/test/ws-replication-issue423-sa7-dynamic.test.ts (5 tests) 178ms
 ✓ packages/ws-replication/test/ws-replication-issue137-r2-red.test.ts (9 tests) 138ms
 ✓ packages/ws-replication/test/ws-replication-issue243-chunked-live.test.ts (16 tests) 151ms
 ✓ packages/ws-replication/test/ws-replication-issue449-gamma-reconcile-chunked.test.ts (14 tests) 147ms
 ✓ packages/ws-replication/test/ws-replication-issue301-chunked-completeness-ac-red.test.ts (17 tests) 174ms
 ✓ packages/ws-replication/test/ws-replication-issue244-sa7-dynamic.test.ts (11 tests) 171ms
 ✓ packages/ws-replication/test/ws-replication-sa7-issue137-dynamic.test.ts (8 tests) 118ms
 ✓ packages/ws-replication/test/ws-replication-issue447-async-session-round.test.ts (15 tests) 152ms
 ✓ packages/ws-replication/test/ws-replication-issue254-timeout-recovery.test.ts (5 tests) 165ms
 ✓ packages/ws-replication/test/ws-replication-issue172-contract-anchors.test.ts (16 tests) 137ms
 ✓ packages/ws-replication/test/ws-replication-issue448-live-data-plane.test.ts (13 tests) 143ms
 ✓ packages/ws-replication/test/ws-replication-issue231-send-failure.test.ts (10 tests) 137ms
 ✓ packages/ws-replication/test/ws-replication-issue244-slot-reclaim-regression.test.ts (3 tests) 144ms
 ✓ packages/ws-replication/test/ws-replication-r3-r4-regressions.test.ts (11 tests) 101ms
 ✓ packages/ws-replication/test/ws-replication-issue244-ac-red.test.ts (14 tests) 103ms
 ✓ packages/ws-replication/test/ws-replication-issue287-schema-rearm.test.ts (13 tests) 117ms
 ✓ packages/ws-replication/test/ws-replication-issue300-chunked-sync-ac-red.test.ts (12 tests) 125ms
 ✓ packages/ws-replication/test/ws-replication-issue245-ac-red.test.ts (10 tests) 110ms
 ✓ packages/ws-replication/test/ws-replication-issue256-namespace-failed.test.ts (16 tests) 107ms
 ❯ packages/ws-replication/test/ws-replication-issue451-gamma-observability-anchor.test.ts (9 tests | 1 failed) 112ms
   ✓ issue #451 ANCHOR-EDGE — γ 缝 `update-sent` 发射点 = edge 盖章点（§24.8 / §23.1 归属表 / A4.7） > ANCHOR-EDGE-C1（仅 edge observer 正控 + session 域负控）：live UPDATE 恰一 `update-sent{sequence=wire 序,bytes=载荷长}`；edge 观测面零 session 域事件 34ms
   ✓ issue #451 ANCHOR-EDGE — γ 缝 `update-sent` 发射点 = edge 盖章点（§24.8 / §23.1 归属表 / A4.7） > ANCHOR-EDGE-C2（宿主直驱判别面）：不经 session 的 egress 直驱 UPDATE 仍恰一 `update-sent`（锚在盖章点，非 session 推送点的判别性证据） 7ms
   ✓ issue #451 ANCHOR-EDGE — γ 缝 `update-sent` 发射点 = edge 盖章点（§24.8 / §23.1 归属表 / A4.7） > ANCHOR-EDGE-NC1（未盖章负控）：单帧超连接级上限（返回 0 + 收口）⇒ 零 `update-sent`；连接域事实在场证记录器活 8ms
   ✓ issue #451 ANCHOR-EDGE — γ 缝 `update-sent` 发射点 = edge 盖章点（§24.8 / §23.1 归属表 / A4.7） > ANCHOR-EDGE-NC2（型门/R21 边界）：kind=0 分块 transfer 期间 edge 观测面零普通族 `update-sent`，chunked 族只在 session 侧恰一 9ms
   ✓ issue #451 ANCHOR-SESSION — namespace 域事件发射点 = session 结算点（§23.1 归属表 session 行） > ANCHOR-SESSION-C1（镜像负控）：仅 session observer —— `update-acked` 恰一（sequence=wire 序）；观测面零 `update-sent`、零连接域事件 6ms
   ✓ issue #451 ANCHOR-SESSION — namespace 域事件发射点 = session 结算点（§23.1 归属表 session 行） > ANCHOR-SESSION-C2（chunked 族归 session）：kind=0 分块 —— session 恰一 `chunked-update-sent` + `chunked-update-acked`；零普通族、零连接域事件 11ms
   ✓ issue #451 ANCHOR-SESSION — namespace 域事件发射点 = session 结算点（§23.1 归属表 session 行） > ANCHOR-BOTH-C1（双 observer 共 recorder：无双发）：`update-sent` ×1 与 `update-acked` ×1 同序——恰一由两点结构性保证，非注入面偶然 6ms
   × issue #451 ANCHOR-ORDER — 跨线程 observer 事件无全序：断言只依赖单侧事实与因果门（§24.8） > ANCHOR-ORDER-C1（调度扰动不变性）：即时释放 vs 扣留回执后释放——两调度下按型投影逐字相同 22ms
     → 两调度事实集逐字相同（顺序无关投影）: expected { sent: [ { …(5) } ], …(1) } to deeply equal { sent: [ { …(5) } ], …(1) }
   ✓ issue #451 ANCHOR-ORDER — 跨线程 observer 事件无全序：断言只依赖单侧事实与因果门（§24.8） > ANCHOR-ORDER-C2（因果门独立可观察）：扣留期 edge 侧 `update-sent` 在场而 session 侧 `update-acked` 缺席；释放后两者在场——以因果门断言，不读合并数组相对位置 7ms
 ✓ packages/ws-replication/test/ws-replication-issue238-segmented-observation.test.ts (8 tests) 99ms
 ✓ packages/ws-replication/test/ws-replication-issue423-observer-emission-split.test.ts (21 tests) 99ms
 ✓ packages/ws-replication/test/ws-replication-issue418-edge-session-split-contract.test.ts (17 tests) 99ms
 ✓ packages/ws-replication/test/ws-replication-issue254-ac-red.test.ts (6 tests) 93ms
 ✓ packages/ws-replication/test/ws-replication-sa7-dynamic.test.ts (6 tests) 99ms
 ✓ packages/ws-replication/test/ws-replication-ac7-faults.test.ts (12 tests) 92ms
 ✓ packages/ws-replication/test/ws-replication-issue418-pending-window-matrix.test.ts (25 tests) 79ms
 ✓ packages/ws-replication/test/ws-replication-ac6-resync-close.test.ts (7 tests) 82ms
 ✓ packages/ws-replication/test/ws-replication-sa7-hardening-dynamic.test.ts (8 tests) 88ms
 ✓ packages/ws-replication/test/ws-replication-issue420-session-host-round.test.ts (10 tests) 91ms
 ✓ packages/ws-replication/test/ws-replication-issue424-auth-parity.test.ts (7 tests) 87ms
 ✓ packages/ws-replication/test/ws-replication-issue230-incremental-mutation.test.ts (2 tests) 89ms
 ✓ packages/ws-replication/test/ws-replication-issue176-red.test.ts (9 tests) 87ms
 ✓ packages/ws-replication/test/ws-replication-ac5-live.test.ts (7 tests) 79ms
 ✓ packages/ws-replication/test/ws-replication-issue246-interop-matrix.test.ts (4 tests) 81ms
 ✓ packages/ws-replication/test/ws-replication-reauth-lifecycle-red.test.ts (7 tests) 91ms
 ✓ packages/ws-replication/test/ws-replication-plugin.test.ts (15 tests) 77ms
 ✓ packages/ws-replication/test/ws-replication-issue137-ac1-ac7-red.test.ts (4 tests) 79ms
 ✓ packages/ws-replication/test/ws-replication-issue424-cross-seam-round.test.ts (5 tests) 72ms
 ✓ packages/ws-replication/test/ws-replication-spec-b1-b2-red.test.ts (5 tests) 72ms
 ✓ packages/ws-replication/test/ws-replication-ac1-ac2-open.test.ts (12 tests) 75ms
 ✓ packages/ws-replication/test/ws-replication-sa7-round2-dynamic.test.ts (6 tests) 74ms
 ✓ packages/ws-replication/test/ws-replication-issue171-red.test.ts (5 tests) 67ms
 ✓ packages/ws-replication/test/ws-replication-issue170-r1-r4-red.test.ts (7 tests) 65ms
 ✓ packages/ws-replication/test/ws-replication-issue243-ac-red.test.ts (6 tests) 68ms
stdout | packages/ws-replication/test/ws-replication-issue239-repro.test.ts > issue #239：periodic reconciliation 语义 no-op 可观测（修复后语义，翻转断言） > 场景 1：已收敛副本 7 轮 periodic round —— bytes 恒非零但观察面明确报全 noop（roundId 关联 + 效果组）
[issue239 repro] no-op round 1: hub sent/applied = [10]/[10] B, peer sent/applied = [10]/[10] B

stdout | packages/ws-replication/test/ws-replication-issue239-repro.test.ts > issue #239：periodic reconciliation 语义 no-op 可观测（修复后语义，翻转断言） > 场景 1：已收敛副本 7 轮 periodic round —— bytes 恒非零但观察面明确报全 noop（roundId 关联 + 效果组）
[issue239 repro] no-op round 2: hub sent/applied = [10]/[10] B, peer sent/applied = [10]/[10] B

stdout | packages/ws-replication/test/ws-replication-issue239-repro.test.ts > issue #239：periodic reconciliation 语义 no-op 可观测（修复后语义，翻转断言） > 场景 1：已收敛副本 7 轮 periodic round —— bytes 恒非零但观察面明确报全 noop（roundId 关联 + 效果组）
[issue239 repro] no-op round 3: hub sent/applied = [10]/[10] B, peer sent/applied = [10]/[10] B

stdout | packages/ws-replication/test/ws-replication-issue239-repro.test.ts > issue #239：periodic reconciliation 语义 no-op 可观测（修复后语义，翻转断言） > 场景 1：已收敛副本 7 轮 periodic round —— bytes 恒非零但观察面明确报全 noop（roundId 关联 + 效果组）
[issue239 repro] no-op round 4: hub sent/applied = [10]/[10] B, peer sent/applied = [10]/[10] B

stdout | packages/ws-replication/test/ws-replication-issue239-repro.test.ts > issue #239：periodic reconciliation 语义 no-op 可观测（修复后语义，翻转断言） > 场景 1：已收敛副本 7 轮 periodic round —— bytes 恒非零但观察面明确报全 noop（roundId 关联 + 效果组）
[issue239 repro] no-op round 5: hub sent/applied = [10]/[10] B, peer sent/applied = [10]/[10] B

stdout | packages/ws-replication/test/ws-replication-issue239-repro.test.ts > issue #239：periodic reconciliation 语义 no-op 可观测（修复后语义，翻转断言） > 场景 1：已收敛副本 7 轮 periodic round —— bytes 恒非零但观察面明确报全 noop（roundId 关联 + 效果组）
[issue239 repro] no-op round 6: hub sent/applied = [10]/[10] B, peer sent/applied = [10]/[10] B

stdout | packages/ws-replication/test/ws-replication-issue239-repro.test.ts > issue #239：periodic reconciliation 语义 no-op 可观测（修复后语义，翻转断言） > 场景 1：已收敛副本 7 轮 periodic round —— bytes 恒非零但观察面明确报全 noop（roundId 关联 + 效果组）
[issue239 repro] no-op round 7: hub sent/applied = [10]/[10] B, peer sent/applied = [10]/[10] B
[issue239 repro] no-op 事件字段形状（去重）: ["connectionId,from,side,to,type","connectionId,from,namespaceId,side,to,type","bytes,connectionId,encodedUpdateBytes,namespaceId,side,syncRoundId,type","applyEffect,bytes,connectionId,encodedUpdateBytes,namespaceId,sequence,side,stateVectorAfterHash,stateVectorBeforeHash,stateVectorChanged,syncRoundId,type","from,side,to,type"]

stdout | packages/ws-replication/test/ws-replication-issue239-repro.test.ts > issue #239：periodic reconciliation 语义 no-op 可观测（修复后语义，翻转断言） > 场景 2：静默漂移修复 round —— 观察面必须报 changed（与实测 SV 增量一一对应）；修复后 next round 回 noop（非粘滞）
[issue239 repro] drift-repair round: hub sent/applied = [36]/[10] B, peer sent/applied = [10]/[36] B

stdout | packages/ws-replication/test/ws-replication-issue239-repro.test.ts > issue #239：periodic reconciliation 语义 no-op 可观测（修复后语义，翻转断言） > 场景 2：静默漂移修复 round —— 观察面必须报 changed（与实测 SV 增量一一对应）；修复后 next round 回 noop（非粘滞）
[issue239 repro] 修复后 no-op 事件字段形状（去重）: ["bytes,connectionId,encodedUpdateBytes,namespaceId,side,syncRoundId,type","applyEffect,bytes,connectionId,encodedUpdateBytes,namespaceId,sequence,side,stateVectorAfterHash,stateVectorBeforeHash,stateVectorChanged,syncRoundId,type","connectionId,from,namespaceId,side,to,type"]

 ✓ packages/ws-replication/test/ws-replication-issue239-repro.test.ts (2 tests) 64ms
 ✓ packages/ws-replication/test/ws-replication-issue424-lifecycle.test.ts (9 tests) 60ms
 ✓ packages/ws-replication/test/ws-replication-periodic-reconcile.test.ts (5 tests) 67ms
 ✓ packages/ws-replication/test/ws-replication-issue447-async-seam-fixture.test.ts (7 tests) 57ms
 ✓ packages/ws-replication/test/ws-replication-sa4-f1-f2-f3-red.test.ts (3 tests) 64ms
 ✓ packages/ws-replication/test/ws-replication-ac3-bootstrap.test.ts (4 tests) 45ms
 ✓ packages/ws-replication/test/ws-replication-ac4-reconcile.test.ts (5 tests) 57ms
 ✓ packages/ws-replication/test/ws-replication-sa6-hardening-g1-g2-red.test.ts (5 tests) 55ms
stdout | packages/ws-replication/test/ws-replication-issue239-ac-red.test.ts > issue #239 验收契约（红灯）：periodic no-op 与有效同步的可观测性差异 > 场景 1：已收敛副本连续 periodic round —— 观察面必须报 roundId 关联 + 全 noop（SV/ROOT/META 不变，bytes 仍非零）
[issue239 ac-red] no-op rounds=3 groups=4 periodicGroups=3 全部断言完成

stdout | packages/ws-replication/test/ws-replication-issue239-ac-red.test.ts > issue #239 验收契约（红灯）：periodic no-op 与有效同步的可观测性差异 > 场景 2：hub 静默漂移 → 下一 periodic round 至少一侧 diff-applied 报 changed（与实测 SV 增量一致）并收敛
[issue239 ac-red] hub-drift 修复 round：delta={"hub":false,"peer":true} changedEvents=1

stdout | packages/ws-replication/test/ws-replication-issue239-ac-red.test.ts > issue #239 验收契约（红灯）：periodic no-op 与有效同步的可观测性差异 > 场景 2：hub 静默漂移 → 下一 periodic round 至少一侧 diff-applied 报 changed（与实测 SV 增量一致）并收敛
[issue239 ac-red] hub-drift 修复后 no-op round：changedEvents=0

 ✓ packages/ws-replication/test/ws-replication-issue239-ac-red.test.ts (2 tests) 60ms
 ✓ packages/ws-replication/test/ws-replication-issue422-listen-false.test.ts (42 tests) 56ms
 ✓ packages/ws-replication/test/ws-replication-issue424-multi-worker.test.ts (4 tests) 66ms
stdout | packages/ws-replication/test/ws-replication-issue233-repro.test.ts > issue #233 复现：超限 UPDATE 丢弃 + 全量 reconciliation 回退（现状刻画） > R1：单笔 20KB 合法写 → 零 UPDATE / resync 声明 / 同一载荷改走控制帧全量 diff
[issue233 repro R1] {
  "scenario": "R1 single 20KB write, maxUpdateBytes=8192",
  "updateFramesCarryingBigWrite": 0,
  "resyncRounds": 1,
  "step2DiffBytesPeerToHub": [
    2,
    20029
  ],
  "wire": {
    "peerToHub": {
      "OPEN_NAMESPACE": {
        "count": 1,
        "bytes": 59
      },
      "BOOTSTRAP_ACK": {
        "count": 1,
        "bytes": 57
      },
      "SYNC_STEP1": {
        "count": 2,
        "bytes": 136
      },
      "SYNC_STEP2": {
        "count": 2,
        "bytes": 20151
      },
      "SYNC_APPLIED": {
        "count": 2,
        "bytes": 116
      },
      "RESYNC_REQUIRED": {
        "count": 1,
        "bytes": 76
      }
    },
    "hubToPeer": {
      "OPEN_OK": {
        "count": 1,
        "bytes": 91
      },
      "BOOTSTRAP_SNAPSHOT": {
        "count": 1,
        "bytes": 497
      },
      "SYNC_STEP1": {
        "count": 2,
        "bytes": 130
      },
      "SYNC_STEP2": {
        "count": 2,
        "bytes": 122
      },
      "SYNC_APPLIED": {
        "count": 2,
        "bytes": 116
      }
    }
  }
}

stdout | packages/ws-replication/test/ws-replication-issue233-repro.test.ts > issue #233 复现：超限 UPDATE 丢弃 + 全量 reconciliation 回退（现状刻画） > R2：连续两笔大写 → 两轮 resync（持续大写重复触发完整 round）
[issue233 repro R2] {"scenario":"R2 two consecutive 20KB writes","resyncRounds":2,"step2DiffBytesPeerToHub":[2,20029,20037],"wire":{"peerToHub":{"OPEN_NAMESPACE":{"count":1,"bytes":59},"BOOTSTRAP_ACK":{"count":1,"bytes":57},"SYNC_STEP1":{"count":3,"bytes":207},"SYNC_STEP2":{"count":3,"bytes":40249},"SYNC_APPLIED":{"count":3,"bytes":174},"RESYNC_REQUIRED":{"count":2,"bytes":152}},"hubToPeer":{"OPEN_OK":{"count":1,"bytes":91},"BOOTSTRAP_SNAPSHOT":{"count":1,"bytes":497},"SYNC_STEP1":{"count":3,"bytes":201},"SYNC_STEP2":{"count":3,"bytes":191},"SYNC_APPLIED":{"count":3,"bytes":174}}}}

stdout | packages/ws-replication/test/ws-replication-issue233-repro.test.ts > issue #233 复现：超限 UPDATE 丢弃 + 全量 reconciliation 回退（现状刻画） > R3：diff 超 maxSyncDiffBytes → SYNC_DIFF_TOO_LARGE → namespace 终局 failed（大文档致命尾部）
[issue233 repro R3] {"scenario":"R3 100KB write, maxSyncDiffBytes=32768","namespaceTerminalState":"failed","connectionState":"ready","wire":{"peerToHub":{"OPEN_NAMESPACE":{"count":1,"bytes":59},"BOOTSTRAP_ACK":{"count":1,"bytes":57},"SYNC_STEP1":{"count":2,"bytes":136},"SYNC_STEP2":{"count":1,"bytes":61},"SYNC_APPLIED":{"count":1,"bytes":58},"RESYNC_REQUIRED":{"count":1,"bytes":76},"ERROR":{"count":1,"bytes":117}},"hubToPeer":{"OPEN_OK":{"count":1,"bytes":91},"BOOTSTRAP_SNAPSHOT":{"count":1,"bytes":497},"SYNC_STEP1":{"count":2,"bytes":130},"SYNC_STEP2":{"count":2,"bytes":122},"SYNC_APPLIED":{"count":1,"bytes":58}}}}

 ✓ packages/ws-replication/test/ws-replication-issue233-repro.test.ts (3 tests) 52ms
 ✓ packages/ws-replication/test/ws-replication-issue447-async-session-api.test.ts (8 tests) 50ms
 ✓ packages/ws-replication/test/ws-replication-issue300-bulk-edge-ac.test.ts (6 tests) 49ms
 ✓ packages/ws-replication/test/ws-replication-sa7-issue168-dynamic.test.ts (3 tests) 38ms
 ✓ packages/ws-replication/test/ws-replication-issue168-hello-timeout-close-peer-red.test.ts (3 tests) 42ms
 ✓ packages/ws-replication/test/ws-replication-sa7-issue171-dynamic.test.ts (3 tests) 44ms
 ✓ packages/ws-replication/test/ws-replication-issue421-open-admission-pipeline.test.ts (40 tests) 41ms
 ✓ packages/ws-replication/test/ws-replication-issue238-repro.test.ts (1 test) 38ms
 ✓ packages/ws-replication/test/ws-replication-issue418-edge-session-split-structure.test.ts (9 tests) 37ms
 ✓ packages/ws-replication/test/ws-replication-issue169-backpressure-accounting-red.test.ts (19 tests) 36ms
 ✓ packages/ws-replication/test/ws-replication-sa7-issue170-minor3-observation.test.ts (1 test) 36ms
 ✓ packages/ws-replication/test/ws-replication-sa7-r2-supplement.test.ts (1 test) 34ms
 ✓ packages/ws-replication/test/ws-replication-issue282-schema-lifecycle.test.ts (1 test) 41ms
 ✓ packages/ws-replication/test/ws-replication-sa4-r4-1-red.test.ts (1 test) 35ms
 ✓ packages/ws-replication/test/ws-replication-sa4-issue171-review-red.test.ts (1 test) 29ms
 ✓ packages/ws-replication/test/ws-replication-issue171-blockers.test.ts (1 test) 80ms
 ✓ packages/ws-replication/test/ws-replication-issue243-sa7-dynamic.test.ts (17 tests) 26ms
 ✓ packages/ws-replication/test/ws-replication-issue299-ac-red.test.ts (7 tests) 13ms
 ✓ packages/ws-replication/test/ws-replication-issue421-error-routing.test.ts (8 tests) 16ms
 ✓ packages/ws-replication/test/ws-replication-issue421-edge-accept.test.ts (15 tests) 17ms
 ✓ packages/ws-replication/test/ws-replication-issue421-wire-parity.test.ts (8 tests) 20ms
 ✓ packages/ws-replication/test/ws-replication-issue421-edge-lifecycle.test.ts (12 tests) 15ms
 ✓ packages/ws-replication/test/ws-replication-guard-proxy-consumption.test.ts (2 tests) 14ms
 ✓ packages/ws-replication/test/ws-replication-issue421-route-key-parity.test.ts (7 tests) 16ms
 ✓ packages/ws-replication/test/ws-replication-issue423-update-offset-guard.test.ts (10 tests) 13ms
 ✓ packages/ws-replication/test/ws-replication-issue190-red.test.ts (4 tests) 7ms
 ✓ packages/ws-replication/test/ws-replication-sa7-issue190-dynamic.test.ts (5 tests) 8ms
 ✓ packages/ws-replication/test/ws-replication-issue190-guard.test.ts (1 test) 3ms

⎯⎯⎯⎯⎯⎯⎯ Failed Tests 1 ⎯⎯⎯⎯⎯⎯⎯

 FAIL  packages/ws-replication/test/ws-replication-issue451-gamma-observability-anchor.test.ts > issue #451 ANCHOR-ORDER — 跨线程 observer 事件无全序：断言只依赖单侧事实与因果门（§24.8） > ANCHOR-ORDER-C1（调度扰动不变性）：即时释放 vs 扣留回执后释放——两调度下按型投影逐字相同
AssertionError: 两调度事实集逐字相同（顺序无关投影）: expected { sent: [ { …(5) } ], …(1) } to deeply equal { sent: [ { …(5) } ], …(1) }

- Expected
+ Received

@@ -1,18 +1,18 @@
  {
    "acked": [
      {
-       "bytes": 24,
+       "bytes": 27,
        "namespaceId": "ns-00000000000000000000000000000001",
        "sequence": 7,
        "side": "hub",
        "type": "update-acked",
      },
    ],
    "sent": [
      {
-       "bytes": 24,
+       "bytes": 27,
        "namespaceId": "ns-00000000000000000000000000000001",
        "sequence": 7,
        "side": "hub",
        "type": "update-sent",
      },

 ❯ packages/ws-replication/test/ws-replication-issue451-gamma-observability-anchor.test.ts:357:47
    355|     expect(projectionB.acked, '调度 B：恰一 update-acked').toHaveLength(1);
    356|     // 按型投影（无合并数组下标）在两调度下逐字相同 ⇒ 断言不依赖跨半边事件的相对顺序。
    357|     expect(projectionB, '两调度事实集逐字相同（顺序无关投影）').toEqual(projectionA);
       |                                               ^
    358|     expect(projectionA.sent[0]!.sequence, '投影回指同一 wire 序').toBe(
    359|       roundA.hubFrames('UPDATE')[0]!.sequence,

⎯⎯⎯⎯⎯⎯⎯⎯⎯⎯⎯⎯⎯⎯⎯⎯⎯⎯⎯⎯⎯⎯⎯⎯[1/1]⎯


 Test Files  1 failed | 104 passed (105)
      Tests  1 failed | 944 passed (945)
Type Errors  no errors
   Start at  21:07:47
   Duration  53.82s (transform 2.04s, setup 0ms, collect 17.07s, tests 23.21s, environment 12ms, prepare 4.18s, typecheck 2.52s)

PKG_SUITE_EXIT=1

### AC4-b root pnpm typecheck — 2026-09-22T13:08:41Z

> nomicore@0.1.0 typecheck /home/wangjian/nomicore-fix-issue-451
> tsc -p packages/vfsl/tsconfig.json && tsc -p packages/vfsl-protocol/tsconfig.json && tsc -p packages/vfsl-codegen/tsconfig.json && tsc -p packages/persistence/tsconfig.json && tsc -p packages/dsh-persistence/tsconfig.json && tsc -p packages/doc-runtime/tsconfig.json && tsc -p packages/namespace-runtime/tsconfig.json && tsc -p packages/clock/tsconfig.json && tsc -p packages/instance/tsconfig.json && tsc -p packages/namespace-registry/tsconfig.json && tsc -p packages/namespace-api/tsconfig.json && tsc -p packages/namespace-diagnostic-log/tsconfig.json && tsc -p packages/replication-protocol/tsconfig.json && tsc -p packages/ws-replication/tsconfig.json && tsc -p apps/yjs-server/tsconfig.json

ROOT_TYPECHECK_EXIT=0
