# AC3 listen/beta matrix + route-key/wire parity guards (quoted prefix filters)
# cmd: npx vitest run --typecheck 'packages/ws-replication/test/ws-replication-issue418' '...issue420' '...issue421' '...issue423' '...issue424'
Testing types with tsc and vue-tsc is an experimental feature.
Breaking changes might not follow SemVer, please pin Vitest's version when using it.

 RUN  v3.2.7 /home/wangjian/nomicore-fix-issue-451

 ✓ packages/ws-replication/test/ws-replication-issue420-shim-matrix.test.ts (53 tests) 396ms
 ✓  TS  packages/ws-replication/test/ws-replication-issue420-session-host-api.test-d.ts (0 test)
 ✓  TS  packages/ws-replication/test/ws-replication-issue421-edge-factory-api.test-d.ts (8 tests)
 ✓ packages/ws-replication/test/ws-replication-issue423-sa7-dynamic.test.ts (5 tests) 192ms
 ✓ packages/ws-replication/test/ws-replication-issue423-observer-emission-split.test.ts (21 tests) 98ms
 ✓ packages/ws-replication/test/ws-replication-issue418-edge-session-split-contract.test.ts (17 tests) 97ms
 ✓ packages/ws-replication/test/ws-replication-issue420-session-host-round.test.ts (10 tests) 96ms
 ✓ packages/ws-replication/test/ws-replication-issue424-auth-parity.test.ts (7 tests) 80ms
 ✓ packages/ws-replication/test/ws-replication-issue418-pending-window-matrix.test.ts (25 tests) 78ms
 ✓ packages/ws-replication/test/ws-replication-issue424-cross-seam-round.test.ts (5 tests) 87ms
 ✓ packages/ws-replication/test/ws-replication-issue424-lifecycle.test.ts (9 tests) 59ms
 ✓ packages/ws-replication/test/ws-replication-issue424-multi-worker.test.ts (4 tests) 50ms
 ✓ packages/ws-replication/test/ws-replication-issue421-open-admission-pipeline.test.ts (40 tests) 41ms
 ✓ packages/ws-replication/test/ws-replication-issue418-edge-session-split-structure.test.ts (9 tests) 40ms
 ✓ packages/ws-replication/test/ws-replication-issue421-route-key-parity.test.ts (7 tests) 15ms
 ✓ packages/ws-replication/test/ws-replication-issue421-edge-accept.test.ts (15 tests) 16ms
 ✓ packages/ws-replication/test/ws-replication-issue421-error-routing.test.ts (8 tests) 20ms
 ✓ packages/ws-replication/test/ws-replication-issue423-update-offset-guard.test.ts (10 tests) 14ms
 ✓ packages/ws-replication/test/ws-replication-issue421-wire-parity.test.ts (8 tests) 17ms
 ✓ packages/ws-replication/test/ws-replication-issue421-edge-lifecycle.test.ts (12 tests) 15ms

 Test Files  20 passed (20)
      Tests  273 passed (273)
Type Errors  no errors
   Start at  22:27:04
   Duration  8.40s (transform 1.33s, setup 0ms, collect 4.37s, tests 1.41s, environment 2ms, prepare 818ms, typecheck 2.77s)
AC3 exit=0

# AC4-a1 package tsc: npx tsc -p packages/ws-replication/tsconfig.json

AC4-a1 exit=0
