Testing types with tsc and vue-tsc is an experimental feature.
Breaking changes might not follow SemVer, please pin Vitest's version when using it.

 RUN  v3.2.7 /home/wangjian/nomicore-fix-issue-451

stdout | packages/ws-replication/test/zz-sa6-temp-order-rng-probe.test.ts > SA6 temp probe v2 — ANCHOR-ORDER-C1 boundary variants > 240 boots: records fields and scores the three candidate boundaries
## probe fields present: bytes, connectionId, namespaceId, sequence, side, type
## distinct field values across 240 boots: namespaceId=["ns-00000000000000000000000000000001"] sequence=[7] side=["hub"] bytes=[27,24]
## distinct run.nsId across boots: ["ns-00000000000000000000000000000001"]
## clientID widths: 4, 5 | width→bytes: w4:[24] w5:[27]
## pairs=238
## (i)   current full pick (incl. bytes) mismatches: 22
## (ii)  schedule-invariant pick (no bytes) mismatches: 0
## (iii) per-round self-consistency (bytes === own wire) failures: 0
## pairs with different clientID width: 22
## pairs with different update-sent.bytes: 22
## counterexamples: same width but bytes differ = 0; different width but bytes equal = 0

 ✓ packages/ws-replication/test/zz-sa6-temp-order-rng-probe.test.ts (1 test) 812ms
   ✓ SA6 temp probe v2 — ANCHOR-ORDER-C1 boundary variants > 240 boots: records fields and scores the three candidate boundaries  811ms

 Test Files  1 passed (1)
      Tests  1 passed (1)
Type Errors  no errors
   Start at  21:29:25
   Duration  1.86s (transform 659ms, setup 0ms, collect 883ms, tests 812ms, environment 0ms, prepare 47ms)
