G0 array-* 覆盖清单（既有 + 本票）：
     - [doc-runtime.applyValidatedMutation] packages/doc-runtime/test/apply-validated-mutation-fatal-contract.test.ts
     - [doc-runtime.applyValidatedMutation] packages/doc-runtime/test/apply-validated-mutation-operations.test.ts
     - [doc-runtime.applyValidatedMutation] packages/doc-runtime/test/issue-237-path-localized-validation-red.test.ts
     - [doc-runtime.applyValidatedMutation] packages/doc-runtime/test/issue-347-guard-envelope-red.test.ts
     - [doc-runtime.applyValidatedMutation] packages/doc-runtime/test/issue-348-guard-semantics-matrix.test.ts
     - [doc-runtime.applyValidatedMutation] packages/doc-runtime/test/issue-350-batch-envelope-red.test.ts
     - [doc-runtime.applyValidatedMutation] packages/doc-runtime/test/issue-350-batch-shared-boundary.test.ts
     - [doc-runtime.applyValidatedMutation] packages/doc-runtime/test/issue-350-sa7-batch-divergence.test.ts
     - [doc-runtime.applyValidatedMutation] packages/doc-runtime/test/issue-436-array-fastpath-contract.test.ts
     - [doc-runtime.applyValidatedMutation] packages/doc-runtime/test/issue-436-array-fastpath-control.test.ts
     - [lease(registry)] packages/namespace-registry/test/issue-437-lease-array-e2e-contract.test.ts
     - [lease(registry)] packages/namespace-registry/test/issue-437-lease-array-e2e-control.test.ts
     - [runtime.mutateData] packages/namespace-runtime/test/issue-347-guard-passthrough-red.test.ts
     - [runtime.mutateData] packages/namespace-runtime/test/issue-349-guard-e2e-competition.test.ts
     - [runtime.mutateData] packages/namespace-runtime/test/issue-350-batch-envelope-red.test.ts
     - [runtime.mutateData] packages/namespace-runtime/test/issue-350-batch-shared-boundary.test.ts
     - [runtime.mutateData] packages/namespace-runtime/test/runtime-mutate-data-type-guard.test-d.ts
     - [vfsl seams] packages/vfsl/test/issue-435-elementwise-array-contract.test.ts
     - [vfsl seams] packages/vfsl/test/issue-435-elementwise-array-control.test.ts
     - [vfsl seams] packages/vfsl/test/issue-435-elementwise-array-fixture.ts
     - [vfsl seams] packages/vfsl/test/issue-435-elementwise-array.test-d.ts
     - [vfsl seams] packages/vfsl/test/validate-number-domain-narrowing.test.ts
     - [vfsl seams] packages/vfsl/test/validate-patch-mutation-boundary.test.ts
PASS G1 lease(registry) 面 array-* 覆盖 = 2 件，全部属本票新产物（旧覆盖 = 0）
PASS P1a 非 union 污染可读：["oops",1,2,3,4,5]
PASS P1b union 污染可读：[true,7,8,9]
PASS P1c 非 union 污染数组 delete → {"ok":true}（目标行为：照常成功）
PASS P1d 污染保留：["oops",1,3,4,5]
PASS P1e union 污染数组 delete → {"ok":false,"issues":[{"message":"联合成员 1/2：类型不匹配：期望 number，实际 boolean","path":["uarr",0]}]}（legacy 全量边界轨：响亮拒绝）
PASS P1f union 拒绝零写入：[true,7,8,9]
PASS P1g 恰一次提交（快轨 delete）；owned updates = 1
PASS P2a 非法新元素 issue 路径 index+j：[["items",2],["items",3]]
PASS P2b 嵌套子路径：[["rows",1,"qty"]]
PASS P2c 越界 delete：{"ok":false,"issues":[{"message":"array-delete 范围越界（不 clamp、不接受越界 no-op）","path":["items",5]}]}
PASS P2d 越界 insert：{"ok":false,"issues":[{"message":"array-insert index 越界（不 clamp）","path":["items",6]}]}
PASS P2e 空载荷 values:[] 在信封形状门被拒：{"ok":false,"issues":[{"message":"array-insert values 必须是非空数组","path":["items"]}]}
PASS P2f 空批量 ops:[] 在信封形状门被拒：{"ok":false,"issues":[{"message":"批量信封形状错误：ops 必须是非空数组（空数组）","path":[]}]}
PASS P2g 一切拒绝零写入：[1,2,3,4,5]
PASS P2h 一切拒绝零 update；owned updates = 0
PASS P3a 数组写 ok：{"ok":true}
PASS P3b 恰一条 attempt record：1
PASS P3c 记录分类：root-mutation/transaction/committed
PASS P3d carrier 键集：base64,crc32c,format,payloadLength,storage
PASS P3e 同基态重放收敛：[1,2,3,4,5,42]
PASS P3f 无基态不物化（真增量）：ROOT.size = 0
PASS P4a hub 数组写 ok：{"ok":true}
PASS P4b owned update 同基态重放：[2,3,4,5]
PASS P4c peer apply 收敛判定：{"ok":true}
PASS P4d peer 逻辑值：[2,3,4,5]
PASS P4e diff 定点 apply：{"ok":true}
PASS P4f 定点后值不变：[2,3,4,5]
PASS P4g session 状态面：open/hub-to-peer
PASS P5a fast 轨元素读计数 = 0（n=64；O(k) 解耦）
PASS P5b union legacy 轨元素读计数 = 191（n=64；仍全量边界校验）
PASS P5c 双轨读计数分离：fast=0 vs legacy=191

探针命中 32/32；failures=0
PROBE_EXIT:0
