Testing types with tsc and vue-tsc is an experimental feature.
Breaking changes might not follow SemVer, please pin Vitest's version when using it.

 RUN  v3.2.7 /home/wangjian/nomicore-fix-issue-447

 ✓  TS  packages/ws-replication/test/ws-replication-api.test-d.ts (17 tests)
 ❯  TS  packages/ws-replication/test/ws-replication-issue421-edge-factory-api.test-d.ts (8 tests | 4 failed)
   ✓ issue #421 EF-C1 类型面：createHubReplicationEdge 从包入口解析 > 工厂为函数：createHubReplicationEdge(options: HubReplicationEdgeOptions) => HubReplicationEdgeFactory
   × issue #421 EF-C1 类型面：createHubReplicationEdge 从包入口解析 > 负控：既有导出仍在且类型不变（append-only，只增不减）
     → Expected 1 arguments, but got 0.
   × issue #421 EF-C2 类型面：accept 双入口与公共句柄冻结面 > 双入口：accept(transport, request?) 与 acceptTrusted(transport, identity) → Promise<句柄 | undefined>
     → Expected 1 arguments, but got 0.
   ✓ issue #421 EF-C2 类型面：accept 双入口与公共句柄冻结面 > HubReplicationEdgeOptions 九成员；无 verifyToken 的对象字面量必须通过（可选性证明，零 cast）
   ✓ issue #421 EF-C2 类型面：accept 双入口与公共句柄冻结面 > HubSessionSinkResolver 三参签名；NamespaceAuthorizationGrant = authorize ok 投影；HubOpenNamespaceMessage = 协议 Extract
   ✓ issue #421 EF-C2 类型面：accept 双入口与公共句柄冻结面 > HubNamespaceSessionSink 四成员精确签名（宿主消费面；OPEN 不带 wire 序、非 OPEN 带 wire 序）
   × issue #421 EF-C2 类型面：accept 双入口与公共句柄冻结面 > HubReplicationEdgeConnection 十成员 + D7 裁决：句柄不暴露 channels（替代观测面 = namespaces）
     → Expected 1 arguments, but got 0.
   × issue #421 EF-C2 类型面：accept 双入口与公共句柄冻结面 > HubReplicationEdgeEgress 五成员精确签名（占位编码入、mux 点盖章出）
     → Expected 1 arguments, but got 0.
 ✓  TS  packages/doc-runtime/test/public-surface-type-guard.test-d.ts (14 tests)
 ✓  TS  packages/vfsl-protocol/test/vfsl-protocol-projection.test-d.ts (16 tests)
 ✓  TS  domains/vfs3-assets/test/vfs3-assets-projection.test-d.ts (19 tests)
 ✓  TS  packages/vfsl-protocol/test/vfsl-protocol-budget-access.test-d.ts (20 tests)
 ✓  TS  packages/vfsl-protocol/test/vfsl-protocol-deep-optional.test-d.ts (19 tests)
 ✓  TS  packages/namespace-runtime/test/issue-383-window-where-type-guard.test-d.ts (3 tests)
 ✓  TS  packages/namespace-registry/test/issue-388-watch-map-predicate-surface.test-d.ts (3 tests)
 ✓  TS  packages/namespace-registry/test/issue-369-window-read-lease-surface.test-d.ts (2 tests)
 ✓  TS  packages/namespace-runtime/test/runtime-readdata-projection-text.test-d.ts (2 tests)
 ✓  TS  packages/namespace-runtime/test/runtime-readdata-shape-budget.test-d.ts (2 tests)
 ✓  TS  packages/namespace-registry/test/registry-readdata-budget-passthrough.test-d.ts (2 tests)
 ✓  TS  packages/namespace-registry/test/issue-383-lease-where-type-guard.test-d.ts (3 tests)
 ✓  TS  packages/namespace-runtime/test/runtime-registry-internal-type-guard.test-d.ts (3 tests)
 ✓  TS  packages/namespace-registry/test/registry-readdata-projection-text.test-d.ts (1 test)
 ✓  TS  domains/vfs3-assets/test/vfs3-assets-migration.test-d.ts (6 tests)
 ✓  TS  packages/namespace-runtime/test/runtime-mutate-data-type-guard.test-d.ts (4 tests)
 ✓  TS  packages/namespace-registry/test/registry-phase5-bootstrap-reset-r2-surface.test-d.ts (4 tests)
 ✓  TS  packages/vfsl/test/resolve-schema-at-path-budget.test-d.ts (8 tests)
 ✓  TS  packages/doc-runtime/test/issue-382-where-window-type-guard.test-d.ts (3 tests)
 ✓  TS  packages/namespace-registry/test/registry-phase5-bootstrap-reset-surface.test-d.ts (5 tests)
 ✓  TS  packages/persistence/test/persistence-phase5-archive-surface.test-d.ts (5 tests)
 ✓  TS  packages/namespace-diagnostic-log/test/identity.test-d.ts (9 tests)
 ✓  TS  packages/ws-replication/test/ws-replication-issue420-session-host-api.test-d.ts (0 test)
 ✓  TS  packages/doc-runtime/test/read-logical-value-at-path-shape-budget.test-d.ts (7 tests)
 ✓  TS  packages/namespace-registry/test/issue-387-watch-map-lease-surface.test-d.ts (2 tests)
 ✓  TS  packages/namespace-registry/test/issue-390-watch-invalidation-surface.test-d.ts (3 tests)
 ✓  TS  packages/replication-protocol/test/codec-api.test-d.ts (8 tests)
 ✓  TS  packages/namespace-registry/test/registry-phase5-replication-surface.test-d.ts (6 tests)
 ✓  TS  packages/namespace-registry/test/registry-phase5-replication-session-surface.test-d.ts (5 tests)
 ✓  TS  packages/vfsl-codegen/test/generate-discriminated-narrow.test-d.ts (6 tests)
 ✓  TS  packages/persistence/test/persistence-issue-412-drain-surface.test-d.ts (5 tests)
 ✓  TS  packages/doc-runtime/test/read-logical-value-at-path-schema-independent.test-d.ts (4 tests)
 ✓  TS  packages/namespace-registry/test/registry-data-interface.test-d.ts (3 tests)
 ✓  TS  packages/vfsl-codegen/test/generate-number-literals.test-d.ts (4 tests)
 ✓  TS  packages/namespace-registry/test/registry-readdata-schema-red.test-d.ts (1 test)
 ✓  TS  packages/ws-replication/test/ws-replication-issue422-session-host-api.test-d.ts (2 tests)
 ✓  TS  packages/vfsl/test/resolve-schema-at-path.test-d.ts (3 tests)
 ✓  TS  packages/vfsl-protocol/test/vfsl-protocol-empty-fail-closed.test-d.ts (3 tests)
 ✓  TS  packages/namespace-runtime/test/runtime-data-interface.test-d.ts (4 tests)
 ✓  TS  packages/namespace-registry/test/registry-phase5-identity-surface.test-d.ts (5 tests)
 ✓  TS  packages/vfsl/test/render-projection-text.test-d.ts (5 tests)
 ✓  TS  packages/clock/test/clock-contract.test-d.ts (7 tests)
 ✓  TS  packages/namespace-runtime/test/runtime-readdata-schema-red.test-d.ts (2 tests)
 ✓  TS  packages/namespace-runtime/test/runtime-close-lifecycle-type-guard.test-d.ts (3 tests)
 ✓  TS  packages/ws-replication/test/ws-replication-issue299-api.test-d.ts (2 tests)
 ✓  TS  packages/namespace-diagnostic-log/test/issue-393-file-log-runtime-emitter-for-surface.test-d.ts (2 tests)
 ✓  TS  packages/namespace-runtime/test/runtime-replace-schema-type-guard.test-d.ts (1 test)
 ✓  TS  packages/instance/test/instance.test-d.ts (1 test)

⎯⎯⎯⎯⎯⎯⎯ Failed Tests 4 ⎯⎯⎯⎯⎯⎯⎯

 FAIL  packages/ws-replication/test/ws-replication-issue421-edge-factory-api.test-d.ts > issue #421 EF-C1 类型面：createHubReplicationEdge 从包入口解析 > 负控：既有导出仍在且类型不变（append-only，只增不减）
TypeCheckError: Expected 1 arguments, but got 0.
 ❯ packages/ws-replication/test/ws-replication-issue421-edge-factory-api.test-d.ts:94:57
     92|     // 插件族与服务查询面仍在（参数/返回类型不变）
     93|     expectTypeOf(createHubReplicationPlugin).toBeFunction();
     94|     expectTypeOf(createHubReplicationPlugin).parameters.toEqualTypeOf<
       |                                                         ^
     95|       [config: HubReplicationPluginConfig, overrides?: HubReplicationP…
     96|     >();

⎯⎯⎯⎯⎯⎯⎯⎯⎯⎯⎯⎯⎯⎯⎯⎯⎯⎯⎯⎯⎯⎯⎯⎯[1/4]⎯

 FAIL  packages/ws-replication/test/ws-replication-issue421-edge-factory-api.test-d.ts > issue #421 EF-C2 类型面：accept 双入口与公共句柄冻结面 > 双入口：accept(transport, request?) 与 acceptTrusted(transport, identity) → Promise<句柄 | undefined>
TypeCheckError: Expected 1 arguments, but got 0.
 ❯ packages/ws-replication/test/ws-replication-issue421-edge-factory-api.test-d.ts:115:45
    113|     }>();
    114|
    115|     expectTypeOf(factory.accept).parameters.toEqualTypeOf<[DuplexTrans…
       |                                             ^
    116|     expectTypeOf(factory.accept).returns.toEqualTypeOf<Promise<HubRepl…
    117|     expectTypeOf(factory.acceptTrusted).parameters.toEqualTypeOf<[Dupl…

⎯⎯⎯⎯⎯⎯⎯⎯⎯⎯⎯⎯⎯⎯⎯⎯⎯⎯⎯⎯⎯⎯⎯⎯[2/4]⎯

 FAIL  packages/ws-replication/test/ws-replication-issue421-edge-factory-api.test-d.ts > issue #421 EF-C2 类型面：accept 双入口与公共句柄冻结面 > HubReplicationEdgeConnection 十成员 + D7 裁决：句柄不暴露 channels（替代观测面 = namespaces）
TypeCheckError: Expected 1 arguments, but got 0.
 ❯ packages/ws-replication/test/ws-replication-issue421-edge-factory-api.test-d.ts:284:70
    282|     expectTypeOf<HubReplicationEdgeConnection['egress']>().toEqualType…
    283|
    284|     expectTypeOf<HubReplicationEdgeConnection['close']>().parameters.t…
       |                                                                      ^
    285|       [code?: number, reason?: string]
    286|     >();

⎯⎯⎯⎯⎯⎯⎯⎯⎯⎯⎯⎯⎯⎯⎯⎯⎯⎯⎯⎯⎯⎯⎯⎯[3/4]⎯

 FAIL  packages/ws-replication/test/ws-replication-issue421-edge-factory-api.test-d.ts > issue #421 EF-C2 类型面：accept 双入口与公共句柄冻结面 > HubReplicationEdgeEgress 五成员精确签名（占位编码入、mux 点盖章出）
TypeCheckError: Expected 1 arguments, but got 0.
 ❯ packages/ws-replication/test/ws-replication-issue421-edge-factory-api.test-d.ts:322:76
    320|     >();
    321|     expectTypeOf<HubReplicationEdgeEgress['namespaceSettled']>().retur…
    322|     expectTypeOf<HubReplicationEdgeEgress['connectionFatal']>().parame…
       |                                                                            ^
    323|       [code: string, wsCloseCode?: number]
    324|     >();

⎯⎯⎯⎯⎯⎯⎯⎯⎯⎯⎯⎯⎯⎯⎯⎯⎯⎯⎯⎯⎯⎯⎯⎯[4/4]⎯


 Test Files  1 failed | 49 passed (50)
      Tests  4 failed | 268 passed (272)
Type Errors  4 failed
   Start at  13:46:46
   Duration  1.90s (transform 0ms, setup 0ms, collect 0ms, tests 0ms, environment 0ms, prepare 0ms, typecheck 1.76s)

TYPECHECK_GATE_EXIT=1
