Testing types with tsc and vue-tsc is an experimental feature.
Breaking changes might not follow SemVer, please pin Vitest's version when using it.

 RUN  v3.2.7 /home/wangjian/nomicore-fix-issue-451

 ✓ packages/ws-replication/test/ws-replication-issue420-shim-matrix.test.ts (53 tests) 380ms
 ✓ packages/ws-replication/test/ws-replication-issue423-sa7-dynamic.test.ts (5 tests) 202ms
 ✓  TS  packages/ws-replication/test/ws-replication-issue420-session-host-api.test-d.ts (0 test)
 ✓  TS  packages/ws-replication/test/ws-replication-issue421-edge-factory-api.test-d.ts (8 tests)
 ✓ packages/ws-replication/test/ws-replication-issue423-observer-emission-split.test.ts (21 tests) 101ms
 ✓ packages/ws-replication/test/ws-replication-issue420-session-host-round.test.ts (10 tests) 89ms
 ✓ packages/ws-replication/test/ws-replication-issue418-edge-session-split-contract.test.ts (17 tests) 96ms
 ✓ packages/ws-replication/test/ws-replication-issue424-auth-parity.test.ts (7 tests) 79ms
 ✓ packages/ws-replication/test/ws-replication-issue418-pending-window-matrix.test.ts (25 tests) 82ms
 ✓ packages/ws-replication/test/ws-replication-issue424-cross-seam-round.test.ts (5 tests) 72ms
 ✓ packages/ws-replication/test/ws-replication-issue424-lifecycle.test.ts (9 tests) 58ms
 ✓ packages/ws-replication/test/ws-replication-issue421-open-admission-pipeline.test.ts (40 tests) 42ms
 ✓ packages/ws-replication/test/ws-replication-issue421-wire-parity.test.ts (8 tests) 16ms
 ✓ packages/ws-replication/test/ws-replication-issue424-multi-worker.test.ts (4 tests) 55ms
 ✓ packages/ws-replication/test/ws-replication-issue418-edge-session-split-structure.test.ts (9 tests) 38ms
 ✓ packages/ws-replication/test/ws-replication-issue421-error-routing.test.ts (8 tests) 21ms
 ✓ packages/ws-replication/test/ws-replication-issue421-edge-accept.test.ts (15 tests) 17ms
 ✓ packages/ws-replication/test/ws-replication-issue421-edge-lifecycle.test.ts (12 tests) 15ms
 ✓ packages/ws-replication/test/ws-replication-issue421-route-key-parity.test.ts (7 tests) 15ms
 ✓ packages/ws-replication/test/ws-replication-issue423-update-offset-guard.test.ts (10 tests) 13ms

 Test Files  20 passed (20)
      Tests  273 passed (273)
Type Errors  no errors
   Start at  20:39:33
   Duration  8.34s (transform 1.32s, setup 0ms, collect 4.33s, tests 1.39s, environment 2ms, prepare 833ms, typecheck 2.77s)
