### AC1 anchor contract (runtime) — 2026-09-22T13:07:22Z
Testing types with tsc and vue-tsc is an experimental feature.
Breaking changes might not follow SemVer, please pin Vitest's version when using it.

 RUN  v3.2.7 /home/wangjian/nomicore-fix-issue-451

 ✓ packages/ws-replication/test/ws-replication-issue451-gamma-observability-anchor.test.ts (9 tests) 104ms

 Test Files  1 passed (1)
      Tests  9 passed (9)
Type Errors  no errors
   Start at  21:07:22
   Duration  1.19s (transform 651ms, setup 0ms, collect 895ms, tests 104ms, environment 0ms, prepare 56ms)

ANCHOR_EXIT=0

### AC2 surface-freeze contract (typecheck) — 2026-09-22T13:07:23Z
Testing types with tsc and vue-tsc is an experimental feature.
Breaking changes might not follow SemVer, please pin Vitest's version when using it.

 RUN  v3.2.7 /home/wangjian/nomicore-fix-issue-451

 ✓  TS  packages/ws-replication/test/ws-replication-issue451-gamma-surface-freeze.test-d.ts (3 tests)

 Test Files  1 passed (1)
      Tests  3 passed (3)
Type Errors  no errors
   Start at  21:07:24
   Duration  2.09s (transform 0ms, setup 0ms, collect 0ms, tests 0ms, environment 0ms, prepare 0ms, typecheck 2.05s)

SURFACE_EXIT=0
