### SA6 contract revision — pre-revision flake sampling
## date: 2026-09-22T13:28:09Z
## HEAD: 68ab9f5bfe4df66a54faddf759709a76914332d0
## entry A: focused contract file, 30 sequential separate processes
## entry B: package gate suite, 3 sequential runs

A run 1: exit=0 PASS | Tests  9 passed (9) |
A run 2: exit=0 PASS | Tests  9 passed (9) |
A run 3: exit=0 PASS | Tests  9 passed (9) |
A run 4: exit=0 PASS | Tests  9 passed (9) |
A run 5: exit=0 PASS | Tests  9 passed (9) |
A run 6: exit=0 PASS | Tests  9 passed (9) |
A run 7: exit=0 PASS | Tests  9 passed (9) |
A run 8: exit=0 PASS | Tests  9 passed (9) |
A run 9: exit=1 FAIL | Tests  1 failed | 8 passed (9) |    × issue #451 ANCHOR-ORDER — 跨线程 observer 事件无全序：断言只依赖单侧事实与因果门（§24.8） > ANCHOR-ORDER-C1（调度扰动不变性）：即时释放 vs 扣留回执后释放——两调度下按型投影逐字相同 19ms| FAIL
A run 10: exit=0 PASS | Tests  9 passed (9) |
A run 11: exit=0 PASS | Tests  9 passed (9) |
A run 12: exit=1 FAIL | Tests  1 failed | 8 passed (9) |    × issue #451 ANCHOR-ORDER — 跨线程 observer 事件无全序：断言只依赖单侧事实与因果门（§24.8） > ANCHOR-ORDER-C1（调度扰动不变性）：即时释放 vs 扣留回执后释放——两调度下按型投影逐字相同 18ms| FAIL
A run 13: exit=0 PASS | Tests  9 passed (9) |
A run 14: exit=0 PASS | Tests  9 passed (9) |
A run 15: exit=0 PASS | Tests  9 passed (9) |
A run 16: exit=0 PASS | Tests  9 passed (9) |
A run 17: exit=0 PASS | Tests  9 passed (9) |
A run 18: exit=0 PASS | Tests  9 passed (9) |
A run 19: exit=0 PASS | Tests  9 passed (9) |
A run 20: exit=0 PASS | Tests  9 passed (9) |
A run 21: exit=0 PASS | Tests  9 passed (9) |
A run 22: exit=1 FAIL | Tests  1 failed | 8 passed (9) |    × issue #451 ANCHOR-ORDER — 跨线程 observer 事件无全序：断言只依赖单侧事实与因果门（§24.8） > ANCHOR-ORDER-C1（调度扰动不变性）：即时释放 vs 扣留回执后释放——两调度下按型投影逐字相同 19ms| FAIL
A run 23: exit=0 PASS | Tests  9 passed (9) |
A run 24: exit=0 PASS | Tests  9 passed (9) |
A run 25: exit=0 PASS | Tests  9 passed (9) |
A run 26: exit=0 PASS | Tests  9 passed (9) |
A run 27: exit=1 FAIL | Tests  1 failed | 8 passed (9) |    × issue #451 ANCHOR-ORDER — 跨线程 observer 事件无全序：断言只依赖单侧事实与因果门（§24.8） > ANCHOR-ORDER-C1（调度扰动不变性）：即时释放 vs 扣留回执后释放——两调度下按型投影逐字相同 19ms| FAIL
A run 28: exit=0 PASS | Tests  9 passed (9) |
A run 29: exit=0 PASS | Tests  9 passed (9) |
A run 30: exit=0 PASS | Tests  9 passed (9) |
A totals: FAIL=4 PASS=26
