Testing types with tsc and vue-tsc is an experimental feature.
Breaking changes might not follow SemVer, please pin Vitest's version when using it.

 RUN  v3.2.7 /home/wangjian/nomicore-fix-issue-440

 ❯ packages/vfsl/test/issue-440-elementwise-entry-contract.test.ts (26 tests | 26 failed) 16ms
   × #440 A 公共接缝（经包公共入口） > A1 新导出在场且是函数（公共面唯一入口 = src/index.ts） 6ms
     → 能力缺口：@nomicore/vfsl 公共入口未导出 applyElementwiseEntryMutation（ADR 0034 决策 1/2 逐 entry 判定接缝）——公共入口无此自有导出键: expected false to be true // Object.is equality
   × #440 A 公共接缝（经包公共入口） > A2 合法 Record set 返回 ValidateResult 的 ok 支（`{ok:true}` 直出、无 result 包装、纯函数） 1ms
     → 能力缺口：@nomicore/vfsl 公共入口未导出 applyElementwiseEntryMutation（ADR 0034 决策 1/2 逐 entry 判定接缝）——实际 typeof=undefined
   × #440 B Record set 逐 entry 校验 > B1 每条 fast-path Record 路径：新键 / 既有键整值替换（合法值）均通过 0ms
     → 能力缺口：@nomicore/vfsl 公共入口未导出 applyElementwiseEntryMutation（ADR 0034 决策 1/2 逐 entry 判定接缝）——实际 typeof=undefined
   × #440 B Record set 逐 entry 校验 > B2 非法新值写入前拒绝：issue 路径 = [...mapPath, key, ...值内路径]（items 规范锚 + oracle 逐字节） 0ms
     → 能力缺口：@nomicore/vfsl 公共入口未导出 applyElementwiseEntryMutation（ADR 0034 决策 1/2 逐 entry 判定接缝）——实际 typeof=undefined
   × #440 B Record set 逐 entry 校验 > B3 键 Pattern 违规（合法值）：message/path 与全量路径逐字节一致 0ms
     → 能力缺口：@nomicore/vfsl 公共入口未导出 applyElementwiseEntryMutation（ADR 0034 决策 1/2 逐 entry 判定接缝）——实际 typeof=undefined
   × #440 B Record set 逐 entry 校验 > B4 键 Pattern 违规 + 非法新值：两 issue、序 = 键先值后（全收集语义），与 oracle 逐字节一致 0ms
     → 能力缺口：@nomicore/vfsl 公共入口未导出 applyElementwiseEntryMutation（ADR 0034 决策 1/2 逐 entry 判定接缝）——实际 typeof=undefined
   × #440 B Record set 逐 entry 校验 > B5 Record 值位为 union 不影响 fast path（blobs: Record<string, Item | Alt> 逐字复现 union 仲裁） 0ms
     → 能力缺口：@nomicore/vfsl 公共入口未导出 applyElementwiseEntryMutation（ADR 0034 决策 1/2 逐 entry 判定接缝）——实际 typeof=undefined
   × #440 B Record set 逐 entry 校验 > B6 旧值不读：同一 payload 下 has 真/假判决逐字节相同；目标键位旧值非法不阻断（整值替换） 0ms
     → 能力缺口：@nomicore/vfsl 公共入口未导出 applyElementwiseEntryMutation（ADR 0034 决策 1/2 逐 entry 判定接缝）——实际 typeof=undefined
   × #440 B Record set 逐 entry 校验 > B7 嵌套 Record 路径 rebase：issue 路径使用容器绝对路径（outer.inner） 0ms
     → 能力缺口：@nomicore/vfsl 公共入口未导出 applyElementwiseEntryMutation（ADR 0034 决策 1/2 逐 entry 判定接缝）——实际 typeof=undefined
   × #440 C Record delete 仅域规则判定 > C1 缺席键拒 no-op：message/path 与现行逐字一致 0ms
     → 能力缺口：@nomicore/vfsl 公共入口未导出 applyElementwiseEntryMutation（ADR 0034 决策 1/2 逐 entry 判定接缝）——实际 typeof=undefined
   × #440 C Record delete 仅域规则判定 > C2 在场键 delete 全部通过（空对象合法 ⇒ 删除永不使 Record 变非法） 0ms
     → 能力缺口：@nomicore/vfsl 公共入口未导出 applyElementwiseEntryMutation（ADR 0034 决策 1/2 逐 entry 判定接缝）——实际 typeof=undefined
   × #440 C Record delete 仅域规则判定 > C3 不触碰其他 entry：同 has 事实下干净基线与邻位污染基线判决逐字节相同 0ms
     → 能力缺口：@nomicore/vfsl 公共入口未导出 applyElementwiseEntryMutation（ADR 0034 决策 1/2 逐 entry 判定接缝）——实际 typeof=undefined
   × #440 C Record delete 仅域规则判定 > C4 目标键本身违反 keyPattern 但存在：delete 照常成功（delete 不查键 Pattern） 0ms
     → 能力缺口：@nomicore/vfsl 公共入口未导出 applyElementwiseEntryMutation（ADR 0034 决策 1/2 逐 entry 判定接缝）——实际 typeof=undefined
   × #440 C Record delete 仅域规则判定 > C5 缺席键即使违反 keyPattern 也只报 no-op（域规则先于 schema 判定） 0ms
     → 能力缺口：@nomicore/vfsl 公共入口未导出 applyElementwiseEntryMutation（ADR 0034 决策 1/2 逐 entry 判定接缝）——实际 typeof=undefined
   × #440 D 封闭对象 delete 静态必填判定（不读父值） > D1 必填且非 unknown 标量 → 拒绝（message/path 逐字一致；两 parent 路径全矩阵） 0ms
     → 能力缺口：@nomicore/vfsl 公共入口未导出 applyElementwiseEntryMutation（ADR 0034 决策 1/2 逐 entry 判定接缝）——实际 typeof=undefined
   × #440 D 封闭对象 delete 静态必填判定（不读父值） > D2 optional / unknown 标量字段 → 允许（与 oracle 逐字节一致） 0ms
     → 能力缺口：@nomicore/vfsl 公共入口未导出 applyElementwiseEntryMutation（ADR 0034 决策 1/2 逐 entry 判定接缝）——实际 typeof=undefined
   × #440 D 封闭对象 delete 静态必填判定（不读父值） > D3 字段缺席（has=false）→ 拒 no-op（必填性无关的域规则） 0ms
     → 能力缺口：@nomicore/vfsl 公共入口未导出 applyElementwiseEntryMutation（ADR 0034 决策 1/2 逐 entry 判定接缝）——实际 typeof=undefined
   × #440 D 封闭对象 delete 静态必填判定（不读父值） > D4 静态性（数据无关）：目标字段值形态不影响判决（必填拒绝 / optional 允许） 0ms
     → 能力缺口：@nomicore/vfsl 公共入口未导出 applyElementwiseEntryMutation（ADR 0034 决策 1/2 逐 entry 判定接缝）——实际 typeof=undefined
   × #440 D 封闭对象 delete 静态必填判定（不读父值） > D5 不读父值 / 同胞不重验：同 has 事实下干净基线与同胞污染基线判决逐字节相同 0ms
     → 能力缺口：@nomicore/vfsl 公共入口未导出 applyElementwiseEntryMutation（ADR 0034 决策 1/2 逐 entry 判定接缝）——实际 typeof=undefined
   × #440 D 封闭对象 delete 静态必填判定（不读父值） > D6 嵌套封闭对象路径 rebase：issue 路径使用父对象绝对路径（panel.node） 0ms
     → 能力缺口：@nomicore/vfsl 公共入口未导出 applyElementwiseEntryMutation（ADR 0034 决策 1/2 逐 entry 判定接缝）——实际 typeof=undefined
   × #440 E 一致性 fixture（ADR 0034 决策 5） > E1 全用例：逐 entry 判定与全量整体验证的接受/拒绝及 issue 内容逐字节一致 1ms
     → 能力缺口：@nomicore/vfsl 公共入口未导出 applyElementwiseEntryMutation（ADR 0034 决策 1/2 逐 entry 判定接缝）——实际 typeof=undefined
   × #440 E 一致性 fixture（ADR 0034 决策 5） > E2 比较判据敏感：触达面组（污染在目标键位之外）上目标判决与全量 oracle 逐字节可分 1ms
     → 能力缺口：@nomicore/vfsl 公共入口未导出 applyElementwiseEntryMutation（ADR 0034 决策 1/2 逐 entry 判定接缝）——实际 typeof=undefined
   × #440 E 一致性 fixture（ADR 0034 决策 5） > E3 触达面目标行为：目标键位合法即成功；拒绝时只报目标键位（不连带邻位污染） 0ms
     → 能力缺口：@nomicore/vfsl 公共入口未导出 applyElementwiseEntryMutation（ADR 0034 决策 1/2 逐 entry 判定接缝）——实际 typeof=undefined
   × #440 F fast path 闸门 fail closed > F1 闸门前提：record 计划 = kind=record ∧ node 为 Record 形态（含 <key> 槽）；parent 计划 = kind=parent ∧ 封闭对象形态 0ms
     → 能力缺口：@nomicore/vfsl 公共入口未导出 applyElementwiseEntryMutation（ADR 0034 决策 1/2 逐 entry 判定接缝）——实际 typeof=undefined
   × #440 F fast path 闸门 fail closed > F2 union map 位（maybe）永久 legacy：节点 kind=union ⇒ 新接缝不静默接受 0ms
     → 能力缺口：@nomicore/vfsl 公共入口未导出 applyElementwiseEntryMutation（ADR 0034 决策 1/2 逐 entry 判定接缝）——实际 typeof=undefined
   × #440 F fast path 闸门 fail closed > F3 非闸门计划（target / array / 手造 kind / relPath ≠ [key]）一律 fail closed（不静默 ok） 0ms
     → 能力缺口：@nomicore/vfsl 公共入口未导出 applyElementwiseEntryMutation（ADR 0034 决策 1/2 逐 entry 判定接缝）——实际 typeof=undefined
 ✓ packages/vfsl/test/issue-440-elementwise-entry-control.test.ts (19 tests) 29ms

⎯⎯⎯⎯⎯⎯ Failed Tests 26 ⎯⎯⎯⎯⎯⎯⎯

 FAIL  packages/vfsl/test/issue-440-elementwise-entry-contract.test.ts > #440 A 公共接缝（经包公共入口） > A1 新导出在场且是函数（公共面唯一入口 = src/index.ts）
AssertionError: 能力缺口：@nomicore/vfsl 公共入口未导出 applyElementwiseEntryMutation（ADR 0034 决策 1/2 逐 entry 判定接缝）——公共入口无此自有导出键: expected false to be true // Object.is equality

- Expected
+ Received

- true
+ false

 ❯ packages/vfsl/test/issue-440-elementwise-entry-contract.test.ts:117:106
    115|   it('A1 新导出在场且是函数（公共面唯一入口 = src/index.ts）', () => {
    116|     const surface = vfsl as unknown as Record<string, unknown>;
    117|     expect(Object.prototype.hasOwnProperty.call(surface, SEAM_EXPORT),…
       |                                                                                                          ^
    118|     expect(typeof surface[SEAM_EXPORT], CAPABILITY_GAP).toBe('function…
    119|   });

⎯⎯⎯⎯⎯⎯⎯⎯⎯⎯⎯⎯⎯⎯⎯⎯⎯⎯⎯⎯⎯⎯⎯[1/26]⎯

 FAIL  packages/vfsl/test/issue-440-elementwise-entry-contract.test.ts > #440 A 公共接缝（经包公共入口） > A2 合法 Record set 返回 ValidateResult 的 ok 支（`{ok:true}` 直出、无 result 包装、纯函数）
Error: 能力缺口：@nomicore/vfsl 公共入口未导出 applyElementwiseEntryMutation（ADR 0034 决策 1/2 逐 entry 判定接缝）——实际 typeof=undefined
 ❯ seam packages/vfsl/test/issue-440-elementwise-entry-contract.test.ts:79:11
     77|   const candidate = (vfsl as unknown as Record<string, unknown>)[SEAM_…
     78|   if (typeof candidate !== 'function') {
     79|     throw new Error(`${CAPABILITY_GAP}——实际 typeof=${typeof candidate}`…
       |           ^
     80|   }
     81|   return candidate as SeamFn;
 ❯ callOf packages/vfsl/test/issue-440-elementwise-entry-contract.test.ts:90:10
 ❯ packages/vfsl/test/issue-440-elementwise-entry-contract.test.ts:124:20

⎯⎯⎯⎯⎯⎯⎯⎯⎯⎯⎯⎯⎯⎯⎯⎯⎯⎯⎯⎯⎯⎯⎯[2/26]⎯

 FAIL  packages/vfsl/test/issue-440-elementwise-entry-contract.test.ts > #440 B Record set 逐 entry 校验 > B1 每条 fast-path Record 路径：新键 / 既有键整值替换（合法值）均通过
Error: 能力缺口：@nomicore/vfsl 公共入口未导出 applyElementwiseEntryMutation（ADR 0034 决策 1/2 逐 entry 判定接缝）——实际 typeof=undefined
 ❯ seam packages/vfsl/test/issue-440-elementwise-entry-contract.test.ts:79:11
     77|   const candidate = (vfsl as unknown as Record<string, unknown>)[SEAM_…
     78|   if (typeof candidate !== 'function') {
     79|     throw new Error(`${CAPABILITY_GAP}——实际 typeof=${typeof candidate}`…
       |           ^
     80|   }
     81|   return candidate as SeamFn;
 ❯ callOf packages/vfsl/test/issue-440-elementwise-entry-contract.test.ts:90:10
 ❯ packages/vfsl/test/issue-440-elementwise-entry-contract.test.ts:140:14

⎯⎯⎯⎯⎯⎯⎯⎯⎯⎯⎯⎯⎯⎯⎯⎯⎯⎯⎯⎯⎯⎯⎯[3/26]⎯

 FAIL  packages/vfsl/test/issue-440-elementwise-entry-contract.test.ts > #440 B Record set 逐 entry 校验 > B2 非法新值写入前拒绝：issue 路径 = [...mapPath, key, ...值内路径]（items 规范锚 + oracle 逐字节）
Error: 能力缺口：@nomicore/vfsl 公共入口未导出 applyElementwiseEntryMutation（ADR 0034 决策 1/2 逐 entry 判定接缝）——实际 typeof=undefined
 ❯ seam packages/vfsl/test/issue-440-elementwise-entry-contract.test.ts:79:11
     77|   const candidate = (vfsl as unknown as Record<string, unknown>)[SEAM_…
     78|   if (typeof candidate !== 'function') {
     79|     throw new Error(`${CAPABILITY_GAP}——实际 typeof=${typeof candidate}`…
       |           ^
     80|   }
     81|   return candidate as SeamFn;
 ❯ callOf packages/vfsl/test/issue-440-elementwise-entry-contract.test.ts:90:10
 ❯ packages/vfsl/test/issue-440-elementwise-entry-contract.test.ts:147:20

⎯⎯⎯⎯⎯⎯⎯⎯⎯⎯⎯⎯⎯⎯⎯⎯⎯⎯⎯⎯⎯⎯⎯[4/26]⎯

 FAIL  packages/vfsl/test/issue-440-elementwise-entry-contract.test.ts > #440 B Record set 逐 entry 校验 > B3 键 Pattern 违规（合法值）：message/path 与全量路径逐字节一致
Error: 能力缺口：@nomicore/vfsl 公共入口未导出 applyElementwiseEntryMutation（ADR 0034 决策 1/2 逐 entry 判定接缝）——实际 typeof=undefined
 ❯ seam packages/vfsl/test/issue-440-elementwise-entry-contract.test.ts:79:11
     77|   const candidate = (vfsl as unknown as Record<string, unknown>)[SEAM_…
     78|   if (typeof candidate !== 'function') {
     79|     throw new Error(`${CAPABILITY_GAP}——实际 typeof=${typeof candidate}`…
       |           ^
     80|   }
     81|   return candidate as SeamFn;
 ❯ callOf packages/vfsl/test/issue-440-elementwise-entry-contract.test.ts:90:10
 ❯ packages/vfsl/test/issue-440-elementwise-entry-contract.test.ts:159:20

⎯⎯⎯⎯⎯⎯⎯⎯⎯⎯⎯⎯⎯⎯⎯⎯⎯⎯⎯⎯⎯⎯⎯[5/26]⎯

 FAIL  packages/vfsl/test/issue-440-elementwise-entry-contract.test.ts > #440 B Record set 逐 entry 校验 > B4 键 Pattern 违规 + 非法新值：两 issue、序 = 键先值后（全收集语义），与 oracle 逐字节一致
Error: 能力缺口：@nomicore/vfsl 公共入口未导出 applyElementwiseEntryMutation（ADR 0034 决策 1/2 逐 entry 判定接缝）——实际 typeof=undefined
 ❯ seam packages/vfsl/test/issue-440-elementwise-entry-contract.test.ts:79:11
     77|   const candidate = (vfsl as unknown as Record<string, unknown>)[SEAM_…
     78|   if (typeof candidate !== 'function') {
     79|     throw new Error(`${CAPABILITY_GAP}——实际 typeof=${typeof candidate}`…
       |           ^
     80|   }
     81|   return candidate as SeamFn;
 ❯ callOf packages/vfsl/test/issue-440-elementwise-entry-contract.test.ts:90:10
 ❯ packages/vfsl/test/issue-440-elementwise-entry-contract.test.ts:171:20

⎯⎯⎯⎯⎯⎯⎯⎯⎯⎯⎯⎯⎯⎯⎯⎯⎯⎯⎯⎯⎯⎯⎯[6/26]⎯

 FAIL  packages/vfsl/test/issue-440-elementwise-entry-contract.test.ts > #440 B Record set 逐 entry 校验 > B5 Record 值位为 union 不影响 fast path（blobs: Record<string, Item | Alt> 逐字复现 union 仲裁）
Error: 能力缺口：@nomicore/vfsl 公共入口未导出 applyElementwiseEntryMutation（ADR 0034 决策 1/2 逐 entry 判定接缝）——实际 typeof=undefined
 ❯ seam packages/vfsl/test/issue-440-elementwise-entry-contract.test.ts:79:11
     77|   const candidate = (vfsl as unknown as Record<string, unknown>)[SEAM_…
     78|   if (typeof candidate !== 'function') {
     79|     throw new Error(`${CAPABILITY_GAP}——实际 typeof=${typeof candidate}`…
       |           ^
     80|   }
     81|   return candidate as SeamFn;
 ❯ callOf packages/vfsl/test/issue-440-elementwise-entry-contract.test.ts:90:10
 ❯ targetVerdictOf packages/vfsl/test/issue-440-elementwise-entry-contract.test.ts:99:18
 ❯ verdictOf packages/vfsl/test/issue-440-elementwise-entry-contract.test.ts:95:10
 ❯ packages/vfsl/test/issue-440-elementwise-entry-contract.test.ts:181:12

⎯⎯⎯⎯⎯⎯⎯⎯⎯⎯⎯⎯⎯⎯⎯⎯⎯⎯⎯⎯⎯⎯⎯[7/26]⎯

 FAIL  packages/vfsl/test/issue-440-elementwise-entry-contract.test.ts > #440 B Record set 逐 entry 校验 > B6 旧值不读：同一 payload 下 has 真/假判决逐字节相同；目标键位旧值非法不阻断（整值替换）
Error: 能力缺口：@nomicore/vfsl 公共入口未导出 applyElementwiseEntryMutation（ADR 0034 决策 1/2 逐 entry 判定接缝）——实际 typeof=undefined
 ❯ seam packages/vfsl/test/issue-440-elementwise-entry-contract.test.ts:79:11
     77|   const candidate = (vfsl as unknown as Record<string, unknown>)[SEAM_…
     78|   if (typeof candidate !== 'function') {
     79|     throw new Error(`${CAPABILITY_GAP}——实际 typeof=${typeof candidate}`…
       |           ^
     80|   }
     81|   return candidate as SeamFn;
 ❯ callOf packages/vfsl/test/issue-440-elementwise-entry-contract.test.ts:90:10
 ❯ packages/vfsl/test/issue-440-elementwise-entry-contract.test.ts:192:17

⎯⎯⎯⎯⎯⎯⎯⎯⎯⎯⎯⎯⎯⎯⎯⎯⎯⎯⎯⎯⎯⎯⎯[8/26]⎯

 FAIL  packages/vfsl/test/issue-440-elementwise-entry-contract.test.ts > #440 B Record set 逐 entry 校验 > B7 嵌套 Record 路径 rebase：issue 路径使用容器绝对路径（outer.inner）
Error: 能力缺口：@nomicore/vfsl 公共入口未导出 applyElementwiseEntryMutation（ADR 0034 决策 1/2 逐 entry 判定接缝）——实际 typeof=undefined
 ❯ seam packages/vfsl/test/issue-440-elementwise-entry-contract.test.ts:79:11
     77|   const candidate = (vfsl as unknown as Record<string, unknown>)[SEAM_…
     78|   if (typeof candidate !== 'function') {
     79|     throw new Error(`${CAPABILITY_GAP}——实际 typeof=${typeof candidate}`…
       |           ^
     80|   }
     81|   return candidate as SeamFn;
 ❯ callOf packages/vfsl/test/issue-440-elementwise-entry-contract.test.ts:90:10
 ❯ packages/vfsl/test/issue-440-elementwise-entry-contract.test.ts:205:20

⎯⎯⎯⎯⎯⎯⎯⎯⎯⎯⎯⎯⎯⎯⎯⎯⎯⎯⎯⎯⎯⎯⎯[9/26]⎯

 FAIL  packages/vfsl/test/issue-440-elementwise-entry-contract.test.ts > #440 C Record delete 仅域规则判定 > C1 缺席键拒 no-op：message/path 与现行逐字一致
Error: 能力缺口：@nomicore/vfsl 公共入口未导出 applyElementwiseEntryMutation（ADR 0034 决策 1/2 逐 entry 判定接缝）——实际 typeof=undefined
 ❯ seam packages/vfsl/test/issue-440-elementwise-entry-contract.test.ts:79:11
     77|   const candidate = (vfsl as unknown as Record<string, unknown>)[SEAM_…
     78|   if (typeof candidate !== 'function') {
     79|     throw new Error(`${CAPABILITY_GAP}——实际 typeof=${typeof candidate}`…
       |           ^
     80|   }
     81|   return candidate as SeamFn;
 ❯ callOf packages/vfsl/test/issue-440-elementwise-entry-contract.test.ts:90:10
 ❯ packages/vfsl/test/issue-440-elementwise-entry-contract.test.ts:218:20

⎯⎯⎯⎯⎯⎯⎯⎯⎯⎯⎯⎯⎯⎯⎯⎯⎯⎯⎯⎯⎯⎯[10/26]⎯

 FAIL  packages/vfsl/test/issue-440-elementwise-entry-contract.test.ts > #440 C Record delete 仅域规则判定 > C2 在场键 delete 全部通过（空对象合法 ⇒ 删除永不使 Record 变非法）
Error: 能力缺口：@nomicore/vfsl 公共入口未导出 applyElementwiseEntryMutation（ADR 0034 决策 1/2 逐 entry 判定接缝）——实际 typeof=undefined
 ❯ seam packages/vfsl/test/issue-440-elementwise-entry-contract.test.ts:79:11
     77|   const candidate = (vfsl as unknown as Record<string, unknown>)[SEAM_…
     78|   if (typeof candidate !== 'function') {
     79|     throw new Error(`${CAPABILITY_GAP}——实际 typeof=${typeof candidate}`…
       |           ^
     80|   }
     81|   return candidate as SeamFn;
 ❯ callOf packages/vfsl/test/issue-440-elementwise-entry-contract.test.ts:90:10
 ❯ packages/vfsl/test/issue-440-elementwise-entry-contract.test.ts:233:14

⎯⎯⎯⎯⎯⎯⎯⎯⎯⎯⎯⎯⎯⎯⎯⎯⎯⎯⎯⎯⎯⎯[11/26]⎯

 FAIL  packages/vfsl/test/issue-440-elementwise-entry-contract.test.ts > #440 C Record delete 仅域规则判定 > C3 不触碰其他 entry：同 has 事实下干净基线与邻位污染基线判决逐字节相同
Error: 能力缺口：@nomicore/vfsl 公共入口未导出 applyElementwiseEntryMutation（ADR 0034 决策 1/2 逐 entry 判定接缝）——实际 typeof=undefined
 ❯ seam packages/vfsl/test/issue-440-elementwise-entry-contract.test.ts:79:11
     77|   const candidate = (vfsl as unknown as Record<string, unknown>)[SEAM_…
     78|   if (typeof candidate !== 'function') {
     79|     throw new Error(`${CAPABILITY_GAP}——实际 typeof=${typeof candidate}`…
       |           ^
     80|   }
     81|   return candidate as SeamFn;
 ❯ callOf packages/vfsl/test/issue-440-elementwise-entry-contract.test.ts:90:10
 ❯ targetVerdictOf packages/vfsl/test/issue-440-elementwise-entry-contract.test.ts:99:18
 ❯ verdictOf packages/vfsl/test/issue-440-elementwise-entry-contract.test.ts:95:10
 ❯ packages/vfsl/test/issue-440-elementwise-entry-contract.test.ts:241:25

⎯⎯⎯⎯⎯⎯⎯⎯⎯⎯⎯⎯⎯⎯⎯⎯⎯⎯⎯⎯⎯⎯[12/26]⎯

 FAIL  packages/vfsl/test/issue-440-elementwise-entry-contract.test.ts > #440 C Record delete 仅域规则判定 > C4 目标键本身违反 keyPattern 但存在：delete 照常成功（delete 不查键 Pattern）
Error: 能力缺口：@nomicore/vfsl 公共入口未导出 applyElementwiseEntryMutation（ADR 0034 决策 1/2 逐 entry 判定接缝）——实际 typeof=undefined
 ❯ seam packages/vfsl/test/issue-440-elementwise-entry-contract.test.ts:79:11
     77|   const candidate = (vfsl as unknown as Record<string, unknown>)[SEAM_…
     78|   if (typeof candidate !== 'function') {
     79|     throw new Error(`${CAPABILITY_GAP}——实际 typeof=${typeof candidate}`…
       |           ^
     80|   }
     81|   return candidate as SeamFn;
 ❯ callOf packages/vfsl/test/issue-440-elementwise-entry-contract.test.ts:90:10
 ❯ targetVerdictOf packages/vfsl/test/issue-440-elementwise-entry-contract.test.ts:99:18
 ❯ verdictOf packages/vfsl/test/issue-440-elementwise-entry-contract.test.ts:95:10
 ❯ packages/vfsl/test/issue-440-elementwise-entry-contract.test.ts:249:12

⎯⎯⎯⎯⎯⎯⎯⎯⎯⎯⎯⎯⎯⎯⎯⎯⎯⎯⎯⎯⎯⎯[13/26]⎯

 FAIL  packages/vfsl/test/issue-440-elementwise-entry-contract.test.ts > #440 C Record delete 仅域规则判定 > C5 缺席键即使违反 keyPattern 也只报 no-op（域规则先于 schema 判定）
Error: 能力缺口：@nomicore/vfsl 公共入口未导出 applyElementwiseEntryMutation（ADR 0034 决策 1/2 逐 entry 判定接缝）——实际 typeof=undefined
 ❯ seam packages/vfsl/test/issue-440-elementwise-entry-contract.test.ts:79:11
     77|   const candidate = (vfsl as unknown as Record<string, unknown>)[SEAM_…
     78|   if (typeof candidate !== 'function') {
     79|     throw new Error(`${CAPABILITY_GAP}——实际 typeof=${typeof candidate}`…
       |           ^
     80|   }
     81|   return candidate as SeamFn;
 ❯ callOf packages/vfsl/test/issue-440-elementwise-entry-contract.test.ts:90:10
 ❯ targetVerdictOf packages/vfsl/test/issue-440-elementwise-entry-contract.test.ts:99:18
 ❯ verdictOf packages/vfsl/test/issue-440-elementwise-entry-contract.test.ts:95:10
 ❯ packages/vfsl/test/issue-440-elementwise-entry-contract.test.ts:255:25

⎯⎯⎯⎯⎯⎯⎯⎯⎯⎯⎯⎯⎯⎯⎯⎯⎯⎯⎯⎯⎯⎯[14/26]⎯

 FAIL  packages/vfsl/test/issue-440-elementwise-entry-contract.test.ts > #440 D 封闭对象 delete 静态必填判定（不读父值） > D1 必填且非 unknown 标量 → 拒绝（message/path 逐字一致；两 parent 路径全矩阵）
Error: 能力缺口：@nomicore/vfsl 公共入口未导出 applyElementwiseEntryMutation（ADR 0034 决策 1/2 逐 entry 判定接缝）——实际 typeof=undefined
 ❯ seam packages/vfsl/test/issue-440-elementwise-entry-contract.test.ts:79:11
     77|   const candidate = (vfsl as unknown as Record<string, unknown>)[SEAM_…
     78|   if (typeof candidate !== 'function') {
     79|     throw new Error(`${CAPABILITY_GAP}——实际 typeof=${typeof candidate}`…
       |           ^
     80|   }
     81|   return candidate as SeamFn;
 ❯ callOf packages/vfsl/test/issue-440-elementwise-entry-contract.test.ts:90:10
 ❯ packages/vfsl/test/issue-440-elementwise-entry-contract.test.ts:270:24

⎯⎯⎯⎯⎯⎯⎯⎯⎯⎯⎯⎯⎯⎯⎯⎯⎯⎯⎯⎯⎯⎯[15/26]⎯

 FAIL  packages/vfsl/test/issue-440-elementwise-entry-contract.test.ts > #440 D 封闭对象 delete 静态必填判定（不读父值） > D2 optional / unknown 标量字段 → 允许（与 oracle 逐字节一致）
Error: 能力缺口：@nomicore/vfsl 公共入口未导出 applyElementwiseEntryMutation（ADR 0034 决策 1/2 逐 entry 判定接缝）——实际 typeof=undefined
 ❯ seam packages/vfsl/test/issue-440-elementwise-entry-contract.test.ts:79:11
     77|   const candidate = (vfsl as unknown as Record<string, unknown>)[SEAM_…
     78|   if (typeof candidate !== 'function') {
     79|     throw new Error(`${CAPABILITY_GAP}——实际 typeof=${typeof candidate}`…
       |           ^
     80|   }
     81|   return candidate as SeamFn;
 ❯ callOf packages/vfsl/test/issue-440-elementwise-entry-contract.test.ts:90:10
 ❯ packages/vfsl/test/issue-440-elementwise-entry-contract.test.ts:289:16

⎯⎯⎯⎯⎯⎯⎯⎯⎯⎯⎯⎯⎯⎯⎯⎯⎯⎯⎯⎯⎯⎯[16/26]⎯

 FAIL  packages/vfsl/test/issue-440-elementwise-entry-contract.test.ts > #440 D 封闭对象 delete 静态必填判定（不读父值） > D3 字段缺席（has=false）→ 拒 no-op（必填性无关的域规则）
Error: 能力缺口：@nomicore/vfsl 公共入口未导出 applyElementwiseEntryMutation（ADR 0034 决策 1/2 逐 entry 判定接缝）——实际 typeof=undefined
 ❯ seam packages/vfsl/test/issue-440-elementwise-entry-contract.test.ts:79:11
     77|   const candidate = (vfsl as unknown as Record<string, unknown>)[SEAM_…
     78|   if (typeof candidate !== 'function') {
     79|     throw new Error(`${CAPABILITY_GAP}——实际 typeof=${typeof candidate}`…
       |           ^
     80|   }
     81|   return candidate as SeamFn;
 ❯ callOf packages/vfsl/test/issue-440-elementwise-entry-contract.test.ts:90:10
 ❯ packages/vfsl/test/issue-440-elementwise-entry-contract.test.ts:298:20

⎯⎯⎯⎯⎯⎯⎯⎯⎯⎯⎯⎯⎯⎯⎯⎯⎯⎯⎯⎯⎯⎯[17/26]⎯

 FAIL  packages/vfsl/test/issue-440-elementwise-entry-contract.test.ts > #440 D 封闭对象 delete 静态必填判定（不读父值） > D4 静态性（数据无关）：目标字段值形态不影响判决（必填拒绝 / optional 允许）
Error: 能力缺口：@nomicore/vfsl 公共入口未导出 applyElementwiseEntryMutation（ADR 0034 决策 1/2 逐 entry 判定接缝）——实际 typeof=undefined
 ❯ seam packages/vfsl/test/issue-440-elementwise-entry-contract.test.ts:79:11
     77|   const candidate = (vfsl as unknown as Record<string, unknown>)[SEAM_…
     78|   if (typeof candidate !== 'function') {
     79|     throw new Error(`${CAPABILITY_GAP}——实际 typeof=${typeof candidate}`…
       |           ^
     80|   }
     81|   return candidate as SeamFn;
 ❯ callOf packages/vfsl/test/issue-440-elementwise-entry-contract.test.ts:90:10
 ❯ targetVerdictOf packages/vfsl/test/issue-440-elementwise-entry-contract.test.ts:99:18
 ❯ verdictOf packages/vfsl/test/issue-440-elementwise-entry-contract.test.ts:95:10
 ❯ packages/vfsl/test/issue-440-elementwise-entry-contract.test.ts:311:25

⎯⎯⎯⎯⎯⎯⎯⎯⎯⎯⎯⎯⎯⎯⎯⎯⎯⎯⎯⎯⎯⎯[18/26]⎯

 FAIL  packages/vfsl/test/issue-440-elementwise-entry-contract.test.ts > #440 D 封闭对象 delete 静态必填判定（不读父值） > D5 不读父值 / 同胞不重验：同 has 事实下干净基线与同胞污染基线判决逐字节相同
Error: 能力缺口：@nomicore/vfsl 公共入口未导出 applyElementwiseEntryMutation（ADR 0034 决策 1/2 逐 entry 判定接缝）——实际 typeof=undefined
 ❯ seam packages/vfsl/test/issue-440-elementwise-entry-contract.test.ts:79:11
     77|   const candidate = (vfsl as unknown as Record<string, unknown>)[SEAM_…
     78|   if (typeof candidate !== 'function') {
     79|     throw new Error(`${CAPABILITY_GAP}——实际 typeof=${typeof candidate}`…
       |           ^
     80|   }
     81|   return candidate as SeamFn;
 ❯ callOf packages/vfsl/test/issue-440-elementwise-entry-contract.test.ts:90:10
 ❯ targetVerdictOf packages/vfsl/test/issue-440-elementwise-entry-contract.test.ts:99:18
 ❯ verdictOf packages/vfsl/test/issue-440-elementwise-entry-contract.test.ts:95:10
 ❯ packages/vfsl/test/issue-440-elementwise-entry-contract.test.ts:324:27

⎯⎯⎯⎯⎯⎯⎯⎯⎯⎯⎯⎯⎯⎯⎯⎯⎯⎯⎯⎯⎯⎯[19/26]⎯

 FAIL  packages/vfsl/test/issue-440-elementwise-entry-contract.test.ts > #440 D 封闭对象 delete 静态必填判定（不读父值） > D6 嵌套封闭对象路径 rebase：issue 路径使用父对象绝对路径（panel.node）
Error: 能力缺口：@nomicore/vfsl 公共入口未导出 applyElementwiseEntryMutation（ADR 0034 决策 1/2 逐 entry 判定接缝）——实际 typeof=undefined
 ❯ seam packages/vfsl/test/issue-440-elementwise-entry-contract.test.ts:79:11
     77|   const candidate = (vfsl as unknown as Record<string, unknown>)[SEAM_…
     78|   if (typeof candidate !== 'function') {
     79|     throw new Error(`${CAPABILITY_GAP}——实际 typeof=${typeof candidate}`…
       |           ^
     80|   }
     81|   return candidate as SeamFn;
 ❯ callOf packages/vfsl/test/issue-440-elementwise-entry-contract.test.ts:90:10
 ❯ targetVerdictOf packages/vfsl/test/issue-440-elementwise-entry-contract.test.ts:99:18
 ❯ verdictOf packages/vfsl/test/issue-440-elementwise-entry-contract.test.ts:95:10
 ❯ packages/vfsl/test/issue-440-elementwise-entry-contract.test.ts:334:25

⎯⎯⎯⎯⎯⎯⎯⎯⎯⎯⎯⎯⎯⎯⎯⎯⎯⎯⎯⎯⎯⎯[20/26]⎯

 FAIL  packages/vfsl/test/issue-440-elementwise-entry-contract.test.ts > #440 E 一致性 fixture（ADR 0034 决策 5） > E1 全用例：逐 entry 判定与全量整体验证的接受/拒绝及 issue 内容逐字节一致
Error: 能力缺口：@nomicore/vfsl 公共入口未导出 applyElementwiseEntryMutation（ADR 0034 决策 1/2 逐 entry 判定接缝）——实际 typeof=undefined
 ❯ seam packages/vfsl/test/issue-440-elementwise-entry-contract.test.ts:79:11
     77|   const candidate = (vfsl as unknown as Record<string, unknown>)[SEAM_…
     78|   if (typeof candidate !== 'function') {
     79|     throw new Error(`${CAPABILITY_GAP}——实际 typeof=${typeof candidate}`…
       |           ^
     80|   }
     81|   return candidate as SeamFn;
 ❯ callOf packages/vfsl/test/issue-440-elementwise-entry-contract.test.ts:90:10
 ❯ targetVerdictOf packages/vfsl/test/issue-440-elementwise-entry-contract.test.ts:99:18
 ❯ verdictOf packages/vfsl/test/issue-440-elementwise-entry-contract.test.ts:95:10
 ❯ packages/vfsl/test/issue-440-elementwise-entry-contract.test.ts:349:22

⎯⎯⎯⎯⎯⎯⎯⎯⎯⎯⎯⎯⎯⎯⎯⎯⎯⎯⎯⎯⎯⎯[21/26]⎯

 FAIL  packages/vfsl/test/issue-440-elementwise-entry-contract.test.ts > #440 E 一致性 fixture（ADR 0034 决策 5） > E2 比较判据敏感：触达面组（污染在目标键位之外）上目标判决与全量 oracle 逐字节可分
Error: 能力缺口：@nomicore/vfsl 公共入口未导出 applyElementwiseEntryMutation（ADR 0034 决策 1/2 逐 entry 判定接缝）——实际 typeof=undefined
 ❯ seam packages/vfsl/test/issue-440-elementwise-entry-contract.test.ts:79:11
     77|   const candidate = (vfsl as unknown as Record<string, unknown>)[SEAM_…
     78|   if (typeof candidate !== 'function') {
     79|     throw new Error(`${CAPABILITY_GAP}——实际 typeof=${typeof candidate}`…
       |           ^
     80|   }
     81|   return candidate as SeamFn;
 ❯ callOf packages/vfsl/test/issue-440-elementwise-entry-contract.test.ts:90:10
 ❯ targetVerdictOf packages/vfsl/test/issue-440-elementwise-entry-contract.test.ts:99:18
 ❯ verdictOf packages/vfsl/test/issue-440-elementwise-entry-contract.test.ts:95:10
 ❯ packages/vfsl/test/issue-440-elementwise-entry-contract.test.ts:362:26

⎯⎯⎯⎯⎯⎯⎯⎯⎯⎯⎯⎯⎯⎯⎯⎯⎯⎯⎯⎯⎯⎯[22/26]⎯

 FAIL  packages/vfsl/test/issue-440-elementwise-entry-contract.test.ts > #440 E 一致性 fixture（ADR 0034 决策 5） > E3 触达面目标行为：目标键位合法即成功；拒绝时只报目标键位（不连带邻位污染）
Error: 能力缺口：@nomicore/vfsl 公共入口未导出 applyElementwiseEntryMutation（ADR 0034 决策 1/2 逐 entry 判定接缝）——实际 typeof=undefined
 ❯ seam packages/vfsl/test/issue-440-elementwise-entry-contract.test.ts:79:11
     77|   const candidate = (vfsl as unknown as Record<string, unknown>)[SEAM_…
     78|   if (typeof candidate !== 'function') {
     79|     throw new Error(`${CAPABILITY_GAP}——实际 typeof=${typeof candidate}`…
       |           ^
     80|   }
     81|   return candidate as SeamFn;
 ❯ callOf packages/vfsl/test/issue-440-elementwise-entry-contract.test.ts:90:10
 ❯ targetVerdictOf packages/vfsl/test/issue-440-elementwise-entry-contract.test.ts:99:18
 ❯ verdictOf packages/vfsl/test/issue-440-elementwise-entry-contract.test.ts:95:10
 ❯ packages/vfsl/test/issue-440-elementwise-entry-contract.test.ts:369:22

⎯⎯⎯⎯⎯⎯⎯⎯⎯⎯⎯⎯⎯⎯⎯⎯⎯⎯⎯⎯⎯⎯[23/26]⎯

 FAIL  packages/vfsl/test/issue-440-elementwise-entry-contract.test.ts > #440 F fast path 闸门 fail closed > F1 闸门前提：record 计划 = kind=record ∧ node 为 Record 形态（含 <key> 槽）；parent 计划 = kind=parent ∧ 封闭对象形态
Error: 能力缺口：@nomicore/vfsl 公共入口未导出 applyElementwiseEntryMutation（ADR 0034 决策 1/2 逐 entry 判定接缝）——实际 typeof=undefined
 ❯ seam packages/vfsl/test/issue-440-elementwise-entry-contract.test.ts:79:11
     77|   const candidate = (vfsl as unknown as Record<string, unknown>)[SEAM_…
     78|   if (typeof candidate !== 'function') {
     79|     throw new Error(`${CAPABILITY_GAP}——实际 typeof=${typeof candidate}`…
       |           ^
     80|   }
     81|   return candidate as SeamFn;
 ❯ callOf packages/vfsl/test/issue-440-elementwise-entry-contract.test.ts:90:10
 ❯ packages/vfsl/test/issue-440-elementwise-entry-contract.test.ts:402:22

⎯⎯⎯⎯⎯⎯⎯⎯⎯⎯⎯⎯⎯⎯⎯⎯⎯⎯⎯⎯⎯⎯[24/26]⎯

 FAIL  packages/vfsl/test/issue-440-elementwise-entry-contract.test.ts > #440 F fast path 闸门 fail closed > F2 union map 位（maybe）永久 legacy：节点 kind=union ⇒ 新接缝不静默接受
Error: 能力缺口：@nomicore/vfsl 公共入口未导出 applyElementwiseEntryMutation（ADR 0034 决策 1/2 逐 entry 判定接缝）——实际 typeof=undefined
 ❯ seam packages/vfsl/test/issue-440-elementwise-entry-contract.test.ts:79:11
     77|   const candidate = (vfsl as unknown as Record<string, unknown>)[SEAM_…
     78|   if (typeof candidate !== 'function') {
     79|     throw new Error(`${CAPABILITY_GAP}——实际 typeof=${typeof candidate}`…
       |           ^
     80|   }
     81|   return candidate as SeamFn;
 ❯ callOf packages/vfsl/test/issue-440-elementwise-entry-contract.test.ts:90:10
 ❯ packages/vfsl/test/issue-440-elementwise-entry-contract.test.ts:411:22

⎯⎯⎯⎯⎯⎯⎯⎯⎯⎯⎯⎯⎯⎯⎯⎯⎯⎯⎯⎯⎯⎯[25/26]⎯

 FAIL  packages/vfsl/test/issue-440-elementwise-entry-contract.test.ts > #440 F fast path 闸门 fail closed > F3 非闸门计划（target / array / 手造 kind / relPath ≠ [key]）一律 fail closed（不静默 ok）
Error: 能力缺口：@nomicore/vfsl 公共入口未导出 applyElementwiseEntryMutation（ADR 0034 决策 1/2 逐 entry 判定接缝）——实际 typeof=undefined
 ❯ seam packages/vfsl/test/issue-440-elementwise-entry-contract.test.ts:79:11
     77|   const candidate = (vfsl as unknown as Record<string, unknown>)[SEAM_…
     78|   if (typeof candidate !== 'function') {
     79|     throw new Error(`${CAPABILITY_GAP}——实际 typeof=${typeof candidate}`…
       |           ^
     80|   }
     81|   return candidate as SeamFn;
 ❯ callOf packages/vfsl/test/issue-440-elementwise-entry-contract.test.ts:90:10
 ❯ packages/vfsl/test/issue-440-elementwise-entry-contract.test.ts:436:22

⎯⎯⎯⎯⎯⎯⎯⎯⎯⎯⎯⎯⎯⎯⎯⎯⎯⎯⎯⎯⎯⎯[26/26]⎯


 Test Files  1 failed | 1 passed (2)
      Tests  26 failed | 19 passed (45)
Type Errors  no errors
   Start at  16:56:02
   Duration  636ms (transform 214ms, setup 0ms, collect 299ms, tests 44ms, environment 0ms, prepare 92ms)

