=== tsc -p packages/namespace-diagnostic-log/tsconfig.json ===
packages/namespace-diagnostic-log/test/issue-393-file-log-runtime-emitter-for-surface.test-d.ts(31,50): error TS2344: Type 'true' does not satisfy the constraint '"Expected: literal boolean: true, Actual: literal boolean: false"'.
TSC_EXIT:2

=== vitest --typecheck (surface contract only) ===
Testing types with tsc and vue-tsc is an experimental feature.
Breaking changes might not follow SemVer, please pin Vitest's version when using it.

 RUN  v3.2.7 /home/wangjian/nomicore-fix-issue-393

 ❯  TS  packages/namespace-diagnostic-log/test/issue-393-file-log-runtime-emitter-for-surface.test-d.ts (2 tests | 1 failed)
   × #393 P0 类型面 — FileDiagnosticLog.runtimeEmitterFor > R (RED): 声明必须存在 runtimeEmitterFor(namespaceId) → emitter | undefined
     → Type 'true' does not satisfy the constraint '"Expected literal boolean true, Actual literal boolean false"'.
   ✓ #393 P0 类型面 — FileDiagnosticLog.runtimeEmitterFor > G (GREEN): emitter / namespaceId / rootDir / streamId 公共成员零漂移

⎯⎯⎯⎯⎯⎯⎯ Failed Tests 1 ⎯⎯⎯⎯⎯⎯⎯

 FAIL  packages/namespace-diagnostic-log/test/issue-393-file-log-runtime-emitter-for-surface.test-d.ts > #393 P0 类型面 — FileDiagnosticLog.runtimeEmitterFor > R (RED): 声明必须存在 runtimeEmitterFor(namespaceId) → emitter | undefined
TypeCheckError: Type 'true' does not satisfy the constraint '"Expected literal boolean true, Actual literal boolean false"'.
 ❯ packages/namespace-diagnostic-log/test/issue-393-file-log-runtime-emitter-for-surface.test-d.ts:31:50
     29| describe('#393 P0 类型面 — FileDiagnosticLog.runtimeEmitterFor', () => {
     30|   it('R (RED): 声明必须存在 runtimeEmitterFor(namespaceId) → emitter | undef…
     31|     expectTypeOf<HasSelfBinding>().toEqualTypeOf<true>();
       |                                                  ^
     32|   });
     33|

⎯⎯⎯⎯⎯⎯⎯⎯⎯⎯⎯⎯⎯⎯⎯⎯⎯⎯⎯⎯⎯⎯⎯⎯[1/1]⎯


 Test Files  1 failed (1)
      Tests  1 failed | 1 passed (2)
Type Errors  1 failed
   Start at  21:21:31
   Duration  1.67s (transform 0ms, setup 0ms, collect 0ms, tests 0ms, environment 0ms, prepare 0ms, typecheck 1.64s)

VITEST_TYPECHECK_EXIT:1
