  }
}

stdout | packages/ws-replication/test/ws-replication-issue233-repro.test.ts > issue #233 复现：超限 UPDATE 丢弃 + 全量 reconciliation 回退（现状刻画） > R2：连续两笔大写 → 两轮 resync（持续大写重复触发完整 round）
[issue233 repro R2] {"scenario":"R2 two consecutive 20KB writes","resyncRounds":2,"step2DiffBytesPeerToHub":[2,20029,20037],"wire":{"peerToHub":{"OPEN_NAMESPACE":{"count":1,"bytes":59},"BOOTSTRAP_ACK":{"count":1,"bytes":57},"SYNC_STEP1":{"count":3,"bytes":207},"SYNC_STEP2":{"count":3,"bytes":40249},"SYNC_APPLIED":{"count":3,"bytes":174},"RESYNC_REQUIRED":{"count":2,"bytes":152}},"hubToPeer":{"OPEN_OK":{"count":1,"bytes":91},"BOOTSTRAP_SNAPSHOT":{"count":1,"bytes":497},"SYNC_STEP1":{"count":3,"bytes":201},"SYNC_STEP2":{"count":3,"bytes":191},"SYNC_APPLIED":{"count":3,"bytes":174}}}}

stdout | packages/ws-replication/test/ws-replication-issue233-repro.test.ts > issue #233 复现：超限 UPDATE 丢弃 + 全量 reconciliation 回退（现状刻画） > R3：diff 超 maxSyncDiffBytes → SYNC_DIFF_TOO_LARGE → namespace 终局 failed（大文档致命尾部）
[issue233 repro R3] {"scenario":"R3 100KB write, maxSyncDiffBytes=32768","namespaceTerminalState":"failed","connectionState":"ready","wire":{"peerToHub":{"OPEN_NAMESPACE":{"count":1,"bytes":59},"BOOTSTRAP_ACK":{"count":1,"bytes":57},"SYNC_STEP1":{"count":2,"bytes":136},"SYNC_STEP2":{"count":1,"bytes":61},"SYNC_APPLIED":{"count":1,"bytes":58},"RESYNC_REQUIRED":{"count":1,"bytes":76},"ERROR":{"count":1,"bytes":117}},"hubToPeer":{"OPEN_OK":{"count":1,"bytes":91},"BOOTSTRAP_SNAPSHOT":{"count":1,"bytes":497},"SYNC_STEP1":{"count":2,"bytes":130},"SYNC_STEP2":{"count":2,"bytes":122},"SYNC_APPLIED":{"count":1,"bytes":58}}}}

 ✓ packages/ws-replication/test/ws-replication-issue233-repro.test.ts (3 tests) 50ms
 ✓ packages/ws-replication/test/ws-replication-ac5-live.test.ts (7 tests) 80ms
 ✓ packages/ws-replication/test/ws-replication-issue190-guard.test.ts (1 test) 3ms
 ✓ packages/ws-replication/test/ws-replication-sa4-issue171-review-red.test.ts (1 test) 28ms
 ✓ packages/ws-replication/test/ws-replication-sa7-r2-supplement.test.ts (1 test) 38ms
 ✓ packages/ws-replication/test/ws-replication-sa4-r4-1-red.test.ts (1 test) 29ms
 ✓ packages/ws-replication/test/ws-replication-periodic-reconcile.test.ts (5 tests) 62ms
 ✓ packages/ws-replication/test/ws-replication-issue282-schema-lifecycle.test.ts (1 test) 32ms
 ✓ packages/ws-replication/test/ws-replication-issue230-incremental-mutation.test.ts (2 tests) 84ms
 ✓ packages/ws-replication/test/ws-replication-issue171-blockers.test.ts (1 test) 28ms

 Test Files  91 passed (91)
      Tests  825 passed (825)
   Start at  13:45:51
   Duration  51.60s (transform 1.45s, setup 0ms, collect 15.89s, tests 22.53s, environment 12ms, prepare 4.24s)

EXIT=0
