Testing types with tsc and vue-tsc is an experimental feature.
Breaking changes might not follow SemVer, please pin Vitest's version when using it.

 RUN  v3.2.7 /home/wangjian/nomicore-fix-issue-451

 ❯ packages/ws-replication/test/ws-replication-issue451-gamma-observability-anchor.test.ts (9 tests | 5 failed) 120ms
   × issue #451 ANCHOR-EDGE — γ 缝 `update-sent` 发射点 = edge 盖章点（§24.8 / §23.1 归属表 / A4.7） > ANCHOR-EDGE-C1（仅 edge observer 正控 + session 域负控）：live UPDATE 恰一 `update-sent{sequence=wire 序,bytes=载荷长}`；edge 观测面零 session 域事件 39ms
     → §24.8：edge 观测面恰一 update-sent（锚 = 盖章点）: expected [] to have a length of 1 but got +0
   × issue #451 ANCHOR-EDGE — γ 缝 `update-sent` 发射点 = edge 盖章点（§24.8 / §23.1 归属表 / A4.7） > ANCHOR-EDGE-C2（宿主直驱判别面）：不经 session 的 egress 直驱 UPDATE 仍恰一 `update-sent`（锚在盖章点，非 session 推送点的判别性证据） 7ms
     → edge 盖章点恰一 update-sent（直驱路径同漏斗）: expected [] to have a length of 1 but got +0
   ✓ issue #451 ANCHOR-EDGE — γ 缝 `update-sent` 发射点 = edge 盖章点（§24.8 / §23.1 归属表 / A4.7） > ANCHOR-EDGE-NC1（未盖章负控）：单帧超连接级上限（返回 0 + 收口）⇒ 零 `update-sent`；连接域事实在场证记录器活 7ms
   ✓ issue #451 ANCHOR-EDGE — γ 缝 `update-sent` 发射点 = edge 盖章点（§24.8 / §23.1 归属表 / A4.7） > ANCHOR-EDGE-NC2（型门/R21 边界）：kind=0 分块 transfer 期间 edge 观测面零普通族 `update-sent`，chunked 族只在 session 侧恰一 7ms
   ✓ issue #451 ANCHOR-SESSION — namespace 域事件发射点 = session 结算点（§23.1 归属表 session 行） > ANCHOR-SESSION-C1（镜像负控）：仅 session observer —— `update-acked` 恰一（sequence=wire 序）；观测面零 `update-sent`、零连接域事件 6ms
   ✓ issue #451 ANCHOR-SESSION — namespace 域事件发射点 = session 结算点（§23.1 归属表 session 行） > ANCHOR-SESSION-C2（chunked 族归 session）：kind=0 分块 —— session 恰一 `chunked-update-sent` + `chunked-update-acked`；零普通族、零连接域事件 9ms
   × issue #451 ANCHOR-SESSION — namespace 域事件发射点 = session 结算点（§23.1 归属表 session 行） > ANCHOR-BOTH-C1（双 observer 共 recorder：无双发）：`update-sent` ×1 与 `update-acked` ×1 同序——恰一由两点结构性保证，非注入面偶然 21ms
     → issue447 fixture: pumpUntil 未达谓词（两半边事实齐备）
   × issue #451 ANCHOR-ORDER — 跨线程 observer 事件无全序：断言只依赖单侧事实与因果门（§24.8） > ANCHOR-ORDER-C1（调度扰动不变性）：即时释放 vs 扣留回执后释放——两调度下按型投影逐字相同 14ms
     → issue447 fixture: pumpUntil 未达谓词（调度 A：两半边事实齐备）
   × issue #451 ANCHOR-ORDER — 跨线程 observer 事件无全序：断言只依赖单侧事实与因果门（§24.8） > ANCHOR-ORDER-C2（因果门独立可观察）：扣留期 edge 侧 `update-sent` 在场而 session 侧 `update-acked` 缺席；释放后两者在场——以因果门断言，不读合并数组相对位置 9ms
     → issue447 fixture: pumpUntil 未达谓词（扣留期：edge 侧盖章事实可观察）

⎯⎯⎯⎯⎯⎯⎯ Failed Tests 5 ⎯⎯⎯⎯⎯⎯⎯

 FAIL  packages/ws-replication/test/ws-replication-issue451-gamma-observability-anchor.test.ts > issue #451 ANCHOR-EDGE — γ 缝 `update-sent` 发射点 = edge 盖章点（§24.8 / §23.1 归属表 / A4.7） > ANCHOR-EDGE-C1（仅 edge observer 正控 + session 域负控）：live UPDATE 恰一 `update-sent{sequence=wire 序,bytes=载荷长}`；edge 观测面零 session 域事件
AssertionError: §24.8：edge 观测面恰一 update-sent（锚 = 盖章点）: expected [] to have a length of 1 but got +0

- Expected
+ Received

- 1
+ 0

 ❯ packages/ws-replication/test/ws-replication-issue451-gamma-observability-anchor.test.ts:160:59
    158|
    159|     const sent = eventsOf(round, 'update-sent');
    160|     expect(sent, '§24.8：edge 观测面恰一 update-sent（锚 = 盖章点）').toHaveLength…
       |                                                           ^
    161|     expect(sent[0]!.sequence, 'update-sent.sequence = edge 盖章 wire 序')…
    162|     expect(sent[0]!.bytes, 'update-sent.bytes = UPDATE 载荷长').toBe(payl…

⎯⎯⎯⎯⎯⎯⎯⎯⎯⎯⎯⎯⎯⎯⎯⎯⎯⎯⎯⎯⎯⎯⎯⎯[1/5]⎯

 FAIL  packages/ws-replication/test/ws-replication-issue451-gamma-observability-anchor.test.ts > issue #451 ANCHOR-EDGE — γ 缝 `update-sent` 发射点 = edge 盖章点（§24.8 / §23.1 归属表 / A4.7） > ANCHOR-EDGE-C2（宿主直驱判别面）：不经 session 的 egress 直驱 UPDATE 仍恰一 `update-sent`（锚在盖章点，非 session 推送点的判别性证据）
AssertionError: edge 盖章点恰一 update-sent（直驱路径同漏斗）: expected [] to have a length of 1 but got +0

- Expected
+ Received

- 1
+ 0

 ❯ packages/ws-replication/test/ws-replication-issue451-gamma-observability-anchor.test.ts:189:53
    187|     expect(round.dataFramesSent(), '直驱帧不过 session→edge 缝（零 data tag）')…
    188|     const sent = eventsOf(round, 'update-sent');
    189|     expect(sent, 'edge 盖章点恰一 update-sent（直驱路径同漏斗）').toHaveLength(1);
       |                                                     ^
    190|     expect(sent[0]!.sequence, 'update-sent.sequence = 直驱返回值').toBe(ret…
    191|     expect(sent[0]!.bytes, 'update-sent.bytes = 直驱载荷长').toBe(payloadBy…

⎯⎯⎯⎯⎯⎯⎯⎯⎯⎯⎯⎯⎯⎯⎯⎯⎯⎯⎯⎯⎯⎯⎯⎯[2/5]⎯

 FAIL  packages/ws-replication/test/ws-replication-issue451-gamma-observability-anchor.test.ts > issue #451 ANCHOR-SESSION — namespace 域事件发射点 = session 结算点（§23.1 归属表 session 行） > ANCHOR-BOTH-C1（双 observer 共 recorder：无双发）：`update-sent` ×1 与 `update-acked` ×1 同序——恰一由两点结构性保证，非注入面偶然
Error: issue447 fixture: pumpUntil 未达谓词（两半边事实齐备）
 ❯ pumpUntil packages/ws-replication/test/issue447-async-seam.ts:731:9
    729|   }
    730|   if (predicate()) return;
    731|   throw new Error(`issue447 fixture: pumpUntil 未达谓词（${what}）`);
       |         ^
    732| }
    733|
 ❯ packages/ws-replication/test/ws-replication-issue451-gamma-observability-anchor.test.ts:302:5

⎯⎯⎯⎯⎯⎯⎯⎯⎯⎯⎯⎯⎯⎯⎯⎯⎯⎯⎯⎯⎯⎯⎯⎯[3/5]⎯

 FAIL  packages/ws-replication/test/ws-replication-issue451-gamma-observability-anchor.test.ts > issue #451 ANCHOR-ORDER — 跨线程 observer 事件无全序：断言只依赖单侧事实与因果门（§24.8） > ANCHOR-ORDER-C1（调度扰动不变性）：即时释放 vs 扣留回执后释放——两调度下按型投影逐字相同
Error: issue447 fixture: pumpUntil 未达谓词（调度 A：两半边事实齐备）
 ❯ pumpUntil packages/ws-replication/test/issue447-async-seam.ts:731:9
    729|   }
    730|   if (predicate()) return;
    731|   throw new Error(`issue447 fixture: pumpUntil 未达谓词（${what}）`);
       |         ^
    732| }
    733|
 ❯ packages/ws-replication/test/ws-replication-issue451-gamma-observability-anchor.test.ts:327:5

⎯⎯⎯⎯⎯⎯⎯⎯⎯⎯⎯⎯⎯⎯⎯⎯⎯⎯⎯⎯⎯⎯⎯⎯[4/5]⎯

 FAIL  packages/ws-replication/test/ws-replication-issue451-gamma-observability-anchor.test.ts > issue #451 ANCHOR-ORDER — 跨线程 observer 事件无全序：断言只依赖单侧事实与因果门（§24.8） > ANCHOR-ORDER-C2（因果门独立可观察）：扣留期 edge 侧 `update-sent` 在场而 session 侧 `update-acked` 缺席；释放后两者在场——以因果门断言，不读合并数组相对位置
Error: issue447 fixture: pumpUntil 未达谓词（扣留期：edge 侧盖章事实可观察）
 ❯ pumpUntil packages/ws-replication/test/issue447-async-seam.ts:731:9
    729|   }
    730|   if (predicate()) return;
    731|   throw new Error(`issue447 fixture: pumpUntil 未达谓词（${what}）`);
       |         ^
    732| }
    733|
 ❯ packages/ws-replication/test/ws-replication-issue451-gamma-observability-anchor.test.ts:372:5

⎯⎯⎯⎯⎯⎯⎯⎯⎯⎯⎯⎯⎯⎯⎯⎯⎯⎯⎯⎯⎯⎯⎯⎯[5/5]⎯


 Test Files  1 failed (1)
      Tests  5 failed | 4 passed (9)
Type Errors  no errors
   Start at  20:38:59
   Duration  1.23s (transform 691ms, setup 0ms, collect 930ms, tests 120ms, environment 0ms, prepare 52ms)
