### SA6 revision — POST-revision focused contract sampling (40 sequential processes)
## date: 2026-09-22T13:33:14Z
## HEAD: 68ab9f5bfe4df66a54faddf759709a76914332d0
## test file sha256 (post): 4a8556bbecb775fd70a054051ee6599f9600ea01e9a26700a4818ad683bc3b4c
## contract boundary: cross-schedule projection = type/side/namespaceId/sequence;
## per-round bytes === own wire UPDATE payload length (RNG-free).

run 1: exit=0 PASS | Tests  9 passed (9) |
run 2: exit=0 PASS | Tests  9 passed (9) |
run 3: exit=0 PASS | Tests  9 passed (9) |
run 4: exit=0 PASS | Tests  9 passed (9) |
run 5: exit=0 PASS | Tests  9 passed (9) |
run 6: exit=0 PASS | Tests  9 passed (9) |
run 7: exit=0 PASS | Tests  9 passed (9) |
run 8: exit=0 PASS | Tests  9 passed (9) |
run 9: exit=0 PASS | Tests  9 passed (9) |
run 10: exit=0 PASS | Tests  9 passed (9) |
run 11: exit=0 PASS | Tests  9 passed (9) |
run 12: exit=0 PASS | Tests  9 passed (9) |
run 13: exit=0 PASS | Tests  9 passed (9) |
run 14: exit=0 PASS | Tests  9 passed (9) |
run 15: exit=0 PASS | Tests  9 passed (9) |
run 16: exit=0 PASS | Tests  9 passed (9) |
run 17: exit=0 PASS | Tests  9 passed (9) |
run 18: exit=0 PASS | Tests  9 passed (9) |
run 19: exit=0 PASS | Tests  9 passed (9) |
run 20: exit=0 PASS | Tests  9 passed (9) |
run 21: exit=0 PASS | Tests  9 passed (9) |
run 22: exit=0 PASS | Tests  9 passed (9) |
run 23: exit=0 PASS | Tests  9 passed (9) |
run 24: exit=0 PASS | Tests  9 passed (9) |
run 25: exit=0 PASS | Tests  9 passed (9) |
run 26: exit=0 PASS | Tests  9 passed (9) |
run 27: exit=0 PASS | Tests  9 passed (9) |
run 28: exit=0 PASS | Tests  9 passed (9) |
run 29: exit=0 PASS | Tests  9 passed (9) |
run 30: exit=0 PASS | Tests  9 passed (9) |
run 31: exit=0 PASS | Tests  9 passed (9) |
run 32: exit=0 PASS | Tests  9 passed (9) |
run 33: exit=0 PASS | Tests  9 passed (9) |
run 34: exit=0 PASS | Tests  9 passed (9) |
run 35: exit=0 PASS | Tests  9 passed (9) |
run 36: exit=0 PASS | Tests  9 passed (9) |
run 37: exit=0 PASS | Tests  9 passed (9) |
run 38: exit=0 PASS | Tests  9 passed (9) |
run 39: exit=0 PASS | Tests  9 passed (9) |
run 40: exit=0 PASS | Tests  9 passed (9) |
totals: FAIL=0 PASS=40
