# AC1 anchor contract (detailed single run) + AC2 surface-freeze type contract
# HEAD: 68ab9f5bfe4df66a54faddf759709a76914332d0
# AC1 cmd: NODE_OPTIONS=--conditions=nomicore-source npx vitest run packages/ws-replication/test/ws-replication-issue451-gamma-observability-anchor.test.ts
Testing types with tsc and vue-tsc is an experimental feature.
Breaking changes might not follow SemVer, please pin Vitest's version when using it.

 RUN  v3.2.7 /home/wangjian/nomicore-fix-issue-451

 ✓ packages/ws-replication/test/ws-replication-issue451-gamma-observability-anchor.test.ts (9 tests) 95ms

 Test Files  1 passed (1)
      Tests  9 passed (9)
Type Errors  no errors
   Start at  22:24:16
   Duration  1.18s (transform 668ms, setup 0ms, collect 912ms, tests 95ms, environment 0ms, prepare 48ms)

AC1 exit=0

# AC2 cmd: NODE_OPTIONS=--conditions=nomicore-source npx vitest run --typecheck packages/ws-replication/test/ws-replication-issue451-gamma-surface-freeze.test-d.ts
Testing types with tsc and vue-tsc is an experimental feature.
Breaking changes might not follow SemVer, please pin Vitest's version when using it.

 RUN  v3.2.7 /home/wangjian/nomicore-fix-issue-451

 ✓  TS  packages/ws-replication/test/ws-replication-issue451-gamma-surface-freeze.test-d.ts (3 tests)

 Test Files  1 passed (1)
      Tests  3 passed (3)
Type Errors  no errors
   Start at  22:24:18
   Duration  2.08s (transform 0ms, setup 0ms, collect 0ms, tests 0ms, environment 0ms, prepare 0ms, typecheck 2.04s)

AC2 exit=0
