Testing types with tsc and vue-tsc is an experimental feature.
Breaking changes might not follow SemVer, please pin Vitest's version when using it.

 RUN  v3.2.7 /home/wangjian/nomicore-fix-issue-437/.worktrees/issue-437-baseline

 ❯ packages/namespace-registry/test/issue-437-lease-array-e2e-contract.test.ts (13 tests | 6 failed) 109ms
   × issue #437 AC1 — raw-replication 污染不再阻断普通数组写（ADR 0033 决策 4，旧语义为响亮拒绝） > AC1-a 区间外值污染（number 数组含 raw string）：lease array-delete 照常 ok:true 且污染保留 33ms
     → expected { ok: false, issues: [ { …(2) } ] } to deeply equal { ok: true }
   × issue #437 AC1 — raw-replication 污染不再阻断普通数组写（ADR 0033 决策 4，旧语义为响亮拒绝） > AC1-b 区间外污染不阻断 array-insert：合法新值逐元素过 schema，污染元素零读取零修复 5ms
     → expected { ok: false, issues: [ { …(2) } ] } to deeply equal { ok: true }
   × issue #437 AC1 — raw-replication 污染不再阻断普通数组写（ADR 0033 决策 4，旧语义为响亮拒绝） > AC1-c 元素载体非法（记录数组含裸值）：lease array-delete 照常 ok:true 5ms
     → expected { ok: false, issues: [ { …(2) } ] } to deeply equal { ok: true }
   × issue #437 AC1 — raw-replication 污染不再阻断普通数组写（ADR 0033 决策 4，旧语义为响亮拒绝） > AC1-d 元素字段值非法（记录数组含 qty:string 元素）：lease array-delete 照常 ok:true 4ms
     → expected { ok: false, issues: [ { …(2) } ] } to deeply equal { ok: true }
   × issue #437 AC1 — raw-replication 污染不再阻断普通数组写（ADR 0033 决策 4，旧语义为响亮拒绝） > AC1-e 批量信封内的数组分支同样分流：污染数组 delete 在批内 ok:true 3ms
     → expected { ok: false, issues: [ { …(2) } ] } to deeply equal { ok: true }
   ✓ issue #437 AC2 — 非法新元素零写入 + issue 路径不变；越界/空批量语义不变（ADR 0033 决策 2） > AC2-a 非法新元素：整笔零写入 + issue 路径 [...arrayPath, index+j]（含嵌套子路径） 3ms
   ✓ issue #437 AC2 — 非法新元素零写入 + issue 路径不变；越界/空批量语义不变（ADR 0033 决策 2） > AC2-b 越界拒绝语义逐字不变（delete 范围越界 / insert index 越界）+ 零写入零 update 2ms
   × issue #437 AC2 — 非法新元素零写入 + issue 路径不变；越界/空批量语义不变（ADR 0033 决策 2） > AC2-d fast 轨元素读计数与 n 解耦（O(k)）；union legacy 轨仍 ∝ n（AC3 结构性对照） 6ms
     → fast 轨读计数应 O(k)（≤8），实际 127: expected 127 to be less than or equal to 8
   ✓ issue #437 AC2 — 非法新元素零写入 + issue 路径不变；越界/空批量语义不变（ADR 0033 决策 2） > AC2-c 空载荷/空批量语义不变：信封形状门照旧拒绝、零写入零 update 1ms
   ✓ issue #437 AC4 — fast-path 数组写的 committed update bytes 记录形态不变（ADR 0033 决策 2） > AC4-a 数组写：root-mutation committed effect:update + inline carrier 重放为真事务增量 19ms
   ✓ issue #437 AC4 — fast-path 数组写的 committed update bytes 记录形态不变（ADR 0033 决策 2） > AC4-b 数组写与标量写的记录/carrier 键集逐键同构（fast path 不改变记录形态） 14ms
   ✓ issue #437 AC5 — fast-path 提交经 replication apply 在对端收敛（协议面零变化） > AC5-a hub 数组写 → owned update → peer apply 收敛（逻辑值 + diff 定点 + session 状态） 7ms
   ✓ issue #437 AC5 — fast-path 提交经 replication apply 在对端收敛（协议面零变化） > AC5-b owned update 为最小增量形态（对空 doc 不物化 ROOT）且每次提交恰一事件 2ms
 ✓ packages/namespace-registry/test/issue-437-lease-array-e2e-control.test.ts (7 tests) 46ms

⎯⎯⎯⎯⎯⎯⎯ Failed Tests 6 ⎯⎯⎯⎯⎯⎯⎯

 FAIL  packages/namespace-registry/test/issue-437-lease-array-e2e-contract.test.ts > issue #437 AC1 — raw-replication 污染不再阻断普通数组写（ADR 0033 决策 4，旧语义为响亮拒绝） > AC1-a 区间外值污染（number 数组含 raw string）：lease array-delete 照常 ok:true 且污染保留
AssertionError: expected { ok: false, issues: [ { …(2) } ] } to deeply equal { ok: true }

- Expected
+ Received

  {
-   "ok": true,
+   "issues": [
+     {
+       "message": "类型不匹配：期望 number，实际 string",
+       "path": [
+         "items",
+         0,
+       ],
+     },
+   ],
+   "ok": false,
  }

 ❯ packages/namespace-registry/test/issue-437-lease-array-e2e-contract.test.ts:67:20
     65|
     66|     const result = await fx.lease.mutateData({ op: 'array-delete', pat…
     67|     expect(result).toEqual({ ok: true });
       |                    ^
     68|     // 触达面外污染不被普通写发现：未触达元素保持原样（不修复、不阻断）
     69|     expect(readArray(fx.lease, ['items'])).toEqual(['oops', 1, 3, 4, 5…

⎯⎯⎯⎯⎯⎯⎯⎯⎯⎯⎯⎯⎯⎯⎯⎯⎯⎯⎯⎯⎯⎯⎯⎯[1/6]⎯

 FAIL  packages/namespace-registry/test/issue-437-lease-array-e2e-contract.test.ts > issue #437 AC1 — raw-replication 污染不再阻断普通数组写（ADR 0033 决策 4，旧语义为响亮拒绝） > AC1-b 区间外污染不阻断 array-insert：合法新值逐元素过 schema，污染元素零读取零修复
AssertionError: expected { ok: false, issues: [ { …(2) } ] } to deeply equal { ok: true }

- Expected
+ Received

  {
-   "ok": true,
+   "issues": [
+     {
+       "message": "类型不匹配：期望 number，实际 string",
+       "path": [
+         "items",
+         0,
+       ],
+     },
+   ],
+   "ok": false,
  }

 ❯ packages/namespace-registry/test/issue-437-lease-array-e2e-contract.test.ts:85:20
     83|       values: [9],
     84|     });
     85|     expect(result).toEqual({ ok: true });
       |                    ^
     86|     expect(readArray(fx.lease, ['items'])).toEqual(['oops', 1, 9, 2, 3…
     87|     await waitForOwnedUpdates(fx, 1);

⎯⎯⎯⎯⎯⎯⎯⎯⎯⎯⎯⎯⎯⎯⎯⎯⎯⎯⎯⎯⎯⎯⎯⎯[2/6]⎯

 FAIL  packages/namespace-registry/test/issue-437-lease-array-e2e-contract.test.ts > issue #437 AC1 — raw-replication 污染不再阻断普通数组写（ADR 0033 决策 4，旧语义为响亮拒绝） > AC1-c 元素载体非法（记录数组含裸值）：lease array-delete 照常 ok:true
AssertionError: expected { ok: false, issues: [ { …(2) } ] } to deeply equal { ok: true }

- Expected
+ Received

  {
-   "ok": true,
+   "issues": [
+     {
+       "message": "Yjs 载体错位（ROOT[0]）：期望 Y.Map，实际 plain value",
+       "path": [
+         0,
+       ],
+     },
+   ],
+   "ok": false,
  }

 ❯ packages/namespace-registry/test/issue-437-lease-array-e2e-contract.test.ts:104:20
    102|
    103|     const result = await fx.lease.mutateData({ op: 'array-delete', pat…
    104|     expect(result).toEqual({ ok: true });
       |                    ^
    105|     expect(readArray(fx.lease, ['rows'])).toEqual([7, { qty: 1, tag: '…
    106|   });

⎯⎯⎯⎯⎯⎯⎯⎯⎯⎯⎯⎯⎯⎯⎯⎯⎯⎯⎯⎯⎯⎯⎯⎯[3/6]⎯

 FAIL  packages/namespace-registry/test/issue-437-lease-array-e2e-contract.test.ts > issue #437 AC1 — raw-replication 污染不再阻断普通数组写（ADR 0033 决策 4，旧语义为响亮拒绝） > AC1-d 元素字段值非法（记录数组含 qty:string 元素）：lease array-delete 照常 ok:true
AssertionError: expected { ok: false, issues: [ { …(2) } ] } to deeply equal { ok: true }

- Expected
+ Received

  {
-   "ok": true,
+   "issues": [
+     {
+       "message": "类型不匹配：期望 number，实际 string",
+       "path": [
+         "rows",
+         0,
+         "qty",
+       ],
+     },
+   ],
+   "ok": false,
  }

 ❯ packages/namespace-registry/test/issue-437-lease-array-e2e-contract.test.ts:124:20
    122|
    123|     const result = await fx.lease.mutateData({ op: 'array-delete', pat…
    124|     expect(result).toEqual({ ok: true });
       |                    ^
    125|     expect(readArray(fx.lease, ['rows'])).toEqual([
    126|       { qty: 'x', tag: 'oops' },

⎯⎯⎯⎯⎯⎯⎯⎯⎯⎯⎯⎯⎯⎯⎯⎯⎯⎯⎯⎯⎯⎯⎯⎯[4/6]⎯

 FAIL  packages/namespace-registry/test/issue-437-lease-array-e2e-contract.test.ts > issue #437 AC1 — raw-replication 污染不再阻断普通数组写（ADR 0033 决策 4，旧语义为响亮拒绝） > AC1-e 批量信封内的数组分支同样分流：污染数组 delete 在批内 ok:true
AssertionError: expected { ok: false, issues: [ { …(2) } ] } to deeply equal { ok: true }

- Expected
+ Received

  {
-   "ok": true,
+   "issues": [
+     {
+       "message": "类型不匹配：期望 number，实际 string",
+       "path": [
+         "items",
+         0,
+       ],
+     },
+   ],
+   "ok": false,
  }

 ❯ packages/namespace-registry/test/issue-437-lease-array-e2e-contract.test.ts:139:20
    137|       ops: [{ op: 'array-delete', path: ['items'], index: 2, count: 1 …
    138|     });
    139|     expect(result).toEqual({ ok: true });
       |                    ^
    140|     expect(readArray(fx.lease, ['items'])).toEqual(['oops', 1, 3, 4, 5…
    141|     await waitForOwnedUpdates(fx, 1);

⎯⎯⎯⎯⎯⎯⎯⎯⎯⎯⎯⎯⎯⎯⎯⎯⎯⎯⎯⎯⎯⎯⎯⎯[5/6]⎯

 FAIL  packages/namespace-registry/test/issue-437-lease-array-e2e-contract.test.ts > issue #437 AC2 — 非法新元素零写入 + issue 路径不变；越界/空批量语义不变（ADR 0033 决策 2） > AC2-d fast 轨元素读计数与 n 解耦（O(k)）；union legacy 轨仍 ∝ n（AC3 结构性对照）
AssertionError: fast 轨读计数应 O(k)（≤8），实际 127: expected 127 to be less than or equal to 8
 ❯ packages/namespace-registry/test/issue-437-lease-array-e2e-contract.test.ts:217:62
    215|     expect(readArray(fx.lease, ['items']).length).toBe(n - 1);
    216|     expect(readArray(fx.lease, ['uarr']).length).toBe(n - 1);
    217|     expect(fastReads, `fast 轨读计数应 O(k)（≤8），实际 ${fastReads}`).toBeLessT…
       |                                                              ^
    218|     expect(
    219|       legacyReads,

⎯⎯⎯⎯⎯⎯⎯⎯⎯⎯⎯⎯⎯⎯⎯⎯⎯⎯⎯⎯⎯⎯⎯⎯[6/6]⎯


 Test Files  1 failed | 1 passed (2)
      Tests  6 failed | 14 passed (20)
Type Errors  no errors
   Start at  15:09:20
   Duration  1.35s (transform 544ms, setup 0ms, collect 899ms, tests 156ms, environment 0ms, prepare 94ms)
