PASS listen.authorize.exactlyOnce {"atOpen":1,"total":1}
PASS listen.violation.immediate ["peer-to-hub:HELLO#1","hub-to-peer:HELLO_ACK#1","peer-to-hub:OPEN_NAMESPACE#2","peer-to-hub:UPDATE#3","hub-to-peer:ERROR(NAMESPACE_STATE_VIOLATION)#2"]
PASS listen.release.zeroNewFrames {"before":5,"after":5}
PASS listen.timers.zeroNewFrames {"before":5,"after":5}
PASS listen.unhandled.empty []
PASS shim.authorize.exactlyOnce {"atOpen":1,"total":1}
PASS shim.violation.immediate ["peer-to-hub:HELLO#1","hub-to-peer:HELLO_ACK#1","peer-to-hub:OPEN_NAMESPACE#2","peer-to-hub:UPDATE#3","hub-to-peer:ERROR(NAMESPACE_STATE_VIOLATION)#2"]
PASS shim.release.zeroNewFrames {"before":5,"after":5}
PASS shim.timers.zeroNewFrames {"before":5,"after":5}
PASS shim.unhandled.empty []
PASS AB.timeline.byteIdentical.atViolation {"listen":["peer-to-hub:4e4d4352010100000000000100000030000000000a706565722d616c706861096875622d6f6d6567610101000000000000000010f4f3997554d8c021f095f605551bdbce","hub-to-peer:4e4d435201020000000000010000003100000000096875622d6f6d656761010000000010f4f3997554d8c021f095f605551bdbce106875622d6f6d6567612d636f6e6e2d30","peer-to-hub:4e4d435201100000000000020000002700000000236e732d3030303030303030303030303030303030303030303030303030303030303031000000","peer-to-hub:4e4d435201400000000000030000002800000000236e732d303030303030303030303030303030303030303030303030303030303030303103010203","hub-to-peer:4e4d435201040000000000020000006d0000000001194e414d4553504143455f53544154455f56494f4c4154494f4e01000001236e732d30303030303030303030303030303030303030303030303030303030303030312970726f746f636f6c206572726f723a204e414d4553504143455f53544154455f56494f4c4154494f4e"],"shim":["peer-to-hub:4e4d4352010100000000000100000030000000000a706565722d616c706861096875622d6f6d6567610101000000000000000010f4f3997554d8c021f095f605551bdbce","hub-to-peer:4e4d435201020000000000010000003100000000096875622d6f6d656761010000000010f4f3997554d8c021f095f605551bdbce106875622d6f6d6567612d636f6e6e2d30","peer-to-hub:4e4d435201100000000000020000002700000000236e732d3030303030303030303030303030303030303030303030303030303030303031000000","peer-to-hub:4e4d435201400000000000030000002800000000236e732d303030303030303030303030303030303030303030303030303030303030303103010203","hub-to-peer:4e4d435201040000000000020000006d0000000001194e414d4553504143455f53544154455f56494f4c4154494f4e01000001236e732d30303030303030303030303030303030303030303030303030303030303030312970726f746f636f6c206572726f723a204e414d4553504143455f53544154455f56494f4c4154494f4e"]}
PASS AB.timeline.byteIdentical.atRelease {"listenFrames":5,"shimFrames":5}
PASS AB.timeline.byteIdentical.afterTimers {"listenFrames":5,"shimFrames":5}
PASS shim.carrierCommitted.exactly1 1
PASS shim.sessionsOpened.zero 0
PASS shim.denialRouted.zero 0
PASS shim.pendingFlushed.zero 0
PASS shim.pendingOverflow.zero 0
PASS shim.signals.noFatal []
PROBE_RESULT 19/19 passed; carrier-commit A/B EQUIVALENT (listen ≡ shim, byte-for-byte)
