
 RUN  v3.2.7 /home/wangjian/nomicore-fix-issue-368

stdout | packages/doc-runtime/test/sa7-368-dynamic-probe.test.ts > SA7-A fail-fast propagation > A1 no-half-window: n:3 full select incl. poisoned f3 -> sync failure union, path to item, message non-empty, repeat-stable
[SA7-DATAFLOW] route=W1-R4 step=A1-repeat-stable value={"identical":true,"sample":{"code":"PATH_NOT_ALLOWED","ok":false,"path":["field","f3"],"message":"non-finite number（目标.bad）"}}

stdout | packages/doc-runtime/test/sa7-368-dynamic-probe.test.ts > SA7-A fail-fast propagation > A2 prefix discipline: n:2 (window excludes poison) -> ok with exactly f1,f2; no substitution/backfill
[SA7-DATAFLOW] route=W1-R4 step=A2-prefix-ok value={"n":2,"keys":["f1","f2"]}

stdout | packages/doc-runtime/test/sa7-368-dynamic-probe.test.ts > SA7-A fail-fast propagation > A3 first-failure-wins in ordered base (not insertion order): two poisoned items -> earliest sorted item reported
[SA7-DATAFLOW] route=W1-R4 step=A3-first-failure-wins value={"path":["field","g2"],"orderedBase":["g1","g2","g3","g4"]}

stdout | packages/doc-runtime/test/sa7-368-dynamic-probe.test.ts > SA7-A fail-fast propagation > A4 zero doc side effects: update counter stays 0 across success/failure/absent/mismatch/invalid/hostile calls
[SA7-DATAFLOW] route=W1-R2 step=A4-zero-updates value={"updates":0}

stdout | packages/doc-runtime/test/sa7-368-dynamic-probe.test.ts > SA7-A fail-fast propagation > A5 hostile options: accessor getters never execute, no throw, WINDOW_OPTIONS_INVALID
[SA7-DATAFLOW] route=W1-R1 step=A5-hostile-options value={"accessorRuns":0,"code":"WINDOW_OPTIONS_INVALID"}

stdout | packages/doc-runtime/test/sa7-368-dynamic-probe.test.ts > SA7-A fail-fast propagation > A6 stage precedence: G0 (path shape) beats OPT (options) beats N1 (navigation absence)
[SA7-DATAFLOW] route=W1-R1/R2 step=A6-precedence value={"g0":"PATH_NOT_ALLOWED","opt":"WINDOW_OPTIONS_INVALID","nav":"WINDOW_TARGET_ABSENT"}

stdout | packages/doc-runtime/test/sa7-368-dynamic-probe.test.ts > SA7-A fail-fast propagation > A7 re-entry after failure: results stable, no old-path revival, doc still readable
[SA7-DATAFLOW] route=W1-R4 step=A7-reentry-stable value={"identical":true}

stdout | packages/doc-runtime/test/sa7-368-dynamic-probe.test.ts > SA7-B deterministic ordering (non-finite tail) > B3 repeat-call determinism: 5x identical JSON
[SA7-DATAFLOW] route=W1-R3 step=B3-repeat-determinism value={"distinct":1}

stdout | packages/doc-runtime/test/sa7-368-dynamic-probe.test.ts > SA7-B deterministic ordering (non-finite tail) > B4b representable-incomparable twin doc: null placeholders (same group-2 classification) -> full ordered base ok:true
[SA7-DATAFLOW] route=W1-R3 step=B4b-twin-ordered-base value={"asc":[2,0,5,1,3,4],"desc":[0,2,5,1,3,4]}

 ❯ packages/doc-runtime/test/sa7-368-dynamic-probe.test.ts (17 tests | 8 failed) 29ms
   ✓ SA7-A fail-fast propagation > A1 no-half-window: n:3 full select incl. poisoned f3 -> sync failure union, path to item, message non-empty, repeat-stable 7ms
   ✓ SA7-A fail-fast propagation > A2 prefix discipline: n:2 (window excludes poison) -> ok with exactly f1,f2; no substitution/backfill 1ms
   ✓ SA7-A fail-fast propagation > A3 first-failure-wins in ordered base (not insertion order): two poisoned items -> earliest sorted item reported 1ms
   ✓ SA7-A fail-fast propagation > A4 zero doc side effects: update counter stays 0 across success/failure/absent/mismatch/invalid/hostile calls 1ms
   ✓ SA7-A fail-fast propagation > A5 hostile options: accessor getters never execute, no throw, WINDOW_OPTIONS_INVALID 1ms
   ✓ SA7-A fail-fast propagation > A6 stage precedence: G0 (path shape) beats OPT (options) beats N1 (navigation absence) 0ms
   ✓ SA7-A fail-fast propagation > A7 re-entry after failure: results stable, no old-path revival, doc still readable 1ms
   × SA7-B deterministic ordering (non-finite tail) > B1 field base: asc/desc full order via depth:0 + n:5 boundary; tail position/dir invariance 7ms
     → expected [ 'q3', 'q1', 'q2', 'n1', 'n2', …(3) ] to strictly equal [ 'n1', 'n2', 's1', 'q1', 'q2', …(3) ]
   × SA7-B deterministic ordering (non-finite tail) > B2 insertion-order independence + twin-doc determinism: 3 insertion permutations -> identical windows 2ms
     → expected [ …(3) ] to strictly equal [ …(3) ]
   ✓ SA7-B deterministic ordering (non-finite tail) > B3 repeat-call determinism: 5x identical JSON 1ms
   × SA7-B deterministic ordering (non-finite tail) > B4 array face: asc/desc first entries + tail-first fail-fast identity stable across dirs 1ms
     → Cannot read properties of undefined (reading 'map')
   ✓ SA7-B deterministic ordering (non-finite tail) > B4b representable-incomparable twin doc: null placeholders (same group-2 classification) -> full ordered base ok:true 1ms
   × SA7-B deterministic ordering (non-finite tail) > B5 zero-materialization sentinel: poisoned non-selected items unobservable (ok:true), selected -> fail-fast 1ms
     → expected false to be true // Object.is equality
   × SA7-C pins observation semantics > C1 legacy incremental probing reconstructs the same ordered base as depth:0 observation (asc & desc) 1ms
     → expected false to be true // Object.is equality
   × SA7-C pins observation semantics > C1b representable-incomparable twin doc: full legacy order == depth:0 order (fold is not an ordering artifact) 2ms
     → expected [ 'q3', 'q1', 'q2', 'n1', 'n2', …(3) ] to strictly equal [ 'n1', 'n2', 's1', 'q1', 'q2', …(3) ]
   × SA7-C pins observation semantics > C2 depth:0 folds values to empty shells while classification stays pre-fold (string group keeps s1 in place) 1ms
     → expected 'q2' to be 's1' // Object.is equality
   × SA7-C pins observation semantics > C3 P2b consistency: legacy successes + fail identity agree with null-twin ordered base in both dirs 1ms
     → expected false to be true // Object.is equality
 ❯ packages/doc-runtime/test/issue-368-window-read-design-pins.test.ts (11 tests | 2 failed) 20ms
   ✓ W1-P1 D8 透传：入选项物化失败 → fail-fast PATH_NOT_ALLOWED（SA2-F1 阻断最小集） > P1 排序键 1/2/3 全选（n:3）→ f3 物化失败即整窗失败：同步不抛 / ok:false / code 严格 / 无 value 半窗 / path 精确到项 / message 非空 5ms
   × W1-P2 D4 non-finite 排序键归不可比尾组（SA2-F1 阻断最小集） > P2 field 基：NaN / -Infinity / +Infinity 全落尾组，组内键 asc 恒定，两方向组位不变，插入序打乱下锚稳定 7ms
     → expected [ 'tasks', 'q3' ] to strictly equal [ 'tasks', 'q1' ]
   × W1-P2b D4 × D3 数组面值键 non-finite 归尾 > P2b asc 首位 = 下标 2（值 1）、desc 首位 = 下标 0（值 5）；尾组首项 = 下标 1（NaN）且不随 dir 变位 3ms
     → expected [ { index: +0, value: 5 } ] to strictly equal [ { index: 2, value: 1 } ]
   ✓ W1-P3 D5 field 单段字面键（点号不拆分、空串合法） > P3a 含点号的 field 寻址 child 自身字面键：拆分实现会把 c2 钻到 7 → 首位差异（红） 1ms
   ✓ W1-P3 D5 field 单段字面键（点号不拆分、空串合法） > P3b 空串 field 是合法字面键名 0ms
   ✓ W1-P4 D6 条目空间：undefined 值键出条目空间 > P4 Y.Map 显式 set('u', undefined) 与 plain object {u: undefined} 的 'u' 均不在条目空间（n 全量窗口，排除恰被截掉） 1ms
   ✓ W1-P5 D7 空路径 [] = ROOT 自身 > P5 fresh doc 键面 → []；含键 ROOT → 键窗口；数组面 → WINDOW_CARRIER_MISMATCH 1ms
   ✓ W1-P6 D7 detached 目标/项 > P6a 经 plain holder 到达 detached Y.Map → PATH_NOT_ALLOWED（面符但不可读，非 MISMATCH / 非 ABSENT） 0ms
   ✓ W1-P6 D7 detached 目标/项 > P6b plain array 内 detached Y.Map 项入选 → 物化期同通道 PATH_NOT_ALLOWED（path 精确到项） 1ms
   ✓ W1-P7 D9/B-5 own 键集自诺 > P7 成功恰两键 {ok,value}；失败恰四键 {code,ok,path,message}（含 P1 失败结算） 1ms
   ✓ W1-P8 D10 / SA2-F2 身份锚码点比较器 > P8 astral 与 BMP 平局键：码点序锚两方向均 [\uFFFD, \u{1F600}]（码元序实现反序 → 红） 1ms
 ✓ packages/doc-runtime/test/issue-368-window-read-contract-red.test.ts (45 tests) 39ms

⎯⎯⎯⎯⎯⎯ Failed Tests 10 ⎯⎯⎯⎯⎯⎯⎯

 FAIL  packages/doc-runtime/test/issue-368-window-read-design-pins.test.ts > W1-P2 D4 non-finite 排序键归不可比尾组（SA2-F1 阻断最小集） > P2 field 基：NaN / -Infinity / +Infinity 全落尾组，组内键 asc 恒定，两方向组位不变，插入序打乱下锚稳定
AssertionError: expected [ 'tasks', 'q3' ] to strictly equal [ 'tasks', 'q1' ]

- Expected
+ Received

  [
    "tasks",
-   "q1",
+   "q3",
  ]

 ❯ packages/doc-runtime/test/issue-368-window-read-design-pins.test.ts:184:27
    182|       'PATH_NOT_ALLOWED',
    183|     );
    184|     expect(unfolded.path).toStrictEqual(['tasks', 'q1']);
       |                           ^
    185|
    186|     // asc：number 组数值序 → string 组 → 尾组（q1..q5 键 asc，插入序为 q5,q3,q1,q2,q…

⎯⎯⎯⎯⎯⎯⎯⎯⎯⎯⎯⎯⎯⎯⎯⎯⎯⎯⎯⎯⎯⎯⎯[1/10]⎯

 FAIL  packages/doc-runtime/test/issue-368-window-read-design-pins.test.ts > W1-P2b D4 × D3 数组面值键 non-finite 归尾 > P2b asc 首位 = 下标 2（值 1）、desc 首位 = 下标 0（值 5）；尾组首项 = 下标 1（NaN）且不随 dir 变位
AssertionError: expected [ { index: +0, value: 5 } ] to strictly equal [ { index: 2, value: 1 } ]

- Expected
+ Received

  [
    {
-     "index": 2,
-     "value": 1,
+     "index": 0,
+     "value": 5,
    },
  ]

 ❯ packages/doc-runtime/test/issue-368-window-read-design-pins.test.ts:221:18
    219|     // 非有限标量入选后物化必响（D8），故以可物化前缀 + 尾组首项 fail-fast 身份锚定同一有序基。
    220|     const asc1 = expectOk(arrayWindow()(doc, ['arr'], { n: 1 })); // ±…
    221|     expect(asc1).toStrictEqual([{ index: 2, value: 1 }]);
       |                  ^
    222|     const desc1 = expectOk(arrayWindow()(doc, ['arr'], { n: 1, orderBy…
    223|     expect(desc1).toStrictEqual([{ index: 0, value: 5 }]);

⎯⎯⎯⎯⎯⎯⎯⎯⎯⎯⎯⎯⎯⎯⎯⎯⎯⎯⎯⎯⎯⎯⎯[2/10]⎯

 FAIL  packages/doc-runtime/test/sa7-368-dynamic-probe.test.ts > SA7-B deterministic ordering (non-finite tail) > B1 field base: asc/desc full order via depth:0 + n:5 boundary; tail position/dir invariance
AssertionError: expected [ 'q3', 'q1', 'q2', 'n1', 'n2', …(3) ] to strictly equal [ 'n1', 'n2', 's1', 'q1', 'q2', …(3) ]

- Expected
+ Received

  [
+   "q3",
+   "q1",
+   "q2",
    "n1",
    "n2",
    "s1",
-   "q1",
-   "q2",
-   "q3",
    "q4",
    "q5",
  ]

 ❯ packages/doc-runtime/test/sa7-368-dynamic-probe.test.ts:191:31
    189|     const asc = readMapWindowAtPath(doc, ['tasks'], { n: 9, orderBy: {…
    190|     const desc = readMapWindowAtPath(doc, ['tasks'], { n: 9, orderBy: …
    191|     expect(keysOf(asc.value)).toStrictEqual(P2_ASC);
       |                               ^
    192|     expect(keysOf(desc.value)).toStrictEqual(P2_DESC);
    193|     const asc5 = readMapWindowAtPath(doc, ['tasks'], { n: 5, orderBy: …

⎯⎯⎯⎯⎯⎯⎯⎯⎯⎯⎯⎯⎯⎯⎯⎯⎯⎯⎯⎯⎯⎯⎯[3/10]⎯

 FAIL  packages/doc-runtime/test/sa7-368-dynamic-probe.test.ts > SA7-B deterministic ordering (non-finite tail) > B2 insertion-order independence + twin-doc determinism: 3 insertion permutations -> identical windows
AssertionError: expected [ …(3) ] to strictly equal [ …(3) ]

- Expected
+ Received

  [
-   "{\"ok\":true,\"value\":[{\"key\":\"q3\",\"value\":{}},{\"key\":\"q1\",\"value\":{}},{\"key\":\"q2\",\"value\":{}},{\"key\":\"n1\",\"value\":{}},{\"key\":\"n2\",\"value\":{}},{\"key\":\"s1\",\"value\":{}},{\"key\":\"q4\",\"value\":{}},{\"key\":\"q5\",\"value\":{}}]}",
-   "{\"ok\":true,\"value\":[{\"key\":\"q1\",\"value\":{}},{\"key\":\"q3\",\"value\":{}},{\"key\":\"n2\",\"value\":{}},{\"key\":\"n1\",\"value\":{}},{\"key\":\"q2\",\"value\":{}},{\"key\":\"s1\",\"value\":{}},{\"key\":\"q4\",\"value\":{}},{\"key\":\"q5\",\"value\":{}}]}",
-   "{\"ok\":true,\"value\":[{\"key\":\"q3\",\"value\":{}},{\"key\":\"q1\",\"value\":{}},{\"key\":\"q2\",\"value\":{}},{\"key\":\"n1\",\"value\":{}},{\"key\":\"n2\",\"value\":{}}]}",
+   "{\"ok\":true,\"value\":[{\"key\":\"n1\",\"value\":{}},{\"key\":\"n2\",\"value\":{}},{\"key\":\"q1\",\"value\":{}},{\"key\":\"q2\",\"value\":{}},{\"key\":\"q3\",\"value\":{}},{\"key\":\"s1\",\"value\":{}},{\"key\":\"q4\",\"value\":{}},{\"key\":\"q5\",\"value\":{}}]}",
+   "{\"ok\":true,\"value\":[{\"key\":\"q3\",\"value\":{}},{\"key\":\"q1\",\"value\":{}},{\"key\":\"n2\",\"value\":{}},{\"key\":\"n1\",\"value\":{}},{\"key\":\"q2\",\"value\":{}},{\"key\":\"s1\",\"value\":{}},{\"key\":\"q4\",\"value\":{}},{\"key\":\"q5\",\"value\":{}}]}",
+   "{\"ok\":true,\"value\":[{\"key\":\"n1\",\"value\":{}},{\"key\":\"n2\",\"value\":{}},{\"key\":\"q1\",\"value\":{}},{\"key\":\"q2\",\"value\":{}},{\"key\":\"q3\",\"value\":{}}]}",
  ]

 ❯ packages/doc-runtime/test/sa7-368-dynamic-probe.test.ts:214:24
    212|       ];
    213|     });
    214|     expect(results[1]).toStrictEqual(results[0]);
       |                        ^
    215|     expect(results[2]).toStrictEqual(results[0]);
    216|     log('W1-R3', 'B2-insertion-independence', { identicalAcrossPerms: …

⎯⎯⎯⎯⎯⎯⎯⎯⎯⎯⎯⎯⎯⎯⎯⎯⎯⎯⎯⎯⎯⎯⎯[4/10]⎯

 FAIL  packages/doc-runtime/test/sa7-368-dynamic-probe.test.ts > SA7-B deterministic ordering (non-finite tail) > B4 array face: asc/desc first entries + tail-first fail-fast identity stable across dirs
TypeError: Cannot read properties of undefined (reading 'map')
 ❯ indicesOf packages/doc-runtime/test/sa7-368-dynamic-probe.test.ts:26:48
     24| }
     25| function indicesOf(entries: unknown): number[] {
     26|   return (entries as Array<{ index: number }>).map((e) => e.index);
       |                                                ^
     27| }
     28|
 ❯ packages/doc-runtime/test/sa7-368-dynamic-probe.test.ts:231:12

⎯⎯⎯⎯⎯⎯⎯⎯⎯⎯⎯⎯⎯⎯⎯⎯⎯⎯⎯⎯⎯⎯⎯[5/10]⎯

 FAIL  packages/doc-runtime/test/sa7-368-dynamic-probe.test.ts > SA7-B deterministic ordering (non-finite tail) > B5 zero-materialization sentinel: poisoned non-selected items unobservable (ok:true), selected -> fail-fast
AssertionError: expected false to be true // Object.is equality

- Expected
+ Received

- true
+ false

 ❯ packages/doc-runtime/test/sa7-368-dynamic-probe.test.ts:273:19
    271|     });
    272|     const ok = readArrayWindowAtPath(doc, ['arr'], { n: 2 }) as R;
    273|     expect(ok.ok).toBe(true);
       |                   ^
    274|     expect(ok.value).toStrictEqual([
    275|       { index: 0, value: 1 },

⎯⎯⎯⎯⎯⎯⎯⎯⎯⎯⎯⎯⎯⎯⎯⎯⎯⎯⎯⎯⎯⎯⎯[6/10]⎯

 FAIL  packages/doc-runtime/test/sa7-368-dynamic-probe.test.ts > SA7-C pins observation semantics > C1 legacy incremental probing reconstructs the same ordered base as depth:0 observation (asc & desc)
AssertionError: expected false to be true // Object.is equality

- Expected
+ Received

- true
+ false

 ❯ packages/doc-runtime/test/sa7-368-dynamic-probe.test.ts:295:22
    293|       for (let n = 1; n <= 3; n++) {
    294|         const r = readMapWindowAtPath(doc, ['tasks'], { n, orderBy: { …
    295|         expect(r.ok).toBe(true);
       |                      ^
    296|         prefix.push(keysOf(r.value)[n - 1] as string);
    297|       }

⎯⎯⎯⎯⎯⎯⎯⎯⎯⎯⎯⎯⎯⎯⎯⎯⎯⎯⎯⎯⎯⎯⎯[7/10]⎯

 FAIL  packages/doc-runtime/test/sa7-368-dynamic-probe.test.ts > SA7-C pins observation semantics > C1b representable-incomparable twin doc: full legacy order == depth:0 order (fold is not an ordering artifact)
AssertionError: expected [ 'q3', 'q1', 'q2', 'n1', 'n2', …(3) ] to strictly equal [ 'n1', 'n2', 's1', 'q1', 'q2', …(3) ]

- Expected
+ Received

  [
+   "q3",
+   "q1",
+   "q2",
    "n1",
    "n2",
    "s1",
-   "q1",
-   "q2",
-   "q3",
    "q4",
    "q5",
  ]

 ❯ packages/doc-runtime/test/sa7-368-dynamic-probe.test.ts:342:21
    340|     const ascFold = keysOf((readMapWindowAtPath(poison, ['tasks'], { n…
    341|     const descFold = keysOf((readMapWindowAtPath(poison, ['tasks'], { …
    342|     expect(ascFold).toStrictEqual(ascLegacy);
       |                     ^
    343|     expect(descFold).toStrictEqual(descLegacy);
    344|     log('W1-R3', 'C1b-twin-crosscheck', { ascLegacyEqualsFold: true, d…

⎯⎯⎯⎯⎯⎯⎯⎯⎯⎯⎯⎯⎯⎯⎯⎯⎯⎯⎯⎯⎯⎯⎯[8/10]⎯

 FAIL  packages/doc-runtime/test/sa7-368-dynamic-probe.test.ts > SA7-C pins observation semantics > C2 depth:0 folds values to empty shells while classification stays pre-fold (string group keeps s1 in place)
AssertionError: expected 'q2' to be 's1' // Object.is equality

Expected: "s1"
Received: "q2"

 ❯ packages/doc-runtime/test/sa7-368-dynamic-probe.test.ts:354:37
    352|     }
    353|     // if classification ran post-fold, every child would be group-2 -…
    354|     expect(keysOf(folded.value)[2]).toBe('s1');
       |                                     ^
    355|     log('W1-R3', 'C2-pre-fold-classification', { third: keysOf(folded.…
    356|   });

⎯⎯⎯⎯⎯⎯⎯⎯⎯⎯⎯⎯⎯⎯⎯⎯⎯⎯⎯⎯⎯⎯⎯[9/10]⎯

 FAIL  packages/doc-runtime/test/sa7-368-dynamic-probe.test.ts > SA7-C pins observation semantics > C3 P2b consistency: legacy successes + fail identity agree with null-twin ordered base in both dirs
AssertionError: expected false to be true // Object.is equality

- Expected
+ Received

- true
+ false

 ❯ packages/doc-runtime/test/sa7-368-dynamic-probe.test.ts:373:22
    371|       for (let n = 1; n <= 3; n++) {
    372|         const r = readArrayWindowAtPath(doc, ['arr'], { n, orderBy: { …
    373|         expect(r.ok).toBe(true);
       |                      ^
    374|         prefix.push(indicesOf(r.value)[n - 1] as number);
    375|       }

⎯⎯⎯⎯⎯⎯⎯⎯⎯⎯⎯⎯⎯⎯⎯⎯⎯⎯⎯⎯⎯⎯[10/10]⎯


 Test Files  2 failed | 1 passed (3)
      Tests  10 failed | 63 passed (73)
   Start at  20:41:52
   Duration  952ms (transform 259ms, setup 0ms, collect 467ms, tests 88ms, environment 0ms, prepare 131ms)
