
 RUN  v3.2.7 /home/wangjian/nomicore-fix-issue-420

stdout | apps/yjs-server/test/host-namespace-delete-sa7-dynamic.test.ts > issue #228 — SA7 动态验证：delete-namespace 并发/故障注入/重启/停机/peer 面 > SA7-重点9 SIGTERM 竞态：删除中 SIGTERM → 有界停机 exit 0；重启健康（新 id）；若删除回执先于退出到达则旧树 absent（ack 语义成立）
[SA7-DV] 重点9 round 0（+30ms）：exit=0；回执先于退出=true（{"event":"reply","op":"delete-namespace","id":"sa7-228-dyn-12","ok":true}）；退出耗时=50ms

stdout | apps/yjs-server/test/host-namespace-delete-sa7-dynamic.test.ts > issue #228 — SA7 动态验证：delete-namespace 并发/故障注入/重启/停机/peer 面 > SA7-重点9 SIGTERM 竞态：删除中 SIGTERM → 有界停机 exit 0；重启健康（新 id）；若删除回执先于退出到达则旧树 absent（ack 语义成立）
[SA7-DV] 重点9 round 1（+80ms）：exit=0；回执先于退出=true（{"event":"reply","op":"delete-namespace","id":"sa7-228-dyn-13","ok":true}）；退出耗时=50ms

stdout | apps/yjs-server/test/host-namespace-delete-sa7-dynamic.test.ts > issue #228 — SA7 动态验证：delete-namespace 并发/故障注入/重启/停机/peer 面 > SA7-重点9 SIGTERM 竞态：删除中 SIGTERM → 有界停机 exit 0；重启健康（新 id）；若删除回执先于退出到达则旧树 absent（ack 语义成立）
[SA7-DV] 重点9 round 2（+150ms）：exit=0；回执先于退出=true（{"event":"reply","op":"delete-namespace","id":"sa7-228-dyn-14","ok":true}）；退出耗时=101ms

 ✓ apps/yjs-server/test/host-namespace-delete-sa7-dynamic.test.ts (7 tests) 24282ms
   ✓ issue #228 — SA7 动态验证：delete-namespace 并发/故障注入/重启/停机/peer 面 > SA7-重点3 G4 并发单飞：同 nsId 并发 delete ×5（stdin 多行不互相等待）→ 全部诚实终态 ok:true、终态清洁、进程存活、后续 op 正常应答  517ms
   ✓ issue #228 — SA7 动态验证：delete-namespace 并发/故障注入/重启/停机/peer 面 > SA7-重点4 F5 注入（日志目录只读）：回执 {ok:false,code:"log-delete-failed",step:"marker",errno:"EACCES"} 值域透传；数据段已完成（快照 absent）；同进程 chmod 恢复后重试收敛 ok:true  511ms
   ✓ issue #228 — SA7 动态验证：delete-namespace 并发/故障注入/重启/停机/peer 面 > SA7-重点5 F3 注入（数据目录只读）：回执 {ok:false,code:"delete-namespace-failed"}；数据未删（快照仍在）、日志未动；重试（tombstone 二删）收敛 ok:true 且全清  1129ms
   ✓ issue #228 — SA7 动态验证：delete-namespace 并发/故障注入/重启/停机/peer 面 > SA7-重点8 M4（marker 半态 × 重启 provision）：streams 只读 → log-delete-failed{step:"stream"} 且 deletion.json marker 落盘；重启 provision → 新 CSPRNG id 新流健康，无 stream-init-failed{reason:"namespace-log-deleted"}（marker 门不适用于新 id）  2518ms
   ✓ issue #228 — SA7 动态验证：delete-namespace 并发/故障注入/重启/停机/peer 面 > SA7-重点9 SIGTERM 竞态：删除中 SIGTERM → 有界停机 exit 0；重启健康（新 id）；若删除回执先于退出到达则旧树 absent（ack 语义成立）  8333ms
   ✓ issue #228 — SA7 动态验证：delete-namespace 并发/故障注入/重启/停机/peer 面 > SA7-重点2b 删除后重连拒绝：delete ack 后新 peer 以同 target 重连 → authorize 被拒（channel 永不 live）、hub 数据/日志保持 absent、hub 健康  8493ms
   ✓ issue #228 — SA7 动态验证：delete-namespace 并发/故障注入/重启/停机/peer 面 > SA7-重点10 peer 面：peer 发 delete-namespace → {ok:false,code:"unknown-op"}；之后 status 正常应答（进程继续可用）；hub 侧非法参数后后续 op 正常  2781ms
 ✓ apps/yjs-server/test/rest-hosting-behavior.test.ts (5 tests) 10077ms
   ✓ issue #270 rest-hosting 行为（SA3） > 例 2（D4 + D8 端到端）：drain 预算尽 abort 已接纳请求——有界停机 + 传输层失败 + 真实 rejection 事件 + app-stopped 恰一次  10021ms
 ✓ packages/vfsl-codegen/test/generate-union-member-docs.test.ts (33 tests) 2511ms
   ✓ 负控 — 存量 domains：生成物逐字节不变、`pnpm generate --check` 不报过期 > 仓根 `pnpm generate --check` 新鲜退出 0（regenerate 与盘上 diff 为空）  385ms
   ✓ 端到端 — CLI：成员 doc 写盘 + --check 新鲜闭环（默认格式与 semicolonFree） > 默认格式：generated.ts 含四发射位文案，`--check` 退出 0  751ms
   ✓ 端到端 — CLI：成员 doc 写盘 + --check 新鲜闭环（默认格式与 semicolonFree） > semicolonFree：同布局零分号、`--check --semicolon-free` 退出 0  758ms
   ✓ 类型面 — 带成员 doc 的生成物孤立 tsc 零诊断（注释不改变类型形状） > 默认格式：生成物写盘后 pre-emit 诊断为零  386ms
 ✓ packages/namespace-registry/test/registry-issue-226-red.test.ts (13 tests) 1226ms
   ✓ #226 日志 I/O 与业务关键路径隔离（SA1 复现红灯） > T12 慢同步 append 不得阻塞 create 之后的下一个业务写槽（B3：write-sequencer 窗口隔离——经 Registry 生产装配全链路）  305ms
 ✓ packages/namespace-runtime/test/runtime-registry-internal-seam-rev1.test.ts (20 tests) 1002ms
   ✓ RAC1 真实全仓门禁：审计 helper 对仓库生产代码树的既有门禁保持绿 > 防空扫（真实侧）：仓库有生产代码文件被审计（helper 默认 roots = packages/domains/apps）  448ms
 ✓ packages/ws-replication/test/ws-replication-issue287-real-transport.test.ts (1 test) 390ms
   ✓ issue #287 real-transport 抽样：真实 TCP 链路的 schema re-arm 全链路 > hub replaceSchema → 真实 wire UPDATE → peer 恰一 schema-rearm-applied（§23.3 字段面）→ 新 tools 业务写收敛；hub 侧零 re-arm 事件  388ms
 ✓ packages/namespace-diagnostic-log/test/file-adapter-reopen-roll-repair.test.ts (52 tests) 363ms
 ✓ packages/doc-runtime/test/apply-validated-mutation-operations.test.ts (21 tests) 339ms
   ✓ applyValidatedMutation incremental carrier contract > array mutations preserve the target Y.Array and scale with the changed slice  304ms
 ✓ packages/ws-replication/test/ws-replication-r3-r4-regressions.test.ts (11 tests) 112ms
 ✓ packages/ws-replication/test/ws-replication-issue231-send-failure.test.ts (10 tests) 145ms
 ✓ packages/namespace-api/test/rest-create-limits-contract.test.ts (23 tests) 214ms
 ✓ packages/ws-replication/test/ws-replication-sa6-hardening-g3-g4-red.test.ts (16 tests) 228ms
 ✓ packages/namespace-registry/test/issue-390-watch-invalidation-red.test.ts (14 tests) 205ms
 ✓ packages/ws-replication/test/ws-replication-issue423-sa7-dynamic.test.ts (5 tests) 186ms
 ✓ packages/namespace-diagnostic-log/test/input-capture.test.ts (26 tests) 157ms
 ✓ packages/ws-replication/test/ws-replication-auth-lifecycle-red.test.ts (20 tests) 147ms
 ✓ packages/namespace-diagnostic-log/test/file-adapter-r2-supplemental.test.ts (22 tests) 109ms
 ✓ packages/namespace-diagnostic-log/test/file-adapter-read-session.test.ts (9 tests) 104ms
 ✓ packages/ws-replication/test/ws-replication-issue244-ac-red.test.ts (14 tests) 110ms
 ✓ packages/ws-replication/test/ws-replication-sa7-dynamic.test.ts (6 tests) 99ms
 ✓ packages/ws-replication/test/ws-replication-issue418-edge-session-split-contract.test.ts (17 tests) 111ms
 ✓ packages/namespace-diagnostic-log/test/schema-freeze.test.ts (13 tests) 98ms
 ✓ packages/namespace-diagnostic-log/test/memory-adapter.test.ts (9 tests) 84ms
 ✓ packages/ws-replication/test/ws-replication-reauth-lifecycle-red.test.ts (7 tests) 87ms
 ✓ packages/doc-runtime/test/issue-237-path-localized-validation-red.test.ts (43 tests) 82ms
 ✓ packages/namespace-diagnostic-log/test/update-carrier.test.ts (10 tests) 86ms
 ✓ packages/ws-replication/test/ws-replication-sa7-round2-dynamic.test.ts (6 tests) 76ms
 ✓ packages/replication-protocol/test/codec-roundtrip-truncation.test.ts (8 tests) 76ms
 ✓ packages/ws-replication/test/ws-replication-periodic-reconcile.test.ts (5 tests) 66ms
 ✓ packages/namespace-diagnostic-log/test/identity.test.ts (10 tests) 48ms
 ✓ packages/persistence/test/persistence-sa7-phase5-bootstrap-dynamic.test.ts (14 tests) 53ms
 ✓ packages/ws-replication/test/ws-replication-sa7-issue171-dynamic.test.ts (3 tests) 43ms
 ✓ packages/doc-runtime/test/read-logical-value-at-path-shape-budget.test.ts (33 tests) 41ms
 ✓ packages/namespace-runtime/test/runtime-readdata-projection-text-control.test.ts (9 tests) 36ms
 ✓ packages/doc-runtime/test/replace-root-content.test.ts (13 tests) 30ms
 ✓ packages/ws-replication/test/ws-replication-sa7-r2-supplement.test.ts (1 test) 37ms
 ✓ packages/namespace-runtime/test/runtime-close-lifecycle.test.ts (10 tests) 32ms
 ✓ packages/vfsl/test/evaluate-derived-schema.test.ts (37 tests) 27ms
 ✓ packages/namespace-registry/test/issue-382-lease-where-no-silent-pass.test.ts (3 tests) 26ms
 ✓ packages/namespace-runtime/test/runtime-replication-write.test.ts (14 tests) 27ms
 ✓ packages/namespace-runtime/test/runtime-replication-schema-lifecycle.test.ts (7 tests) 27ms
 ✓ packages/namespace-registry/test/registry-readdata-projection-text-red.test.ts (6 tests) 25ms
 ✓ packages/namespace-runtime/test/issue-350-sa7-batch-fatal.test.ts (1 test) 19ms
 ✓ apps/yjs-server/test/issue164-transport-faces-red.test.ts (3 tests) 22ms
 ✓ packages/doc-runtime/test/issue-350-sa7-batch-divergence.test.ts (4 tests) 22ms
 ✓ packages/doc-runtime/test/xml-attr-quote-domain-sa7.test.ts (11 tests) 25ms
 ✓ packages/ws-replication/test/ws-replication-guard-proxy-consumption.test.ts (2 tests) 15ms
 ✓ packages/vfsl/test/parse-vfsl-containers-markers.test.ts (33 tests) 24ms
 ✓ packages/vfsl/test/evaluate-derived-docs-audit.test.ts (15 tests) 15ms
 ✓ packages/ws-replication/test/ws-replication-issue421-edge-lifecycle.test.ts (12 tests) 15ms
 ✓ packages/replication-protocol/test/codec-registries.test.ts (13 tests) 13ms
 ✓ packages/replication-protocol/test/codec-issue242-ac-red.test.ts (29 tests) 14ms
 ✓ packages/vfsl/test/parse-vfsl-union-member-docs.test.ts (13 tests) 14ms
 ✓ packages/persistence/test/issue-79-entry-status.test.ts (6 tests) 13ms
 ✓ packages/replication-protocol/test/codec-issue299-ac-red.test.ts (17 tests) 8ms
 ✓ packages/persistence/test/sa7-supplementary.test.ts (3 tests) 10ms
 ✓ packages/vfsl/test/sc1-failure-order-chain.test.ts (7 tests) 7ms
 ✓ packages/vfsl/test/resolve-schema-at-path-int-range.test.ts (16 tests) 7ms
 ✓ packages/doc-runtime/test/extract-record-keyspace.test.ts (2 tests) 8ms
 ✓ packages/vfsl/test/parse-vfsl.test.ts (11 tests) 9ms
 ✓ packages/replication-protocol/test/codec-envelope.test.ts (13 tests) 7ms
 ✓ apps/yjs-server/test/shutdown-watchdog.test.ts (2 tests) 4ms
 ✓ packages/namespace-api/test/rest-public-seam-wiring.test.ts (1 test) 2ms

 Test Files  63 passed (63)
      Tests  820 passed (820)
   Start at  07:09:18
   Duration  60.14s (transform 1.54s, setup 0ms, collect 7.77s, tests 43.50s, environment 9ms, prepare 2.83s)

SHARD_1_EXIT=0
