Testing types with tsc and vue-tsc is an experimental feature.
Breaking changes might not follow SemVer, please pin Vitest's version when using it.

 RUN  v3.2.7 /home/wangjian/nomicore-fix-issue-420

 ✓  TS  domains/vfs3-assets/test/vfs3-assets-migration.test-d.ts (6 tests)
 ✓  TS  domains/vfs3-assets/test/vfs3-assets-projection.test-d.ts (19 tests)
 ✓  TS  packages/clock/test/clock-contract.test-d.ts (7 tests)
 ✓  TS  packages/doc-runtime/test/issue-382-where-window-type-guard.test-d.ts (3 tests)
 ✓  TS  packages/doc-runtime/test/public-surface-type-guard.test-d.ts (14 tests)
 ✓  TS  packages/doc-runtime/test/read-logical-value-at-path-schema-independent.test-d.ts (4 tests)
 ✓  TS  packages/doc-runtime/test/read-logical-value-at-path-shape-budget.test-d.ts (7 tests)
 ✓  TS  packages/instance/test/instance.test-d.ts (1 test)
 ✓  TS  packages/namespace-diagnostic-log/test/identity.test-d.ts (9 tests)
 ✓  TS  packages/namespace-diagnostic-log/test/issue-393-file-log-runtime-emitter-for-surface.test-d.ts (2 tests)
 ✓  TS  packages/namespace-registry/test/issue-369-window-read-lease-surface.test-d.ts (2 tests)
 ✓  TS  packages/namespace-registry/test/issue-383-lease-where-type-guard.test-d.ts (3 tests)
 ✓  TS  packages/namespace-registry/test/issue-387-watch-map-lease-surface.test-d.ts (2 tests)
 ✓  TS  packages/namespace-registry/test/issue-388-watch-map-predicate-surface.test-d.ts (3 tests)
 ✓  TS  packages/namespace-registry/test/issue-390-watch-invalidation-surface.test-d.ts (3 tests)
 ✓  TS  packages/namespace-registry/test/registry-data-interface.test-d.ts (3 tests)
 ✓  TS  packages/namespace-registry/test/registry-phase5-bootstrap-reset-r2-surface.test-d.ts (4 tests)
 ✓  TS  packages/namespace-registry/test/registry-phase5-bootstrap-reset-surface.test-d.ts (5 tests)
 ✓  TS  packages/namespace-registry/test/registry-phase5-identity-surface.test-d.ts (5 tests)
 ✓  TS  packages/namespace-registry/test/registry-phase5-replication-session-surface.test-d.ts (5 tests)
 ✓  TS  packages/namespace-registry/test/registry-phase5-replication-surface.test-d.ts (6 tests)
 ✓  TS  packages/namespace-registry/test/registry-readdata-budget-passthrough.test-d.ts (2 tests)
 ✓  TS  packages/namespace-registry/test/registry-readdata-projection-text.test-d.ts (1 test)
 ✓  TS  packages/namespace-registry/test/registry-readdata-schema-red.test-d.ts (1 test)
 ✓  TS  packages/namespace-runtime/test/issue-383-window-where-type-guard.test-d.ts (3 tests)
 ✓  TS  packages/namespace-runtime/test/runtime-close-lifecycle-type-guard.test-d.ts (3 tests)
 ✓  TS  packages/namespace-runtime/test/runtime-data-interface.test-d.ts (4 tests)
 ✓  TS  packages/namespace-runtime/test/runtime-mutate-data-type-guard.test-d.ts (4 tests)
 ✓  TS  packages/namespace-runtime/test/runtime-readdata-projection-text.test-d.ts (2 tests)
 ✓  TS  packages/namespace-runtime/test/runtime-readdata-schema-red.test-d.ts (2 tests)
 ✓  TS  packages/namespace-runtime/test/runtime-readdata-shape-budget.test-d.ts (2 tests)
 ✓  TS  packages/namespace-runtime/test/runtime-registry-internal-type-guard.test-d.ts (3 tests)
 ✓  TS  packages/namespace-runtime/test/runtime-replace-schema-type-guard.test-d.ts (1 test)
 ✓  TS  packages/persistence/test/persistence-issue-412-drain-surface.test-d.ts (5 tests)
 ✓  TS  packages/persistence/test/persistence-phase5-archive-surface.test-d.ts (5 tests)
 ✓  TS  packages/vfsl-codegen/test/generate-discriminated-narrow.test-d.ts (6 tests)
 ✓  TS  packages/vfsl-codegen/test/generate-number-literals.test-d.ts (4 tests)
 ✓  TS  packages/vfsl/test/render-projection-text.test-d.ts (5 tests)
 ✓  TS  packages/vfsl/test/resolve-schema-at-path-budget.test-d.ts (8 tests)
 ✓  TS  packages/vfsl/test/resolve-schema-at-path.test-d.ts (3 tests)
 ✓  TS  packages/vfsl-protocol/test/vfsl-protocol-budget-access.test-d.ts (20 tests)
 ✓  TS  packages/vfsl-protocol/test/vfsl-protocol-deep-optional.test-d.ts (19 tests)
 ✓  TS  packages/vfsl-protocol/test/vfsl-protocol-empty-fail-closed.test-d.ts (3 tests)
 ✓  TS  packages/vfsl-protocol/test/vfsl-protocol-projection.test-d.ts (16 tests)
 ✓  TS  packages/ws-replication/test/ws-replication-api.test-d.ts (17 tests)
 ✓  TS  packages/ws-replication/test/ws-replication-issue299-api.test-d.ts (2 tests)
 ✓  TS  packages/ws-replication/test/ws-replication-issue420-session-host-api.test-d.ts (0 test)
 ✓  TS  packages/ws-replication/test/ws-replication-issue421-edge-factory-api.test-d.ts (8 tests)
 ✓  TS  packages/replication-protocol/test/codec-api.test-d.ts (8 tests)

 Test Files  49 passed (49)
      Tests  270 passed (270)
Type Errors  no errors
   Start at  07:11:04
   Duration  2.25s (transform 0ms, setup 0ms, collect 0ms, tests 0ms, environment 0ms, prepare 0ms, typecheck 2.07s)
