# CI rerun after repair (PR #429) — captured 2026-09-21T23:11:18Z UTC
{"conclusion":"success","createdAt":"2026-09-21T23:05:53Z","databaseId":35665953800,"event":"pull_request","headBranch":"mabf/issue-420","headSha":"5a4049d87bb3d244abed910e1bd372949501515c","status":"completed","updatedAt":"2026-09-21T23:08:37Z","url":"https://github.com/nomicore-ai/nomicore/actions/runs/35665953800"}


✓ mabf/issue-420 CI nomicore-ai/nomicore#429 · 35665953800
Triggered via pull_request about 5 minutes ago

JOBS
✓ packaging in 2m39s (ID 106551630515)
✓ codegen-freshness in 20s (ID 106551630647)
✓ contract-gates in 21s (ID 106551630767)
✓ typecheck in 1m10s (ID 106551630776)
✓ test (20, 1) in 1m28s (ID 106551630881)
✓ test (24, 6) in 1m6s (ID 106551631130)
✓ test (20, 2) in 1m55s (ID 106551631132)
✓ test (20, 4) in 2m6s (ID 106551631139)
✓ test (24, 1) in 1m19s (ID 106551631148)
✓ test (24, 5) in 1m47s (ID 106551631150)
✓ test (20, 6) in 52s (ID 106551631167)
✓ test (20, 5) in 1m53s (ID 106551631175)
✓ test (24, 4) in 2m8s (ID 106551631193)
✓ test (20, 3) in 1m44s (ID 106551631205)
✓ test (24, 2) in 1m46s (ID 106551631211)
✓ test (24, 3) in 1m12s (ID 106551631222)

ANNOTATIONS
! Node.js 20 is deprecated. The following actions target Node.js 20 but are being forced to run on Node.js 24: pnpm/action-setup@v4. For more information see: https://github.blog/changelog/2025-09-19-deprecation-of-node-20-on-github-actions-runners/
packaging: .github#2

- "The ubuntu-latest label will migrate to Ubuntu 26 beginning October 19, 2026. For more information, see https://github.com/actions/runner-images/issues/14748"
packaging: .github#1

! Node.js 20 is deprecated. The following actions target Node.js 20 but are being forced to run on Node.js 24: pnpm/action-setup@v4. For more information see: https://github.blog/changelog/2025-09-19-deprecation-of-node-20-on-github-actions-runners/
codegen-freshness: .github#2

- "The ubuntu-latest label will migrate to Ubuntu 26 beginning October 19, 2026. For more information, see https://github.com/actions/runner-images/issues/14748"
codegen-freshness: .github#1

! Node.js 20 is deprecated. The following actions target Node.js 20 but are being forced to run on Node.js 24: pnpm/action-setup@v4. For more information see: https://github.blog/changelog/2025-09-19-deprecation-of-node-20-on-github-actions-runners/
contract-gates: .github#2

- "The ubuntu-latest label will migrate to Ubuntu 26 beginning October 19, 2026. For more information, see https://github.com/actions/runner-images/issues/14748"
contract-gates: .github#1

! Node.js 20 is deprecated. The following actions target Node.js 20 but are being forced to run on Node.js 24: pnpm/action-setup@v4. For more information see: https://github.blog/changelog/2025-09-19-deprecation-of-node-20-on-github-actions-runners/
typecheck: .github#2

- "The ubuntu-latest label will migrate to Ubuntu 26 beginning October 19, 2026. For more information, see https://github.com/actions/runner-images/issues/14748"
typecheck: .github#1

! Node.js 20 is deprecated. The following actions target Node.js 20 but are being forced to run on Node.js 24: pnpm/action-setup@v4. For more information see: https://github.blog/changelog/2025-09-19-deprecation-of-node-20-on-github-actions-runners/
test (20, 1): .github#2

- "The ubuntu-latest label will migrate to Ubuntu 26 beginning October 19, 2026. For more information, see https://github.com/actions/runner-images/issues/14748"
test (20, 1): .github#1

! Node.js 20 is deprecated. The following actions target Node.js 20 but are being forced to run on Node.js 24: pnpm/action-setup@v4. For more information see: https://github.blog/changelog/2025-09-19-deprecation-of-node-20-on-github-actions-runners/
test (24, 6): .github#2

- "The ubuntu-latest label will migrate to Ubuntu 26 beginning October 19, 2026. For more information, see https://github.com/actions/runner-images/issues/14748"
test (24, 6): .github#1

! Node.js 20 is deprecated. The following actions target Node.js 20 but are being forced to run on Node.js 24: pnpm/action-setup@v4. For more information see: https://github.blog/changelog/2025-09-19-deprecation-of-node-20-on-github-actions-runners/
test (20, 2): .github#2

- "The ubuntu-latest label will migrate to Ubuntu 26 beginning October 19, 2026. For more information, see https://github.com/actions/runner-images/issues/14748"
test (20, 2): .github#1

! Node.js 20 is deprecated. The following actions target Node.js 20 but are being forced to run on Node.js 24: pnpm/action-setup@v4. For more information see: https://github.blog/changelog/2025-09-19-deprecation-of-node-20-on-github-actions-runners/
test (20, 4): .github#2

- "The ubuntu-latest label will migrate to Ubuntu 26 beginning October 19, 2026. For more information, see https://github.com/actions/runner-images/issues/14748"
test (20, 4): .github#1

! Node.js 20 is deprecated. The following actions target Node.js 20 but are being forced to run on Node.js 24: pnpm/action-setup@v4. For more information see: https://github.blog/changelog/2025-09-19-deprecation-of-node-20-on-github-actions-runners/
test (24, 1): .github#2

- "The ubuntu-latest label will migrate to Ubuntu 26 beginning October 19, 2026. For more information, see https://github.com/actions/runner-images/issues/14748"
test (24, 1): .github#1

! Node.js 20 is deprecated. The following actions target Node.js 20 but are being forced to run on Node.js 24: pnpm/action-setup@v4. For more information see: https://github.blog/changelog/2025-09-19-deprecation-of-node-20-on-github-actions-runners/
test (24, 5): .github#2

- "The ubuntu-latest label will migrate to Ubuntu 26 beginning October 19, 2026. For more information, see https://github.com/actions/runner-images/issues/14748"
test (24, 5): .github#1

! Node.js 20 is deprecated. The following actions target Node.js 20 but are being forced to run on Node.js 24: pnpm/action-setup@v4. For more information see: https://github.blog/changelog/2025-09-19-deprecation-of-node-20-on-github-actions-runners/
test (20, 6): .github#2

- "The ubuntu-latest label will migrate to Ubuntu 26 beginning October 19, 2026. For more information, see https://github.com/actions/runner-images/issues/14748"
test (20, 6): .github#1

! Node.js 20 is deprecated. The following actions target Node.js 20 but are being forced to run on Node.js 24: pnpm/action-setup@v4. For more information see: https://github.blog/changelog/2025-09-19-deprecation-of-node-20-on-github-actions-runners/
test (20, 5): .github#2

- "The ubuntu-latest label will migrate to Ubuntu 26 beginning October 19, 2026. For more information, see https://github.com/actions/runner-images/issues/14748"
test (20, 5): .github#1

! Node.js 20 is deprecated. The following actions target Node.js 20 but are being forced to run on Node.js 24: pnpm/action-setup@v4. For more information see: https://github.blog/changelog/2025-09-19-deprecation-of-node-20-on-github-actions-runners/
test (24, 4): .github#2

- "The ubuntu-latest label will migrate to Ubuntu 26 beginning October 19, 2026. For more information, see https://github.com/actions/runner-images/issues/14748"
test (24, 4): .github#1

! Node.js 20 is deprecated. The following actions target Node.js 20 but are being forced to run on Node.js 24: pnpm/action-setup@v4. For more information see: https://github.blog/changelog/2025-09-19-deprecation-of-node-20-on-github-actions-runners/
test (20, 3): .github#2

- "The ubuntu-latest label will migrate to Ubuntu 26 beginning October 19, 2026. For more information, see https://github.com/actions/runner-images/issues/14748"
test (20, 3): .github#1

! Node.js 20 is deprecated. The following actions target Node.js 20 but are being forced to run on Node.js 24: pnpm/action-setup@v4. For more information see: https://github.blog/changelog/2025-09-19-deprecation-of-node-20-on-github-actions-runners/
test (24, 2): .github#2

- "The ubuntu-latest label will migrate to Ubuntu 26 beginning October 19, 2026. For more information, see https://github.com/actions/runner-images/issues/14748"
test (24, 2): .github#1

! Node.js 20 is deprecated. The following actions target Node.js 20 but are being forced to run on Node.js 24: pnpm/action-setup@v4. For more information see: https://github.blog/changelog/2025-09-19-deprecation-of-node-20-on-github-actions-runners/
test (24, 3): .github#2

- "The ubuntu-latest label will migrate to Ubuntu 26 beginning October 19, 2026. For more information, see https://github.com/actions/runner-images/issues/14748"
test (24, 3): .github#1


For more information about a job, try: gh run view --job=<job-id>
View this run on GitHub: https://github.com/nomicore-ai/nomicore/actions/runs/35665953800
EXIT=0
